<!doctype html public "-//w3c//dtd html 4.0 transitional//en">
<html><head>
<title>Static Call Graph - [.\obj\BLE.axf]</title></head>
<body><HR>
<H1>Static Call Graph for image .\obj\BLE.axf</H1><HR>
<BR><P>#&#060CALLGRAPH&#062# ARM Linker, 5060300: Last Updated: Thu Aug 22 16:51:10 2019
<BR><P>
<H3>Maximum Stack Usage =        540 bytes + Unknown(Cycles, Untraceable Function Pointers)</H3><H3>
Call chain for Maximum Stack Depth:</H3>
GAPRole_PeripheralProcessEvent &rArr; gapRole_PeripheralProcessTMOSMsg &rArr; gapRole_PeripheralProcessGAPMsg &rArr; GAPBondMgr_LinkEst &rArr; GATTServApp_SendServiceChangedInd &rArr; GATT_ServiceChangedInd &rArr; GATT_Indication &rArr; ATT_HandleValueInd &rArr; attSendMsg &rArr; SM_GenerateAuthenSig &rArr; sm_CMAC &rArr; generate_subkey &rArr; LL_Encrypt &rArr; ll_hw_api_enc &rArr; AES_DevAESEnc
<P>
<H3>
Mutually Recursive functions
</H3> <LI><a href="#[40]">NMI_Handler</a>&nbsp;&nbsp;&nbsp;&rArr;&nbsp;&nbsp;&nbsp;<a href="#[40]">NMI_Handler</a><BR>
 <LI><a href="#[42]">SVC_Handler</a>&nbsp;&nbsp;&nbsp;&rArr;&nbsp;&nbsp;&nbsp;<a href="#[42]">SVC_Handler</a><BR>
 <LI><a href="#[43]">PendSV_Handler</a>&nbsp;&nbsp;&nbsp;&rArr;&nbsp;&nbsp;&nbsp;<a href="#[43]">PendSV_Handler</a><BR>
 <LI><a href="#[44]">SysTick_Handler</a>&nbsp;&nbsp;&nbsp;&rArr;&nbsp;&nbsp;&nbsp;<a href="#[44]">SysTick_Handler</a><BR>
 <LI><a href="#[52]">ADC_IRQHandler</a>&nbsp;&nbsp;&nbsp;&rArr;&nbsp;&nbsp;&nbsp;<a href="#[52]">ADC_IRQHandler</a><BR>
</UL>
<P>
<H3>
Function Pointers
</H3><UL>
 <LI><a href="#[52]">ADC_IRQHandler</a> from startup_armcm0.o(.text) referenced from startup_armcm0.o(RESET)
 <LI><a href="#[61]">ATT_BuildErrorRsp</a> from att.o(i.ATT_BuildErrorRsp) referenced from att.o(i.ATT_ErrorRsp)
 <LI><a href="#[62]">ATT_BuildExchangeMTURsp</a> from att_server.o(i.ATT_BuildExchangeMTURsp) referenced from att_server.o(i.ATT_ExchangeMTURsp)
 <LI><a href="#[63]">ATT_BuildFindByTypeValueRsp</a> from att_server.o(i.ATT_BuildFindByTypeValueRsp) referenced from att_server.o(i.ATT_FindByTypeValueRsp)
 <LI><a href="#[64]">ATT_BuildFindInfoRsp</a> from att_server.o(i.ATT_BuildFindInfoRsp) referenced from att_server.o(i.ATT_FindInfoRsp)
 <LI><a href="#[65]">ATT_BuildHandleValueInd</a> from att_server.o(i.ATT_BuildHandleValueInd) referenced from att_server.o(i.ATT_HandleValueInd)
 <LI><a href="#[65]">ATT_BuildHandleValueInd</a> from att_server.o(i.ATT_BuildHandleValueInd) referenced from att_server.o(i.ATT_HandleValueNoti)
 <LI><a href="#[66]">ATT_BuildPrepareWriteRsp</a> from att_server.o(i.ATT_BuildPrepareWriteRsp) referenced from att_server.o(i.ATT_PrepareWriteRsp)
 <LI><a href="#[67]">ATT_BuildReadBlobRsp</a> from att_server.o(i.ATT_BuildReadBlobRsp) referenced from att_server.o(i.ATT_ReadBlobRsp)
 <LI><a href="#[68]">ATT_BuildReadByGrpTypeRsp</a> from att_server.o(i.ATT_BuildReadByGrpTypeRsp) referenced from att_server.o(i.ATT_ReadByGrpTypeRsp)
 <LI><a href="#[69]">ATT_BuildReadByTypeRsp</a> from att_server.o(i.ATT_BuildReadByTypeRsp) referenced from att_server.o(i.ATT_ReadByTypeRsp)
 <LI><a href="#[6a]">ATT_BuildReadMultiRsp</a> from att_server.o(i.ATT_BuildReadMultiRsp) referenced from att_server.o(i.ATT_ReadMultiRsp)
 <LI><a href="#[6b]">ATT_BuildReadRsp</a> from att_server.o(i.ATT_BuildReadRsp) referenced from att_server.o(i.ATT_ReadRsp)
 <LI><a href="#[18]">ATT_ParseExchangeMTUReq</a> from att_server.o(i.ATT_ParseExchangeMTUReq) referenced 2 times from gattservapp.o(.data)
 <LI><a href="#[2a]">ATT_ParseExecuteWriteReq</a> from att_server.o(i.ATT_ParseExecuteWriteReq) referenced 2 times from gattservapp.o(.data)
 <LI><a href="#[1c]">ATT_ParseFindByTypeValueReq</a> from att_server.o(i.ATT_ParseFindByTypeValueReq) referenced 2 times from gattservapp.o(.data)
 <LI><a href="#[1a]">ATT_ParseFindInfoReq</a> from att_server.o(i.ATT_ParseFindInfoReq) referenced 2 times from gattservapp.o(.data)
 <LI><a href="#[28]">ATT_ParsePrepareWriteReq</a> from att_server.o(i.ATT_ParsePrepareWriteReq) referenced 2 times from gattservapp.o(.data)
 <LI><a href="#[22]">ATT_ParseReadBlobReq</a> from att_server.o(i.ATT_ParseReadBlobReq) referenced 2 times from gattservapp.o(.data)
 <LI><a href="#[1e]">ATT_ParseReadByTypeReq</a> from att_server.o(i.ATT_ParseReadByTypeReq) referenced 4 times from gattservapp.o(.data)
 <LI><a href="#[23]">ATT_ParseReadMultiReq</a> from att_server.o(i.ATT_ParseReadMultiReq) referenced 2 times from gattservapp.o(.data)
 <LI><a href="#[20]">ATT_ParseReadReq</a> from att_server.o(i.ATT_ParseReadReq) referenced 2 times from gattservapp.o(.data)
 <LI><a href="#[26]">ATT_ParseWriteReq</a> from att_server.o(i.ATT_ParseWriteReq) referenced 2 times from gattservapp.o(.data)
 <LI><a href="#[49]">BB_IRQHandler</a> from bb.o(i.BB_IRQHandler) referenced from startup_armcm0.o(RESET)
 <LI><a href="#[4c]">ETH_IRQHandler</a> from startup_armcm0.o(.text) referenced from startup_armcm0.o(RESET)
 <LI><a href="#[9]">GAPBondMgr_ProcessEvent</a> from gapbondmgr.o(i.GAPBondMgr_ProcessEvent) referenced 2 times from hidkbd_main.o(.data)
 <LI><a href="#[b]">GAPRole_PeripheralProcessEvent</a> from peripheral.o(i.GAPRole_PeripheralProcessEvent) referenced 2 times from hidkbd_main.o(.data)
 <LI><a href="#[6]">GAP_ProcessEvent</a> from gap.o(i.GAP_ProcessEvent) referenced 2 times from hidkbd_main.o(.data)
 <LI><a href="#[a]">GATTServApp_ProcessEvent</a> from gattservapp.o(i.GATTServApp_ProcessEvent) referenced 2 times from hidkbd_main.o(.data)
 <LI><a href="#[7]">GATT_ProcessEvent</a> from gatt.o(i.GATT_ProcessEvent) referenced 2 times from hidkbd_main.o(.data)
 <LI><a href="#[46]">GPIO_IRQHandler</a> from startup_armcm0.o(.text) referenced from startup_armcm0.o(RESET)
 <LI><a href="#[3]">HAL_ProcessEvent</a> from mcu.o(.text) referenced 2 times from hidkbd_main.o(.data)
 <LI><a href="#[60]">HSE_Calibration_LSI</a> from ch57x_clk.o(.text) referenced from rtc.o(.text)
 <LI><a href="#[41]">HardFault_Handler</a> from startup_armcm0.o(.text) referenced from startup_armcm0.o(RESET)
 <LI><a href="#[c]">HidDev_ProcessEvent</a> from hiddev.o(.text) referenced 2 times from hidkbd_main.o(.data)
 <LI><a href="#[12]">HidDev_ReadAttrCB</a> from hiddev.o(.text) referenced 2 times from hidkbdservice.o(.data)
 <LI><a href="#[13]">HidDev_WriteAttrCB</a> from hiddev.o(.text) referenced 2 times from hidkbdservice.o(.data)
 <LI><a href="#[d]">HidEmu_ProcessEvent</a> from hidkbd.o(.text) referenced 2 times from hidkbd_main.o(.data)
 <LI><a href="#[5]">L2CAP_ProcessEvent</a> from l2cap.o(i.L2CAP_ProcessEvent) referenced 2 times from hidkbd_main.o(.data)
 <LI><a href="#[54]">LED_IRQHandler</a> from startup_armcm0.o(.text) referenced from startup_armcm0.o(RESET)
 <LI><a href="#[4a]">LLE_IRQHandler</a> from lle.o(i.LLE_IRQHandler) referenced from startup_armcm0.o(RESET)
 <LI><a href="#[4]">LL_ProcessEvent</a> from ll.o(i.LL_ProcessEvent) referenced 2 times from hidkbd_main.o(.data)
 <LI><a href="#[40]">NMI_Handler</a> from startup_armcm0.o(.text) referenced from startup_armcm0.o(RESET)
 <LI><a href="#[43]">PendSV_Handler</a> from startup_armcm0.o(.text) referenced from startup_armcm0.o(RESET)
 <LI><a href="#[79]">RTC_GetTickCount</a> from ll_hw_api.o(i.RTC_GetTickCount) referenced from ll_hw_api.o(i.TMOS_TimerInit)
 <LI><a href="#[51]">RTC_IRQHandler</a> from rtc.o(.text) referenced from startup_armcm0.o(RESET)
 <LI><a href="#[3f]">Reset_Handler</a> from startup_armcm0.o(.text) referenced from startup_armcm0.o(RESET)
 <LI><a href="#[47]">SLAVE_IRQHandler</a> from startup_armcm0.o(.text) referenced from startup_armcm0.o(RESET)
 <LI><a href="#[8]">SM_ProcessEvent</a> from sm.o(i.SM_ProcessEvent) referenced 2 times from hidkbd_main.o(.data)
 <LI><a href="#[2f]">SM_StartEncryption</a> from sm.o(i.SM_StartEncryption) referenced 2 times from sm.o(.data)
 <LI><a href="#[48]">SPI0_IRQHandler</a> from startup_armcm0.o(.text) referenced from startup_armcm0.o(RESET)
 <LI><a href="#[53]">SPI1_IRQHandler</a> from startup_armcm0.o(.text) referenced from startup_armcm0.o(RESET)
 <LI><a href="#[42]">SVC_Handler</a> from startup_armcm0.o(.text) referenced from startup_armcm0.o(RESET)
 <LI><a href="#[5f]">SYS_GetSysTickCnt</a> from ch57x_sys.o(.text) referenced from mcu.o(.text)
 <LI><a href="#[44]">SysTick_Handler</a> from startup_armcm0.o(.text) referenced from startup_armcm0.o(RESET)
 <LI><a href="#[5d]">SystemInit</a> from ch57x_clk.o(.text) referenced from startup_armcm0.o(.text)
 <LI><a href="#[2]">TMOS_CbTimerProcessEvent</a> from tmos.o(i.TMOS_CbTimerProcessEvent) referenced 2 times from hidkbd_main.o(.data)
 <LI><a href="#[45]">TMR0_IRQHandler</a> from startup_armcm0.o(.text) referenced from startup_armcm0.o(RESET)
 <LI><a href="#[4d]">TMR1_IRQHandler</a> from startup_armcm0.o(.text) referenced from startup_armcm0.o(RESET)
 <LI><a href="#[4e]">TMR2_IRQHandler</a> from startup_armcm0.o(.text) referenced from startup_armcm0.o(RESET)
 <LI><a href="#[55]">TMR3_IRQHandler</a> from startup_armcm0.o(.text) referenced from startup_armcm0.o(RESET)
 <LI><a href="#[4f]">UART0_IRQHandler</a> from startup_armcm0.o(.text) referenced from startup_armcm0.o(RESET)
 <LI><a href="#[50]">UART1_IRQHandler</a> from startup_armcm0.o(.text) referenced from startup_armcm0.o(RESET)
 <LI><a href="#[56]">UART2_IRQHandler</a> from startup_armcm0.o(.text) referenced from startup_armcm0.o(RESET)
 <LI><a href="#[57]">UART3_IRQHandler</a> from startup_armcm0.o(.text) referenced from startup_armcm0.o(RESET)
 <LI><a href="#[4b]">USB_IRQHandler</a> from startup_armcm0.o(.text) referenced from startup_armcm0.o(RESET)
 <LI><a href="#[58]">WDT_IRQHandler</a> from startup_armcm0.o(.text) referenced from startup_armcm0.o(RESET)
 <LI><a href="#[5e]">__main</a> from entry.o(.ARM.Collect$$$$00000000) referenced from startup_armcm0.o(.text)
 <LI><a href="#[5a]">battNotifyCB</a> from battservice.o(.text) referenced from battservice.o(.text)
 <LI><a href="#[e]">battReadAttrCB</a> from battservice.o(.text) referenced 2 times from battservice.o(.data)
 <LI><a href="#[f]">battWriteAttrCB</a> from battservice.o(.text) referenced 2 times from battservice.o(.data)
 <LI><a href="#[10]">devInfo_ReadAttrCB</a> from devinfoservice.o(.text) referenced 2 times from devinfoservice.o(.data)
 <LI><a href="#[7a]">fputc</a> from ch57x_sys.o(.text) referenced from printf2.o(i.__0printf$2)
 <LI><a href="#[6c]">gapBondMgrSendServiceChange</a> from gapbondmgr.o(i.gapBondMgrSendServiceChange) referenced from gapbondmgr.o(i.GAPBondMgr_ServiceChangeInd)
 <LI><a href="#[35]">gapCancelLinkReq</a> from gap_central.o(i.gapCancelLinkReq) referenced 2 times from gap_central.o(.data)
 <LI><a href="#[36]">gapCentProcessConnEvt</a> from gap_central.o(i.gapCentProcessConnEvt) referenced 2 times from gap_central.o(.data)
 <LI><a href="#[33]">gapCentProcessHCICmdEvt</a> from gap_central.o(i.gapCentProcessHCICmdEvt) referenced 2 times from gap_central.o(.data)
 <LI><a href="#[37]">gapPeriProcessConnEvt</a> from gap_peripheral.o(i.gapPeriProcessConnEvt) referenced 2 times from gap_peripheral.o(.data)
 <LI><a href="#[38]">gapPeriProcessHCICmdCompleteEvt</a> from gap_peripheral.o(i.gapPeriProcessHCICmdCompleteEvt) referenced 2 times from gap_peripheral.o(.data)
 <LI><a href="#[39]">gapProcessAdvertisingEvt</a> from gap_peripheral.o(i.gapProcessAdvertisingEvt) referenced 2 times from gap_peripheral.o(.data)
 <LI><a href="#[34]">gapProcessScanningEvt</a> from gap_central.o(i.gapProcessScanningEvt) referenced 2 times from gap_central.o(.data)
 <LI><a href="#[3a]">gapSetAdvParams</a> from gap_peripheral.o(i.gapSetAdvParams) referenced 2 times from gap_peripheral.o(.data)
 <LI><a href="#[19]">gattProcessExchangeMTUReq</a> from gattservapp.o(i.gattProcessExchangeMTUReq) referenced 2 times from gattservapp.o(.data)
 <LI><a href="#[2b]">gattProcessExecuteWriteReq</a> from gattservapp.o(i.gattProcessExecuteWriteReq) referenced 2 times from gattservapp.o(.data)
 <LI><a href="#[1d]">gattProcessFindByTypeValueReq</a> from gattservapp.o(i.gattProcessFindByTypeValueReq) referenced 2 times from gattservapp.o(.data)
 <LI><a href="#[1b]">gattProcessFindInfoReq</a> from gattservapp.o(i.gattProcessFindInfoReq) referenced 2 times from gattservapp.o(.data)
 <LI><a href="#[29]">gattProcessPrepareWriteReq</a> from gattservapp.o(i.gattProcessPrepareWriteReq) referenced 2 times from gattservapp.o(.data)
 <LI><a href="#[25]">gattProcessReadByGrpTypeReq</a> from gattservapp.o(i.gattProcessReadByGrpTypeReq) referenced 2 times from gattservapp.o(.data)
 <LI><a href="#[1f]">gattProcessReadByTypeReq</a> from gattservapp.o(i.gattProcessReadByTypeReq) referenced 2 times from gattservapp.o(.data)
 <LI><a href="#[24]">gattProcessReadMultiReq</a> from gattservapp.o(i.gattProcessReadMultiReq) referenced 2 times from gattservapp.o(.data)
 <LI><a href="#[21]">gattProcessReadReq</a> from gattservapp.o(i.gattProcessReadReq) referenced 4 times from gattservapp.o(.data)
 <LI><a href="#[27]">gattProcessWriteReq</a> from gattservapp.o(i.gattProcessWriteReq) referenced 2 times from gattservapp.o(.data)
 <LI><a href="#[6e]">gattServApp_HandleConnStatusCB</a> from gattservapp.o(i.gattServApp_HandleConnStatusCB) referenced from gattservapp.o(i.GATTServApp_Init)
 <LI><a href="#[2c]">gattServApp_WriteAttrCB</a> from gattservapp.o(i.gattServApp_WriteAttrCB) referenced 2 times from gattservapp.o(.data)
 <LI><a href="#[72]">gattServerHandleConnStatusCB</a> from gattservapp.o(i.gattServerHandleConnStatusCB) referenced from gattservapp.o(i.GATT_InitServer)
 <LI><a href="#[6f]">gattServerHandleTimerCB</a> from gattservapp.o(i.gattServerHandleTimerCB) referenced from gattservapp.o(i.GATT_Indication)
 <LI><a href="#[71]">gattServerNotifyTxCB</a> from gattservapp.o(i.gattServerNotifyTxCB) referenced from gattservapp.o(i.GATT_InitServer)
 <LI><a href="#[70]">gattServerProcessMsgCB</a> from gattservapp.o(i.gattServerProcessMsgCB) referenced from gattservapp.o(i.GATT_InitServer)
 <LI><a href="#[16]">ggs_ReadAttrCB</a> from gapgattserver.o(i.ggs_ReadAttrCB) referenced 2 times from gapgattserver.o(.data)
 <LI><a href="#[17]">ggs_WriteAttrCB</a> from gapgattserver.o(i.ggs_WriteAttrCB) referenced 2 times from gapgattserver.o(.data)
 <LI><a href="#[5b]">hidDevBattCB</a> from hiddev.o(.text) referenced from hiddev.o(.text)
 <LI><a href="#[11]">hidDevGapStateCB</a> from hiddev.o(.text) referenced 2 times from hiddev.o(.data)
 <LI><a href="#[8c]">hidDevPairStateCB</a> from hiddev.o(.text) referenced from hiddev.o(.constdata)
 <LI><a href="#[8b]">hidDevPasscodeCB</a> from hiddev.o(.text) referenced from hiddev.o(.constdata)
 <LI><a href="#[5c]">hidDevScanParamCB</a> from hiddev.o(.text) referenced from hiddev.o(.text)
 <LI><a href="#[1]">hidEmuEvtCB</a> from hidkbd.o(.text) referenced 2 times from hidkbd.o(.data)
 <LI><a href="#[0]">hidEmuRptCB</a> from hidkbd.o(.text) referenced 2 times from hidkbd.o(.data)
 <LI><a href="#[73]">l2capBuildCmdReject</a> from l2cap_sdu.o(i.l2capBuildCmdReject) referenced from l2cap_sdu.o(i.L2CAP_CmdReject)
 <LI><a href="#[7c]">l2capBuildConnectRsp</a> from l2cap_sdu.o(i.l2capBuildConnectRsp) referenced from l2cap_sdu.o(i.l2capSendConnectRsp)
 <LI><a href="#[76]">l2capBuildDisconnectReq</a> from l2cap_sdu.o(i.l2capBuildDisconnectReq) referenced from l2cap_sdu.o(i.L2CAP_DisconnectReq)
 <LI><a href="#[7b]">l2capBuildDisconnectRsp</a> from l2cap_sdu.o(i.l2capBuildDisconnectRsp) referenced from l2cap_input.o(i.l2capProcessReq)
 <LI><a href="#[74]">l2capBuildParamUpdateReq</a> from l2cap_sdu.o(i.l2capBuildParamUpdateReq) referenced from l2cap_sdu.o(i.L2CAP_ConnParamUpdateReq)
 <LI><a href="#[75]">l2capBuildParamUpdateRsp</a> from l2cap_sdu.o(i.l2capBuildParamUpdateRsp) referenced from l2cap_sdu.o(i.L2CAP_ConnParamUpdateRsp)
 <LI><a href="#[77]">l2capHandleConnStatusCB</a> from l2cap.o(i.l2capHandleConnStatusCB) referenced from l2cap.o(i.L2CAP_Init)
 <LI><a href="#[7d]">l2capHandleTimerCB</a> from l2cap.o(i.l2capHandleTimerCB) referenced from l2cap.o(i.l2capStartTimer)
 <LI><a href="#[7e]">ll_connect_auth_timeout</a> from ll_connect.o(i.ll_connect_auth_timeout) referenced from ll_connect.o(i.ll_connect_set_auth_timeout)
 <LI><a href="#[80]">ll_connect_procedure_timeout</a> from ll_connect.o(i.ll_connect_procedure_timeout) referenced from ll_connect.o(i.ll_connect_set_procedure_timeout)
 <LI><a href="#[7f]">ll_connect_supervision_timeout</a> from ll_connect.o(i.ll_connect_supervision_timeout) referenced from ll_connect.o(i.ll_connect_set_connect_timeout)
 <LI><a href="#[3e]">ll_master_rf_event_start</a> from ll_master.o(i.ll_master_rf_event_start) referenced 2 times from ll_master.o(.data)
 <LI><a href="#[3d]">ll_master_to_next_rf_event</a> from ll_master.o(i.ll_master_to_next_rf_event) referenced 2 times from ll_master.o(.data)
 <LI><a href="#[3c]">ll_slave_rf_event_start</a> from ll_slave.o(i.ll_slave_rf_event_start) referenced 2 times from ll_slave.o(.data)
 <LI><a href="#[3b]">ll_slave_to_next_rf_event</a> from ll_slave.o(i.ll_slave_to_next_rf_event) referenced 2 times from ll_slave.o(.data)
 <LI><a href="#[59]">main</a> from hidkbd_main.o(.text) referenced from entry9a.o(.ARM.Collect$$$$0000000B)
 <LI><a href="#[14]">scanParamReadAttrCB</a> from scanparamservice.o(.text) referenced 2 times from scanparamservice.o(.data)
 <LI><a href="#[15]">scanParamWriteAttrCB</a> from scanparamservice.o(.text) referenced 2 times from scanparamservice.o(.data)
 <LI><a href="#[2e]">smInitiatorSendNextKeyInfo</a> from sm.o(i.smInitiatorSendNextKeyInfo) referenced 2 times from sm.o(.data)
 <LI><a href="#[78]">smLinkCheck</a> from sm.o(i.smLinkCheck) referenced from sm.o(i.SM_Init)
 <LI><a href="#[32]">smResponderProcessLTKReq</a> from sm.o(i.smResponderProcessLTKReq) referenced 2 times from sm.o(.data)
 <LI><a href="#[31]">smResponderSendNextKeyInfo</a> from sm.o(i.smResponderSendNextKeyInfo) referenced 2 times from sm.o(.data)
 <LI><a href="#[85]">smpBuildEncInfo</a> from sm.o(i.smpBuildEncInfo) referenced from sm.o(i.smPairingSendEncInfo)
 <LI><a href="#[86]">smpBuildIdentityAddrInfo</a> from sm.o(i.smpBuildIdentityAddrInfo) referenced from sm.o(i.smPairingSendIdentityAddrInfo)
 <LI><a href="#[87]">smpBuildIdentityInfo</a> from sm.o(i.smpBuildIdentityInfo) referenced from sm.o(i.smPairingSendIdentityInfo)
 <LI><a href="#[88]">smpBuildMasterID</a> from sm.o(i.smpBuildMasterID) referenced from sm.o(i.smPairingSendMasterID)
 <LI><a href="#[81]">smpBuildPairingConfirm</a> from sm.o(i.smpBuildPairingConfirm) referenced from sm.o(i.smGenerateConfirm)
 <LI><a href="#[8a]">smpBuildPairingFailed</a> from sm.o(i.smpBuildPairingFailed) referenced from sm.o(i.smSendFailAndEnd)
 <LI><a href="#[84]">smpBuildPairingRandom</a> from sm.o(i.smpBuildPairingRandom) referenced from sm.o(i.smGenerateRandMsg)
 <LI><a href="#[82]">smpBuildPairingReq</a> from sm.o(i.smpBuildPairingReq) referenced from sm.o(i.smGeneratePairingReqRsp)
 <LI><a href="#[83]">smpBuildPairingRsp</a> from sm.o(i.smpBuildPairingRsp) referenced from sm.o(i.smGeneratePairingReqRsp)
 <LI><a href="#[6d]">smpBuildSecurityReq</a> from sm.o(i.smpBuildSecurityReq) referenced from gap.o(i.GAP_SendSlaveSecurityRequest)
 <LI><a href="#[89]">smpBuildSigningInfo</a> from sm.o(i.smpBuildSigningInfo) referenced from sm.o(i.smPairingSendSingingInfo)
 <LI><a href="#[2d]">smpInitiatorProcessIncoming</a> from sm.o(i.smpInitiatorProcessIncoming) referenced 2 times from sm.o(.data)
 <LI><a href="#[30]">smpResponderProcessIncoming</a> from sm.o(i.smpResponderProcessIncoming) referenced 2 times from sm.o(.data)
</UL>
<P>
<H3>
Global Symbols
</H3>
<P><STRONG><a name="[5e]"></a>__main</STRONG> (Thumb, 0 bytes, Stack size unknown bytes, entry.o(.ARM.Collect$$$$00000000))
<BR>[Address Reference Count : 1]<UL><LI> startup_armcm0.o(.text)
</UL>
<P><STRONG><a name="[367]"></a>_main_stk</STRONG> (Thumb, 0 bytes, Stack size unknown bytes, entry2.o(.ARM.Collect$$$$00000001))

<P><STRONG><a name="[8d]"></a>_main_scatterload</STRONG> (Thumb, 0 bytes, Stack size unknown bytes, entry5.o(.ARM.Collect$$$$00000004))
<BR><BR>[Calls]<UL><LI><a href="#[8e]">&gt;&gt;</a>&nbsp;&nbsp;&nbsp;__scatterload
</UL>

<P><STRONG><a name="[102]"></a>__main_after_scatterload</STRONG> (Thumb, 0 bytes, Stack size unknown bytes, entry5.o(.ARM.Collect$$$$00000004))
<BR><BR>[Called By]<UL><LI><a href="#[8e]">&gt;&gt;</a>&nbsp;&nbsp;&nbsp;__scatterload
</UL>

<P><STRONG><a name="[368]"></a>_main_clock</STRONG> (Thumb, 0 bytes, Stack size unknown bytes, entry7b.o(.ARM.Collect$$$$00000008))

<P><STRONG><a name="[369]"></a>_main_cpp_init</STRONG> (Thumb, 0 bytes, Stack size unknown bytes, entry8b.o(.ARM.Collect$$$$0000000A))

<P><STRONG><a name="[36a]"></a>_main_init</STRONG> (Thumb, 0 bytes, Stack size unknown bytes, entry9a.o(.ARM.Collect$$$$0000000B))

<P><STRONG><a name="[36b]"></a>__rt_final_cpp</STRONG> (Thumb, 0 bytes, Stack size unknown bytes, entry10a.o(.ARM.Collect$$$$0000000D))

<P><STRONG><a name="[36c]"></a>__rt_final_exit</STRONG> (Thumb, 0 bytes, Stack size unknown bytes, entry11a.o(.ARM.Collect$$$$0000000F))

<P><STRONG><a name="[8f]"></a>HidEmu_Init</STRONG> (Thumb, 270 bytes, Stack size 40 bytes, hidkbd.o(.text))
<BR><BR>[Stack]<UL><LI>Max Depth = 332<LI>Call Chain = HidEmu_Init &rArr; GAPRole_SetParameter &rArr; gapRole_startConnUpdate &rArr; L2CAP_ConnParamUpdateReq &rArr; l2capSendReq &rArr; l2capSendCmd &rArr; l2capEncapSendData &rArr; HCI_SendDataPkt &rArr; API_SendDataPkt &rArr; LL_SendDataPkt &rArr; tmos_memory_free
</UL>
<BR>[Calls]<UL><LI><a href="#[96]">&gt;&gt;</a>&nbsp;&nbsp;&nbsp;tmos_set_event
<LI><a href="#[94]">&gt;&gt;</a>&nbsp;&nbsp;&nbsp;Hid_AddService
<LI><a href="#[95]">&gt;&gt;</a>&nbsp;&nbsp;&nbsp;HidDev_Register
<LI><a href="#[91]">&gt;&gt;</a>&nbsp;&nbsp;&nbsp;GGS_SetParameter
<LI><a href="#[90]">&gt;&gt;</a>&nbsp;&nbsp;&nbsp;GAPRole_SetParameter
<LI><a href="#[92]">&gt;&gt;</a>&nbsp;&nbsp;&nbsp;GAPBondMgr_SetParameter
<LI><a href="#[93]">&gt;&gt;</a>&nbsp;&nbsp;&nbsp;Batt_SetParameter
</UL>
<BR>[Called By]<UL><LI><a href="#[a0]">&gt;&gt;</a>&nbsp;&nbsp;&nbsp;TMOS_InitTasks
</UL>

<P><STRONG><a name="[d]"></a>HidEmu_ProcessEvent</STRONG> (Thumb, 208 bytes, Stack size 16 bytes, hidkbd.o(.text))
<BR><BR>[Stack]<UL><LI>Max Depth = 444<LI>Call Chain = HidEmu_ProcessEvent &rArr; hidEmuSendKbdReport &rArr; HidDev_Report &rArr; hidDevSendReport &rArr; HidDev_sendNoti &rArr; GATT_Notification &rArr; ATT_HandleValueNoti &rArr; attSendMsg &rArr; SM_GenerateAuthenSig &rArr; sm_CMAC &rArr; generate_subkey &rArr; LL_Encrypt &rArr; ll_hw_api_enc &rArr; AES_DevAESEnc
</UL>
<BR>[Calls]<UL><LI><a href="#[9c]">&gt;&gt;</a>&nbsp;&nbsp;&nbsp;tmos_start_task
<LI><a href="#[99]">&gt;&gt;</a>&nbsp;&nbsp;&nbsp;tmos_msg_receive
<LI><a href="#[9b]">&gt;&gt;</a>&nbsp;&nbsp;&nbsp;tmos_msg_deallocate
<LI><a href="#[9a]">&gt;&gt;</a>&nbsp;&nbsp;&nbsp;hidEmu_ProcessTMOSMsg
<LI><a href="#[97]">&gt;&gt;</a>&nbsp;&nbsp;&nbsp;hidEmuSendKbdReport
</UL>
<BR>[Address Reference Count : 1]<UL><LI> hidkbd_main.o(.data)
</UL>
<P><STRONG><a name="[a0]"></a>TMOS_InitTasks</STRONG> (Thumb, 112 bytes, Stack size 8 bytes, hidkbd_main.o(.text))
<BR><BR>[Stack]<UL><LI>Max Depth = 340<LI>Call Chain = TMOS_InitTasks &rArr; HidEmu_Init &rArr; GAPRole_SetParameter &rArr; gapRole_startConnUpdate &rArr; L2CAP_ConnParamUpdateReq &rArr; l2capSendReq &rArr; l2capSendCmd &rArr; l2capEncapSendData &rArr; HCI_SendDataPkt &rArr; API_SendDataPkt &rArr; LL_SendDataPkt &rArr; tmos_memory_free
</UL>
<BR>[Calls]<UL><LI><a href="#[a1]">&gt;&gt;</a>&nbsp;&nbsp;&nbsp;TMOS_Init
<LI><a href="#[a7]">&gt;&gt;</a>&nbsp;&nbsp;&nbsp;SM_Init
<LI><a href="#[a3]">&gt;&gt;</a>&nbsp;&nbsp;&nbsp;LL_Init
<LI><a href="#[a4]">&gt;&gt;</a>&nbsp;&nbsp;&nbsp;L2CAP_Init
<LI><a href="#[ab]">&gt;&gt;</a>&nbsp;&nbsp;&nbsp;HidDev_Init
<LI><a href="#[a2]">&gt;&gt;</a>&nbsp;&nbsp;&nbsp;Hal_Init
<LI><a href="#[a6]">&gt;&gt;</a>&nbsp;&nbsp;&nbsp;GATT_Init
<LI><a href="#[a9]">&gt;&gt;</a>&nbsp;&nbsp;&nbsp;GATTServApp_Init
<LI><a href="#[a5]">&gt;&gt;</a>&nbsp;&nbsp;&nbsp;GAP_Init
<LI><a href="#[aa]">&gt;&gt;</a>&nbsp;&nbsp;&nbsp;GAPRole_PeripheralInit
<LI><a href="#[a8]">&gt;&gt;</a>&nbsp;&nbsp;&nbsp;GAPBondMgr_Init
<LI><a href="#[8f]">&gt;&gt;</a>&nbsp;&nbsp;&nbsp;HidEmu_Init
</UL>
<BR>[Called By]<UL><LI><a href="#[59]">&gt;&gt;</a>&nbsp;&nbsp;&nbsp;main
</UL>

<P><STRONG><a name="[59]"></a>main</STRONG> (Thumb, 52 bytes, Stack size 0 bytes, hidkbd_main.o(.text))
<BR><BR>[Stack]<UL><LI>Max Depth = 340<LI>Call Chain = main &rArr; TMOS_InitTasks &rArr; HidEmu_Init &rArr; GAPRole_SetParameter &rArr; gapRole_startConnUpdate &rArr; L2CAP_ConnParamUpdateReq &rArr; l2capSendReq &rArr; l2capSendCmd &rArr; l2capEncapSendData &rArr; HCI_SendDataPkt &rArr; API_SendDataPkt &rArr; LL_SendDataPkt &rArr; tmos_memory_free
</UL>
<BR>[Calls]<UL><LI><a href="#[ad]">&gt;&gt;</a>&nbsp;&nbsp;&nbsp;UART1_DefInit
<LI><a href="#[b0]">&gt;&gt;</a>&nbsp;&nbsp;&nbsp;TMOS_SystemProcess
<LI><a href="#[ac]">&gt;&gt;</a>&nbsp;&nbsp;&nbsp;GPIOA_ModeCfg
<LI><a href="#[af]">&gt;&gt;</a>&nbsp;&nbsp;&nbsp;CH57X_BLEInit
<LI><a href="#[a0]">&gt;&gt;</a>&nbsp;&nbsp;&nbsp;TMOS_InitTasks
<LI><a href="#[ae]">&gt;&gt;</a>&nbsp;&nbsp;&nbsp;__2printf
</UL>
<BR>[Address Reference Count : 1]<UL><LI> entry9a.o(.ARM.Collect$$$$0000000B)
</UL>
<P><STRONG><a name="[b1]"></a>Batt_AddService</STRONG> (Thumb, 30 bytes, Stack size 8 bytes, battservice.o(.text))
<BR><BR>[Stack]<UL><LI>Max Depth = 96<LI>Call Chain = Batt_AddService &rArr; GATTServApp_RegisterService &rArr; GATT_RegisterService &rArr; ATT_CompareUUID &rArr; ATT_ConvertUUIDto128
</UL>
<BR>[Calls]<UL><LI><a href="#[b3]">&gt;&gt;</a>&nbsp;&nbsp;&nbsp;GATTServApp_RegisterService
<LI><a href="#[b2]">&gt;&gt;</a>&nbsp;&nbsp;&nbsp;GATTServApp_InitCharCfg
</UL>
<BR>[Called By]<UL><LI><a href="#[ab]">&gt;&gt;</a>&nbsp;&nbsp;&nbsp;HidDev_Init
</UL>

<P><STRONG><a name="[c9]"></a>Batt_Register</STRONG> (Thumb, 6 bytes, Stack size 0 bytes, battservice.o(.text))
<BR><BR>[Called By]<UL><LI><a href="#[ab]">&gt;&gt;</a>&nbsp;&nbsp;&nbsp;HidDev_Init
</UL>

<P><STRONG><a name="[93]"></a>Batt_SetParameter</STRONG> (Thumb, 46 bytes, Stack size 24 bytes, battservice.o(.text))
<BR><BR>[Stack]<UL><LI>Max Depth = 56<LI>Call Chain = Batt_SetParameter &rArr; battNotifyLevel &rArr; linkDB_PerformFunc
</UL>
<BR>[Calls]<UL><LI><a href="#[b8]">&gt;&gt;</a>&nbsp;&nbsp;&nbsp;battNotifyLevel
</UL>
<BR>[Called By]<UL><LI><a href="#[8f]">&gt;&gt;</a>&nbsp;&nbsp;&nbsp;HidEmu_Init
</UL>

<P><STRONG><a name="[ec]"></a>Batt_GetParameter</STRONG> (Thumb, 90 bytes, Stack size 8 bytes, battservice.o(.text))
<BR><BR>[Stack]<UL><LI>Max Depth = 8<LI>Call Chain = Batt_GetParameter
</UL>
<BR>[Called By]<UL><LI><a href="#[94]">&gt;&gt;</a>&nbsp;&nbsp;&nbsp;Hid_AddService
</UL>

<P><STRONG><a name="[bc]"></a>Batt_MeasLevel</STRONG> (Thumb, 28 bytes, Stack size 8 bytes, battservice.o(.text))
<BR><BR>[Stack]<UL><LI>Max Depth = 52<LI>Call Chain = Batt_MeasLevel &rArr; battMeasure &rArr; __aeabi_idivmod &rArr; __aeabi_uidivmod
</UL>
<BR>[Calls]<UL><LI><a href="#[ba]">&gt;&gt;</a>&nbsp;&nbsp;&nbsp;battMeasure
<LI><a href="#[b8]">&gt;&gt;</a>&nbsp;&nbsp;&nbsp;battNotifyLevel
</UL>
<BR>[Called By]<UL><LI><a href="#[d1]">&gt;&gt;</a>&nbsp;&nbsp;&nbsp;hidDevBattPeriodicTask
</UL>

<P><STRONG><a name="[36d]"></a>Batt_Setup</STRONG> (Thumb, 28 bytes, Stack size 16 bytes, battservice.o(.text), UNUSED)

<P><STRONG><a name="[bf]"></a>Batt_HandleConnStatusCB</STRONG> (Thumb, 44 bytes, Stack size 16 bytes, battservice.o(.text))
<BR><BR>[Stack]<UL><LI>Max Depth = 32<LI>Call Chain = Batt_HandleConnStatusCB &rArr; linkDB_State &rArr; linkDB_Find
</UL>
<BR>[Calls]<UL><LI><a href="#[c0]">&gt;&gt;</a>&nbsp;&nbsp;&nbsp;linkDB_State
<LI><a href="#[b2]">&gt;&gt;</a>&nbsp;&nbsp;&nbsp;GATTServApp_InitCharCfg
</UL>
<BR>[Called By]<UL><LI><a href="#[e8]">&gt;&gt;</a>&nbsp;&nbsp;&nbsp;hidDevDisconnected
</UL>

<P><STRONG><a name="[c1]"></a>DevInfo_AddService</STRONG> (Thumb, 16 bytes, Stack size 8 bytes, devinfoservice.o(.text))
<BR><BR>[Stack]<UL><LI>Max Depth = 96<LI>Call Chain = DevInfo_AddService &rArr; GATTServApp_RegisterService &rArr; GATT_RegisterService &rArr; ATT_CompareUUID &rArr; ATT_ConvertUUIDto128
</UL>
<BR>[Calls]<UL><LI><a href="#[b3]">&gt;&gt;</a>&nbsp;&nbsp;&nbsp;GATTServApp_RegisterService
</UL>
<BR>[Called By]<UL><LI><a href="#[ab]">&gt;&gt;</a>&nbsp;&nbsp;&nbsp;HidDev_Init
</UL>

<P><STRONG><a name="[c2]"></a>DevInfo_SetParameter</STRONG> (Thumb, 36 bytes, Stack size 24 bytes, devinfoservice.o(.text), UNUSED)
<BR><BR>[Calls]<UL><LI><a href="#[bd]">&gt;&gt;</a>&nbsp;&nbsp;&nbsp;tmos_memcpy
</UL>

<P><STRONG><a name="[c3]"></a>DevInfo_GetParameter</STRONG> (Thumb, 144 bytes, Stack size 16 bytes, devinfoservice.o(.text), UNUSED)
<BR><BR>[Calls]<UL><LI><a href="#[bd]">&gt;&gt;</a>&nbsp;&nbsp;&nbsp;tmos_memcpy
<LI><a href="#[c4]">&gt;&gt;</a>&nbsp;&nbsp;&nbsp;__ARM_common_switch8
</UL>

<P><STRONG><a name="[ab]"></a>HidDev_Init</STRONG> (Thumb, 74 bytes, Stack size 16 bytes, hiddev.o(.text))
<BR><BR>[Stack]<UL><LI>Max Depth = 204<LI>Call Chain = HidDev_Init &rArr; GAPBondMgr_SetParameter &rArr; gapBondMgrEraseAllBondings &rArr; gapBondMgrEraseBonding &rArr; tmos_snv_write &rArr; WtireFlash
</UL>
<BR>[Calls]<UL><LI><a href="#[ca]">&gt;&gt;</a>&nbsp;&nbsp;&nbsp;ScanParam_Register
<LI><a href="#[c8]">&gt;&gt;</a>&nbsp;&nbsp;&nbsp;ScanParam_AddService
<LI><a href="#[c6]">&gt;&gt;</a>&nbsp;&nbsp;&nbsp;GGS_AddService
<LI><a href="#[c7]">&gt;&gt;</a>&nbsp;&nbsp;&nbsp;GATTServApp_AddService
<LI><a href="#[c1]">&gt;&gt;</a>&nbsp;&nbsp;&nbsp;DevInfo_AddService
<LI><a href="#[c9]">&gt;&gt;</a>&nbsp;&nbsp;&nbsp;Batt_Register
<LI><a href="#[b1]">&gt;&gt;</a>&nbsp;&nbsp;&nbsp;Batt_AddService
<LI><a href="#[96]">&gt;&gt;</a>&nbsp;&nbsp;&nbsp;tmos_set_event
<LI><a href="#[92]">&gt;&gt;</a>&nbsp;&nbsp;&nbsp;GAPBondMgr_SetParameter
</UL>
<BR>[Called By]<UL><LI><a href="#[a0]">&gt;&gt;</a>&nbsp;&nbsp;&nbsp;TMOS_InitTasks
</UL>

<P><STRONG><a name="[c]"></a>HidDev_ProcessEvent</STRONG> (Thumb, 220 bytes, Stack size 16 bytes, hiddev.o(.text))
<BR><BR>[Stack]<UL><LI>Max Depth = 404<LI>Call Chain = HidDev_ProcessEvent &rArr; hidDevSendReport &rArr; HidDev_sendNoti &rArr; GATT_Notification &rArr; ATT_HandleValueNoti &rArr; attSendMsg &rArr; SM_GenerateAuthenSig &rArr; sm_CMAC &rArr; generate_subkey &rArr; LL_Encrypt &rArr; ll_hw_api_enc &rArr; AES_DevAESEnc
</UL>
<BR>[Calls]<UL><LI><a href="#[d6]">&gt;&gt;</a>&nbsp;&nbsp;&nbsp;GAPRole_PeripheralTerminateLink
<LI><a href="#[d4]">&gt;&gt;</a>&nbsp;&nbsp;&nbsp;GAPRole_PeripheralStartDevice
<LI><a href="#[d5]">&gt;&gt;</a>&nbsp;&nbsp;&nbsp;GAPBondMgr_Register
<LI><a href="#[d2]">&gt;&gt;</a>&nbsp;&nbsp;&nbsp;hidDev_ProcessTMOSMsg
<LI><a href="#[d1]">&gt;&gt;</a>&nbsp;&nbsp;&nbsp;hidDevBattPeriodicTask
<LI><a href="#[d0]">&gt;&gt;</a>&nbsp;&nbsp;&nbsp;hidDevDequeueReport
<LI><a href="#[cc]">&gt;&gt;</a>&nbsp;&nbsp;&nbsp;hidDevSendReport
<LI><a href="#[cf]">&gt;&gt;</a>&nbsp;&nbsp;&nbsp;hidDevStartIdleTimer
<LI><a href="#[99]">&gt;&gt;</a>&nbsp;&nbsp;&nbsp;tmos_msg_receive
<LI><a href="#[9b]">&gt;&gt;</a>&nbsp;&nbsp;&nbsp;tmos_msg_deallocate
<LI><a href="#[ae]">&gt;&gt;</a>&nbsp;&nbsp;&nbsp;__2printf
</UL>
<BR>[Address Reference Count : 1]<UL><LI> hidkbd_main.o(.data)
</UL>
<P><STRONG><a name="[95]"></a>HidDev_Register</STRONG> (Thumb, 10 bytes, Stack size 0 bytes, hiddev.o(.text))
<BR><BR>[Called By]<UL><LI><a href="#[8f]">&gt;&gt;</a>&nbsp;&nbsp;&nbsp;HidEmu_Init
</UL>

<P><STRONG><a name="[ed]"></a>HidDev_RegisterReports</STRONG> (Thumb, 10 bytes, Stack size 0 bytes, hiddev.o(.text))
<BR><BR>[Called By]<UL><LI><a href="#[94]">&gt;&gt;</a>&nbsp;&nbsp;&nbsp;Hid_AddService
</UL>

<P><STRONG><a name="[98]"></a>HidDev_Report</STRONG> (Thumb, 94 bytes, Stack size 24 bytes, hiddev.o(.text))
<BR><BR>[Stack]<UL><LI>Max Depth = 412<LI>Call Chain = HidDev_Report &rArr; hidDevSendReport &rArr; HidDev_sendNoti &rArr; GATT_Notification &rArr; ATT_HandleValueNoti &rArr; attSendMsg &rArr; SM_GenerateAuthenSig &rArr; sm_CMAC &rArr; generate_subkey &rArr; LL_Encrypt &rArr; ll_hw_api_enc &rArr; AES_DevAESEnc
</UL>
<BR>[Calls]<UL><LI><a href="#[dc]">&gt;&gt;</a>&nbsp;&nbsp;&nbsp;hidDevHighAdvertising
<LI><a href="#[da]">&gt;&gt;</a>&nbsp;&nbsp;&nbsp;hidDevInitialAdvertising
<LI><a href="#[d9]">&gt;&gt;</a>&nbsp;&nbsp;&nbsp;hidDevEnqueueReport
<LI><a href="#[d7]">&gt;&gt;</a>&nbsp;&nbsp;&nbsp;hidDevBondCount
<LI><a href="#[cc]">&gt;&gt;</a>&nbsp;&nbsp;&nbsp;hidDevSendReport
</UL>
<BR>[Called By]<UL><LI><a href="#[97]">&gt;&gt;</a>&nbsp;&nbsp;&nbsp;hidEmuSendKbdReport
</UL>

<P><STRONG><a name="[dd]"></a>HidDev_Close</STRONG> (Thumb, 32 bytes, Stack size 8 bytes, hiddev.o(.text), UNUSED)
<BR><BR>[Calls]<UL><LI><a href="#[d6]">&gt;&gt;</a>&nbsp;&nbsp;&nbsp;GAPRole_PeripheralTerminateLink
<LI><a href="#[90]">&gt;&gt;</a>&nbsp;&nbsp;&nbsp;GAPRole_SetParameter
</UL>

<P><STRONG><a name="[de]"></a>HidDev_SetParameter</STRONG> (Thumb, 128 bytes, Stack size 24 bytes, hiddev.o(.text), UNUSED)
<BR><BR>[Calls]<UL><LI><a href="#[e0]">&gt;&gt;</a>&nbsp;&nbsp;&nbsp;tmos_memset
<LI><a href="#[d6]">&gt;&gt;</a>&nbsp;&nbsp;&nbsp;GAPRole_PeripheralTerminateLink
<LI><a href="#[df]">&gt;&gt;</a>&nbsp;&nbsp;&nbsp;HidDev_isbufset
<LI><a href="#[cd]">&gt;&gt;</a>&nbsp;&nbsp;&nbsp;hidDevRptById
<LI><a href="#[cb]">&gt;&gt;</a>&nbsp;&nbsp;&nbsp;HidDev_sendNoti
<LI><a href="#[92]">&gt;&gt;</a>&nbsp;&nbsp;&nbsp;GAPBondMgr_SetParameter
</UL>

<P><STRONG><a name="[36e]"></a>HidDev_GetParameter</STRONG> (Thumb, 14 bytes, Stack size 0 bytes, hiddev.o(.text), UNUSED)

<P><STRONG><a name="[e1]"></a>HidDev_PasscodeRsp</STRONG> (Thumb, 20 bytes, Stack size 16 bytes, hiddev.o(.text), UNUSED)
<BR><BR>[Calls]<UL><LI><a href="#[e2]">&gt;&gt;</a>&nbsp;&nbsp;&nbsp;GAPBondMgr_PasscodeRsp
</UL>

<P><STRONG><a name="[12]"></a>HidDev_ReadAttrCB</STRONG> (Thumb, 294 bytes, Stack size 56 bytes, hiddev.o(.text))
<BR><BR>[Stack]<UL><LI>Max Depth = 64<LI>Call Chain = HidDev_ReadAttrCB &rArr; hidDevRptByHandle
</UL>
<BR>[Calls]<UL><LI><a href="#[e3]">&gt;&gt;</a>&nbsp;&nbsp;&nbsp;hidDevRptByHandle
<LI><a href="#[cf]">&gt;&gt;</a>&nbsp;&nbsp;&nbsp;hidDevStartIdleTimer
<LI><a href="#[bd]">&gt;&gt;</a>&nbsp;&nbsp;&nbsp;tmos_memcpy
</UL>
<BR>[Address Reference Count : 1]<UL><LI> hidkbdservice.o(.data)
</UL>
<P><STRONG><a name="[13]"></a>HidDev_WriteAttrCB</STRONG> (Thumb, 400 bytes, Stack size 56 bytes, hiddev.o(.text))
<BR><BR>[Stack]<UL><LI>Max Depth = 96<LI>Call Chain = HidDev_WriteAttrCB &rArr; GATTServApp_ProcessCCCWriteReq &rArr; GATTServApp_WriteCharCfg
</UL>
<BR>[Calls]<UL><LI><a href="#[e4]">&gt;&gt;</a>&nbsp;&nbsp;&nbsp;hidDevRptByCccdHandle
<LI><a href="#[e3]">&gt;&gt;</a>&nbsp;&nbsp;&nbsp;hidDevRptByHandle
<LI><a href="#[cf]">&gt;&gt;</a>&nbsp;&nbsp;&nbsp;hidDevStartIdleTimer
<LI><a href="#[be]">&gt;&gt;</a>&nbsp;&nbsp;&nbsp;GATTServApp_ProcessCCCWriteReq
</UL>
<BR>[Address Reference Count : 1]<UL><LI> hidkbdservice.o(.data)
</UL>
<P><STRONG><a name="[94]"></a>Hid_AddService</STRONG> (Thumb, 250 bytes, Stack size 8 bytes, hidkbdservice.o(.text))
<BR><BR>[Stack]<UL><LI>Max Depth = 96<LI>Call Chain = Hid_AddService &rArr; GATTServApp_RegisterService &rArr; GATT_RegisterService &rArr; ATT_CompareUUID &rArr; ATT_ConvertUUIDto128
</UL>
<BR>[Calls]<UL><LI><a href="#[ed]">&gt;&gt;</a>&nbsp;&nbsp;&nbsp;HidDev_RegisterReports
<LI><a href="#[b3]">&gt;&gt;</a>&nbsp;&nbsp;&nbsp;GATTServApp_RegisterService
<LI><a href="#[b2]">&gt;&gt;</a>&nbsp;&nbsp;&nbsp;GATTServApp_InitCharCfg
<LI><a href="#[ec]">&gt;&gt;</a>&nbsp;&nbsp;&nbsp;Batt_GetParameter
</UL>
<BR>[Called By]<UL><LI><a href="#[8f]">&gt;&gt;</a>&nbsp;&nbsp;&nbsp;HidEmu_Init
</UL>

<P><STRONG><a name="[9e]"></a>Hid_SetParameter</STRONG> (Thumb, 86 bytes, Stack size 20 bytes, hidkbdservice.o(.text))
<BR><BR>[Stack]<UL><LI>Max Depth = 20<LI>Call Chain = Hid_SetParameter
</UL>
<BR>[Called By]<UL><LI><a href="#[0]">&gt;&gt;</a>&nbsp;&nbsp;&nbsp;hidEmuRptCB
</UL>

<P><STRONG><a name="[9f]"></a>Hid_GetParameter</STRONG> (Thumb, 80 bytes, Stack size 12 bytes, hidkbdservice.o(.text))
<BR><BR>[Stack]<UL><LI>Max Depth = 12<LI>Call Chain = Hid_GetParameter
</UL>
<BR>[Called By]<UL><LI><a href="#[0]">&gt;&gt;</a>&nbsp;&nbsp;&nbsp;hidEmuRptCB
</UL>

<P><STRONG><a name="[c8]"></a>ScanParam_AddService</STRONG> (Thumb, 30 bytes, Stack size 8 bytes, scanparamservice.o(.text))
<BR><BR>[Stack]<UL><LI>Max Depth = 96<LI>Call Chain = ScanParam_AddService &rArr; GATTServApp_RegisterService &rArr; GATT_RegisterService &rArr; ATT_CompareUUID &rArr; ATT_ConvertUUIDto128
</UL>
<BR>[Calls]<UL><LI><a href="#[b3]">&gt;&gt;</a>&nbsp;&nbsp;&nbsp;GATTServApp_RegisterService
<LI><a href="#[b2]">&gt;&gt;</a>&nbsp;&nbsp;&nbsp;GATTServApp_InitCharCfg
</UL>
<BR>[Called By]<UL><LI><a href="#[ab]">&gt;&gt;</a>&nbsp;&nbsp;&nbsp;HidDev_Init
</UL>

<P><STRONG><a name="[ca]"></a>ScanParam_Register</STRONG> (Thumb, 6 bytes, Stack size 0 bytes, scanparamservice.o(.text))
<BR><BR>[Called By]<UL><LI><a href="#[ab]">&gt;&gt;</a>&nbsp;&nbsp;&nbsp;HidDev_Init
</UL>

<P><STRONG><a name="[36f]"></a>ScanParam_SetParameter</STRONG> (Thumb, 16 bytes, Stack size 8 bytes, scanparamservice.o(.text), UNUSED)

<P><STRONG><a name="[370]"></a>ScanParam_GetParameter</STRONG> (Thumb, 56 bytes, Stack size 8 bytes, scanparamservice.o(.text), UNUSED)

<P><STRONG><a name="[eb]"></a>ScanParam_RefreshNotify</STRONG> (Thumb, 92 bytes, Stack size 24 bytes, scanparamservice.o(.text))
<BR><BR>[Stack]<UL><LI>Max Depth = 332<LI>Call Chain = ScanParam_RefreshNotify &rArr; GATT_Notification &rArr; ATT_HandleValueNoti &rArr; attSendMsg &rArr; SM_GenerateAuthenSig &rArr; sm_CMAC &rArr; generate_subkey &rArr; LL_Encrypt &rArr; ll_hw_api_enc &rArr; AES_DevAESEnc
</UL>
<BR>[Calls]<UL><LI><a href="#[b7]">&gt;&gt;</a>&nbsp;&nbsp;&nbsp;GATT_bm_free
<LI><a href="#[b5]">&gt;&gt;</a>&nbsp;&nbsp;&nbsp;GATT_bm_alloc
<LI><a href="#[b6]">&gt;&gt;</a>&nbsp;&nbsp;&nbsp;GATT_Notification
<LI><a href="#[b4]">&gt;&gt;</a>&nbsp;&nbsp;&nbsp;GATTServApp_ReadCharCfg
</UL>
<BR>[Called By]<UL><LI><a href="#[8c]">&gt;&gt;</a>&nbsp;&nbsp;&nbsp;hidDevPairStateCB
</UL>

<P><STRONG><a name="[e9]"></a>ScanParam_HandleConnStatusCB</STRONG> (Thumb, 44 bytes, Stack size 16 bytes, scanparamservice.o(.text))
<BR><BR>[Stack]<UL><LI>Max Depth = 32<LI>Call Chain = ScanParam_HandleConnStatusCB &rArr; linkDB_State &rArr; linkDB_Find
</UL>
<BR>[Calls]<UL><LI><a href="#[c0]">&gt;&gt;</a>&nbsp;&nbsp;&nbsp;linkDB_State
<LI><a href="#[b2]">&gt;&gt;</a>&nbsp;&nbsp;&nbsp;GATTServApp_InitCharCfg
</UL>
<BR>[Called By]<UL><LI><a href="#[e8]">&gt;&gt;</a>&nbsp;&nbsp;&nbsp;hidDevDisconnected
</UL>

<P><STRONG><a name="[3f]"></a>Reset_Handler</STRONG> (Thumb, 8 bytes, Stack size 0 bytes, startup_armcm0.o(.text))
<BR>[Address Reference Count : 1]<UL><LI> startup_armcm0.o(RESET)
</UL>
<P><STRONG><a name="[40]"></a>NMI_Handler</STRONG> (Thumb, 2 bytes, Stack size 0 bytes, startup_armcm0.o(.text))
<BR><BR>[Calls]<UL><LI><a href="#[40]">&gt;&gt;</a>&nbsp;&nbsp;&nbsp;NMI_Handler
</UL>
<BR>[Called By]<UL><LI><a href="#[40]">&gt;&gt;</a>&nbsp;&nbsp;&nbsp;NMI_Handler
</UL>
<BR>[Address Reference Count : 1]<UL><LI> startup_armcm0.o(RESET)
</UL>
<P><STRONG><a name="[41]"></a>HardFault_Handler</STRONG> (Thumb, 0 bytes, Stack size 0 bytes, startup_armcm0.o(.text))
<BR>[Address Reference Count : 1]<UL><LI> startup_armcm0.o(RESET)
</UL>
<P><STRONG><a name="[42]"></a>SVC_Handler</STRONG> (Thumb, 2 bytes, Stack size 0 bytes, startup_armcm0.o(.text))
<BR><BR>[Calls]<UL><LI><a href="#[42]">&gt;&gt;</a>&nbsp;&nbsp;&nbsp;SVC_Handler
</UL>
<BR>[Called By]<UL><LI><a href="#[42]">&gt;&gt;</a>&nbsp;&nbsp;&nbsp;SVC_Handler
</UL>
<BR>[Address Reference Count : 1]<UL><LI> startup_armcm0.o(RESET)
</UL>
<P><STRONG><a name="[43]"></a>PendSV_Handler</STRONG> (Thumb, 2 bytes, Stack size 0 bytes, startup_armcm0.o(.text))
<BR><BR>[Calls]<UL><LI><a href="#[43]">&gt;&gt;</a>&nbsp;&nbsp;&nbsp;PendSV_Handler
</UL>
<BR>[Called By]<UL><LI><a href="#[43]">&gt;&gt;</a>&nbsp;&nbsp;&nbsp;PendSV_Handler
</UL>
<BR>[Address Reference Count : 1]<UL><LI> startup_armcm0.o(RESET)
</UL>
<P><STRONG><a name="[44]"></a>SysTick_Handler</STRONG> (Thumb, 2 bytes, Stack size 0 bytes, startup_armcm0.o(.text))
<BR><BR>[Calls]<UL><LI><a href="#[44]">&gt;&gt;</a>&nbsp;&nbsp;&nbsp;SysTick_Handler
</UL>
<BR>[Called By]<UL><LI><a href="#[44]">&gt;&gt;</a>&nbsp;&nbsp;&nbsp;SysTick_Handler
</UL>
<BR>[Address Reference Count : 1]<UL><LI> startup_armcm0.o(RESET)
</UL>
<P><STRONG><a name="[52]"></a>ADC_IRQHandler</STRONG> (Thumb, 0 bytes, Stack size 0 bytes, startup_armcm0.o(.text))
<BR><BR>[Calls]<UL><LI><a href="#[52]">&gt;&gt;</a>&nbsp;&nbsp;&nbsp;ADC_IRQHandler
</UL>
<BR>[Called By]<UL><LI><a href="#[52]">&gt;&gt;</a>&nbsp;&nbsp;&nbsp;ADC_IRQHandler
</UL>
<BR>[Address Reference Count : 1]<UL><LI> startup_armcm0.o(RESET)
</UL>
<P><STRONG><a name="[4c]"></a>ETH_IRQHandler</STRONG> (Thumb, 0 bytes, Stack size 0 bytes, startup_armcm0.o(.text))
<BR>[Address Reference Count : 1]<UL><LI> startup_armcm0.o(RESET)
</UL>
<P><STRONG><a name="[46]"></a>GPIO_IRQHandler</STRONG> (Thumb, 0 bytes, Stack size 0 bytes, startup_armcm0.o(.text))
<BR>[Address Reference Count : 1]<UL><LI> startup_armcm0.o(RESET)
</UL>
<P><STRONG><a name="[54]"></a>LED_IRQHandler</STRONG> (Thumb, 0 bytes, Stack size 0 bytes, startup_armcm0.o(.text))
<BR>[Address Reference Count : 1]<UL><LI> startup_armcm0.o(RESET)
</UL>
<P><STRONG><a name="[47]"></a>SLAVE_IRQHandler</STRONG> (Thumb, 0 bytes, Stack size 0 bytes, startup_armcm0.o(.text))
<BR>[Address Reference Count : 1]<UL><LI> startup_armcm0.o(RESET)
</UL>
<P><STRONG><a name="[48]"></a>SPI0_IRQHandler</STRONG> (Thumb, 0 bytes, Stack size 0 bytes, startup_armcm0.o(.text))
<BR>[Address Reference Count : 1]<UL><LI> startup_armcm0.o(RESET)
</UL>
<P><STRONG><a name="[53]"></a>SPI1_IRQHandler</STRONG> (Thumb, 0 bytes, Stack size 0 bytes, startup_armcm0.o(.text))
<BR>[Address Reference Count : 1]<UL><LI> startup_armcm0.o(RESET)
</UL>
<P><STRONG><a name="[45]"></a>TMR0_IRQHandler</STRONG> (Thumb, 0 bytes, Stack size 0 bytes, startup_armcm0.o(.text))
<BR>[Address Reference Count : 1]<UL><LI> startup_armcm0.o(RESET)
</UL>
<P><STRONG><a name="[4d]"></a>TMR1_IRQHandler</STRONG> (Thumb, 0 bytes, Stack size 0 bytes, startup_armcm0.o(.text))
<BR>[Address Reference Count : 1]<UL><LI> startup_armcm0.o(RESET)
</UL>
<P><STRONG><a name="[4e]"></a>TMR2_IRQHandler</STRONG> (Thumb, 0 bytes, Stack size 0 bytes, startup_armcm0.o(.text))
<BR>[Address Reference Count : 1]<UL><LI> startup_armcm0.o(RESET)
</UL>
<P><STRONG><a name="[55]"></a>TMR3_IRQHandler</STRONG> (Thumb, 0 bytes, Stack size 0 bytes, startup_armcm0.o(.text))
<BR>[Address Reference Count : 1]<UL><LI> startup_armcm0.o(RESET)
</UL>
<P><STRONG><a name="[4f]"></a>UART0_IRQHandler</STRONG> (Thumb, 0 bytes, Stack size 0 bytes, startup_armcm0.o(.text))
<BR>[Address Reference Count : 1]<UL><LI> startup_armcm0.o(RESET)
</UL>
<P><STRONG><a name="[50]"></a>UART1_IRQHandler</STRONG> (Thumb, 0 bytes, Stack size 0 bytes, startup_armcm0.o(.text))
<BR>[Address Reference Count : 1]<UL><LI> startup_armcm0.o(RESET)
</UL>
<P><STRONG><a name="[56]"></a>UART2_IRQHandler</STRONG> (Thumb, 0 bytes, Stack size 0 bytes, startup_armcm0.o(.text))
<BR>[Address Reference Count : 1]<UL><LI> startup_armcm0.o(RESET)
</UL>
<P><STRONG><a name="[57]"></a>UART3_IRQHandler</STRONG> (Thumb, 0 bytes, Stack size 0 bytes, startup_armcm0.o(.text))
<BR>[Address Reference Count : 1]<UL><LI> startup_armcm0.o(RESET)
</UL>
<P><STRONG><a name="[4b]"></a>USB_IRQHandler</STRONG> (Thumb, 0 bytes, Stack size 0 bytes, startup_armcm0.o(.text))
<BR>[Address Reference Count : 1]<UL><LI> startup_armcm0.o(RESET)
</UL>
<P><STRONG><a name="[58]"></a>WDT_IRQHandler</STRONG> (Thumb, 0 bytes, Stack size 0 bytes, startup_armcm0.o(.text))
<BR>[Address Reference Count : 1]<UL><LI> startup_armcm0.o(RESET)
</UL>
<P><STRONG><a name="[5d]"></a>SystemInit</STRONG> (Thumb, 20 bytes, Stack size 0 bytes, ch57x_clk.o(.text))
<BR>[Address Reference Count : 1]<UL><LI> startup_armcm0.o(.text)
</UL>
<P><STRONG><a name="[ee]"></a>SetSysClock</STRONG> (Thumb, 336 bytes, Stack size 4 bytes, ch57x_clk.o(.text), UNUSED)
<BR><BR>[Calls]<UL><LI><a href="#[c4]">&gt;&gt;</a>&nbsp;&nbsp;&nbsp;__ARM_common_switch8
</UL>

<P><STRONG><a name="[371]"></a>HClk32M_Select</STRONG> (Thumb, 52 bytes, Stack size 0 bytes, ch57x_clk.o(.text), UNUSED)

<P><STRONG><a name="[372]"></a>LClk32K_Select</STRONG> (Thumb, 50 bytes, Stack size 0 bytes, ch57x_clk.o(.text), UNUSED)

<P><STRONG><a name="[ef]"></a>SingleCalibrat</STRONG> (Thumb, 238 bytes, Stack size 24 bytes, ch57x_clk.o(.text))
<BR><BR>[Stack]<UL><LI>Max Depth = 24<LI>Call Chain = SingleCalibrat
</UL>
<BR>[Called By]<UL><LI><a href="#[60]">&gt;&gt;</a>&nbsp;&nbsp;&nbsp;HSE_Calibration_LSI
</UL>

<P><STRONG><a name="[60]"></a>HSE_Calibration_LSI</STRONG> (Thumb, 164 bytes, Stack size 20 bytes, ch57x_clk.o(.text))
<BR><BR>[Stack]<UL><LI>Max Depth = 44<LI>Call Chain = HSE_Calibration_LSI &rArr; SingleCalibrat
</UL>
<BR>[Calls]<UL><LI><a href="#[ef]">&gt;&gt;</a>&nbsp;&nbsp;&nbsp;SingleCalibrat
</UL>
<BR>[Called By]<UL><LI><a href="#[fd]">&gt;&gt;</a>&nbsp;&nbsp;&nbsp;HAL_TimeInit
</UL>
<BR>[Address Reference Count : 1]<UL><LI> rtc.o(.text)
</UL>
<P><STRONG><a name="[f0]"></a>RTC_InitTime</STRONG> (Thumb, 160 bytes, Stack size 48 bytes, ch57x_clk.o(.text))
<BR><BR>[Stack]<UL><LI>Max Depth = 60<LI>Call Chain = RTC_InitTime &rArr; __aeabi_uidivmod
</UL>
<BR>[Calls]<UL><LI><a href="#[f1]">&gt;&gt;</a>&nbsp;&nbsp;&nbsp;__aeabi_uidivmod
</UL>
<BR>[Called By]<UL><LI><a href="#[fd]">&gt;&gt;</a>&nbsp;&nbsp;&nbsp;HAL_TimeInit
</UL>

<P><STRONG><a name="[f2]"></a>RTC_GetTime</STRONG> (Thumb, 116 bytes, Stack size 40 bytes, ch57x_clk.o(.text), UNUSED)
<BR><BR>[Calls]<UL><LI><a href="#[f1]">&gt;&gt;</a>&nbsp;&nbsp;&nbsp;__aeabi_uidivmod
</UL>

<P><STRONG><a name="[373]"></a>RTC_SetCycle32k</STRONG> (Thumb, 34 bytes, Stack size 0 bytes, ch57x_clk.o(.text), UNUSED)

<P><STRONG><a name="[f4]"></a>RTC_GetCycle32k</STRONG> (Thumb, 14 bytes, Stack size 0 bytes, ch57x_clk.o(.text), UNUSED)
<BR><BR>[Called By]<UL><LI><a href="#[f3]">&gt;&gt;</a>&nbsp;&nbsp;&nbsp;RTC_TRIGFunCfg
</UL>

<P><STRONG><a name="[374]"></a>RTC_TMRFunCfg</STRONG> (Thumb, 46 bytes, Stack size 0 bytes, ch57x_clk.o(.text), UNUSED)

<P><STRONG><a name="[f3]"></a>RTC_TRIGFunCfg</STRONG> (Thumb, 64 bytes, Stack size 4 bytes, ch57x_clk.o(.text), UNUSED)
<BR><BR>[Calls]<UL><LI><a href="#[f4]">&gt;&gt;</a>&nbsp;&nbsp;&nbsp;RTC_GetCycle32k
</UL>

<P><STRONG><a name="[375]"></a>RTC_ModeFunDisable</STRONG> (Thumb, 54 bytes, Stack size 0 bytes, ch57x_clk.o(.text), UNUSED)

<P><STRONG><a name="[376]"></a>RTC_GetITFlag</STRONG> (Thumb, 30 bytes, Stack size 0 bytes, ch57x_clk.o(.text), UNUSED)

<P><STRONG><a name="[377]"></a>RTC_ClearITFlag</STRONG> (Thumb, 36 bytes, Stack size 0 bytes, ch57x_clk.o(.text), UNUSED)

<P><STRONG><a name="[ac]"></a>GPIOA_ModeCfg</STRONG> (Thumb, 146 bytes, Stack size 4 bytes, ch57x_gpio.o(.text))
<BR><BR>[Stack]<UL><LI>Max Depth = 12<LI>Call Chain = GPIOA_ModeCfg &rArr; __ARM_common_switch8
</UL>
<BR>[Calls]<UL><LI><a href="#[c4]">&gt;&gt;</a>&nbsp;&nbsp;&nbsp;__ARM_common_switch8
</UL>
<BR>[Called By]<UL><LI><a href="#[59]">&gt;&gt;</a>&nbsp;&nbsp;&nbsp;main
</UL>

<P><STRONG><a name="[f5]"></a>GPIOB_ModeCfg</STRONG> (Thumb, 166 bytes, Stack size 4 bytes, ch57x_gpio.o(.text), UNUSED)
<BR><BR>[Calls]<UL><LI><a href="#[c4]">&gt;&gt;</a>&nbsp;&nbsp;&nbsp;__ARM_common_switch8
</UL>

<P><STRONG><a name="[378]"></a>GPIOA_ITModeCfg</STRONG> (Thumb, 116 bytes, Stack size 0 bytes, ch57x_gpio.o(.text), UNUSED)

<P><STRONG><a name="[379]"></a>GPIOB_ITModeCfg</STRONG> (Thumb, 140 bytes, Stack size 0 bytes, ch57x_gpio.o(.text), UNUSED)

<P><STRONG><a name="[37a]"></a>GPIOPinRemap</STRONG> (Thumb, 36 bytes, Stack size 0 bytes, ch57x_gpio.o(.text), UNUSED)

<P><STRONG><a name="[37b]"></a>GPIOAGPPCfg</STRONG> (Thumb, 36 bytes, Stack size 0 bytes, ch57x_gpio.o(.text), UNUSED)

<P><STRONG><a name="[37c]"></a>SYS_GetInfoSta</STRONG> (Thumb, 28 bytes, Stack size 0 bytes, ch57x_sys.o(.text), UNUSED)

<P><STRONG><a name="[37d]"></a>SYS_ResetExecute</STRONG> (Thumb, 24 bytes, Stack size 0 bytes, ch57x_sys.o(.text), UNUSED)

<P><STRONG><a name="[37e]"></a>SYS_DisableAllIrq</STRONG> (Thumb, 18 bytes, Stack size 0 bytes, ch57x_sys.o(.text), UNUSED)

<P><STRONG><a name="[37f]"></a>SYS_RecoverIrq</STRONG> (Thumb, 6 bytes, Stack size 0 bytes, ch57x_sys.o(.text), UNUSED)

<P><STRONG><a name="[5f]"></a>SYS_GetSysTickCnt</STRONG> (Thumb, 6 bytes, Stack size 0 bytes, ch57x_sys.o(.text))
<BR>[Address Reference Count : 1]<UL><LI> mcu.o(.text)
</UL>
<P><STRONG><a name="[380]"></a>WWDG_ITCfg</STRONG> (Thumb, 48 bytes, Stack size 0 bytes, ch57x_sys.o(.text), UNUSED)

<P><STRONG><a name="[381]"></a>WWDG_ResetCfg</STRONG> (Thumb, 48 bytes, Stack size 0 bytes, ch57x_sys.o(.text), UNUSED)

<P><STRONG><a name="[382]"></a>WWDG_ClearFlag</STRONG> (Thumb, 28 bytes, Stack size 0 bytes, ch57x_sys.o(.text), UNUSED)

<P><STRONG><a name="[f7]"></a>DelsyUs</STRONG> (Thumb, 34 bytes, Stack size 8 bytes, ch57x_sys.o(.text), UNUSED)
<BR><BR>[Called By]<UL><LI><a href="#[f6]">&gt;&gt;</a>&nbsp;&nbsp;&nbsp;DelsyMs
</UL>

<P><STRONG><a name="[f6]"></a>DelsyMs</STRONG> (Thumb, 26 bytes, Stack size 12 bytes, ch57x_sys.o(.text), UNUSED)
<BR><BR>[Calls]<UL><LI><a href="#[f7]">&gt;&gt;</a>&nbsp;&nbsp;&nbsp;DelsyUs
</UL>

<P><STRONG><a name="[7a]"></a>fputc</STRONG> (Thumb, 16 bytes, Stack size 0 bytes, ch57x_sys.o(.text))
<BR>[Address Reference Count : 1]<UL><LI> printf2.o(i.__0printf$2)
</UL>
<P><STRONG><a name="[f8]"></a>UART1_BaudRateCfg</STRONG> (Thumb, 30 bytes, Stack size 16 bytes, ch57x_uart1.o(.text))
<BR><BR>[Stack]<UL><LI>Max Depth = 28<LI>Call Chain = UART1_BaudRateCfg &rArr; __aeabi_uidivmod
</UL>
<BR>[Calls]<UL><LI><a href="#[f1]">&gt;&gt;</a>&nbsp;&nbsp;&nbsp;__aeabi_uidivmod
</UL>
<BR>[Called By]<UL><LI><a href="#[ad]">&gt;&gt;</a>&nbsp;&nbsp;&nbsp;UART1_DefInit
</UL>

<P><STRONG><a name="[ad]"></a>UART1_DefInit</STRONG> (Thumb, 30 bytes, Stack size 8 bytes, ch57x_uart1.o(.text))
<BR><BR>[Stack]<UL><LI>Max Depth = 36<LI>Call Chain = UART1_DefInit &rArr; UART1_BaudRateCfg &rArr; __aeabi_uidivmod
</UL>
<BR>[Calls]<UL><LI><a href="#[f8]">&gt;&gt;</a>&nbsp;&nbsp;&nbsp;UART1_BaudRateCfg
</UL>
<BR>[Called By]<UL><LI><a href="#[59]">&gt;&gt;</a>&nbsp;&nbsp;&nbsp;main
</UL>

<P><STRONG><a name="[383]"></a>UART1_ByteTrigCfg</STRONG> (Thumb, 18 bytes, Stack size 0 bytes, ch57x_uart1.o(.text), UNUSED)

<P><STRONG><a name="[384]"></a>UART1_INTCfg</STRONG> (Thumb, 40 bytes, Stack size 0 bytes, ch57x_uart1.o(.text), UNUSED)

<P><STRONG><a name="[385]"></a>UART1_Reset</STRONG> (Thumb, 8 bytes, Stack size 0 bytes, ch57x_uart1.o(.text), UNUSED)

<P><STRONG><a name="[386]"></a>UART1_SendString</STRONG> (Thumb, 32 bytes, Stack size 8 bytes, ch57x_uart1.o(.text), UNUSED)

<P><STRONG><a name="[387]"></a>UART1_RecvString</STRONG> (Thumb, 28 bytes, Stack size 0 bytes, ch57x_uart1.o(.text), UNUSED)

<P><STRONG><a name="[af]"></a>CH57X_BLEInit</STRONG> (Thumb, 182 bytes, Stack size 88 bytes, mcu.o(.text))
<BR><BR>[Stack]<UL><LI>Max Depth = 112<LI>Call Chain = CH57X_BLEInit &rArr; __2printf
</UL>
<BR>[Calls]<UL><LI><a href="#[f9]">&gt;&gt;</a>&nbsp;&nbsp;&nbsp;tmos_memcmp
<LI><a href="#[fc]">&gt;&gt;</a>&nbsp;&nbsp;&nbsp;TMOS_RandRegister
<LI><a href="#[fa]">&gt;&gt;</a>&nbsp;&nbsp;&nbsp;BLE_LibInit
<LI><a href="#[fb]">&gt;&gt;</a>&nbsp;&nbsp;&nbsp;NVIC_SetPriority
<LI><a href="#[e0]">&gt;&gt;</a>&nbsp;&nbsp;&nbsp;tmos_memset
<LI><a href="#[ae]">&gt;&gt;</a>&nbsp;&nbsp;&nbsp;__2printf
</UL>
<BR>[Called By]<UL><LI><a href="#[59]">&gt;&gt;</a>&nbsp;&nbsp;&nbsp;main
</UL>

<P><STRONG><a name="[3]"></a>HAL_ProcessEvent</STRONG> (Thumb, 106 bytes, Stack size 16 bytes, mcu.o(.text))
<BR><BR>[Stack]<UL><LI>Max Depth = 56<LI>Call Chain = HAL_ProcessEvent &rArr; tmos_msg_receive &rArr; tmos_stop_task
</UL>
<BR>[Calls]<UL><LI><a href="#[9c]">&gt;&gt;</a>&nbsp;&nbsp;&nbsp;tmos_start_task
<LI><a href="#[99]">&gt;&gt;</a>&nbsp;&nbsp;&nbsp;tmos_msg_receive
<LI><a href="#[9b]">&gt;&gt;</a>&nbsp;&nbsp;&nbsp;tmos_msg_deallocate
<LI><a href="#[ae]">&gt;&gt;</a>&nbsp;&nbsp;&nbsp;__2printf
</UL>
<BR>[Address Reference Count : 1]<UL><LI> hidkbd_main.o(.data)
</UL>
<P><STRONG><a name="[a2]"></a>Hal_Init</STRONG> (Thumb, 16 bytes, Stack size 8 bytes, mcu.o(.text))
<BR><BR>[Stack]<UL><LI>Max Depth = 76<LI>Call Chain = Hal_Init &rArr; HAL_TimeInit &rArr; RTC_InitTime &rArr; __aeabi_uidivmod
</UL>
<BR>[Calls]<UL><LI><a href="#[fd]">&gt;&gt;</a>&nbsp;&nbsp;&nbsp;HAL_TimeInit
</UL>
<BR>[Called By]<UL><LI><a href="#[a0]">&gt;&gt;</a>&nbsp;&nbsp;&nbsp;TMOS_InitTasks
</UL>

<P><STRONG><a name="[388]"></a>RTC_SetTignTime</STRONG> (Thumb, 36 bytes, Stack size 0 bytes, rtc.o(.text), UNUSED)

<P><STRONG><a name="[51]"></a>RTC_IRQHandler</STRONG> (Thumb, 16 bytes, Stack size 0 bytes, rtc.o(.text))
<BR>[Address Reference Count : 1]<UL><LI> startup_armcm0.o(RESET)
</UL>
<P><STRONG><a name="[fd]"></a>HAL_TimeInit</STRONG> (Thumb, 28 bytes, Stack size 8 bytes, rtc.o(.text))
<BR><BR>[Stack]<UL><LI>Max Depth = 68<LI>Call Chain = HAL_TimeInit &rArr; RTC_InitTime &rArr; __aeabi_uidivmod
</UL>
<BR>[Calls]<UL><LI><a href="#[ff]">&gt;&gt;</a>&nbsp;&nbsp;&nbsp;TMOS_TimerInit
<LI><a href="#[fe]">&gt;&gt;</a>&nbsp;&nbsp;&nbsp;TMOS_Rc32KRegister
<LI><a href="#[f0]">&gt;&gt;</a>&nbsp;&nbsp;&nbsp;RTC_InitTime
<LI><a href="#[60]">&gt;&gt;</a>&nbsp;&nbsp;&nbsp;HSE_Calibration_LSI
</UL>
<BR>[Called By]<UL><LI><a href="#[a2]">&gt;&gt;</a>&nbsp;&nbsp;&nbsp;Hal_Init
</UL>

<P><STRONG><a name="[389]"></a>__aeabi_uidiv</STRONG> (Thumb, 0 bytes, Stack size 12 bytes, uidiv.o(.text), UNUSED)

<P><STRONG><a name="[f1]"></a>__aeabi_uidivmod</STRONG> (Thumb, 44 bytes, Stack size 12 bytes, uidiv.o(.text))
<BR><BR>[Stack]<UL><LI>Max Depth = 12<LI>Call Chain = __aeabi_uidivmod
</UL>
<BR>[Called By]<UL><LI><a href="#[f8]">&gt;&gt;</a>&nbsp;&nbsp;&nbsp;UART1_BaudRateCfg
<LI><a href="#[f2]">&gt;&gt;</a>&nbsp;&nbsp;&nbsp;RTC_GetTime
<LI><a href="#[f0]">&gt;&gt;</a>&nbsp;&nbsp;&nbsp;RTC_InitTime
<LI><a href="#[e2]">&gt;&gt;</a>&nbsp;&nbsp;&nbsp;GAPBondMgr_PasscodeRsp
<LI><a href="#[2e4]">&gt;&gt;</a>&nbsp;&nbsp;&nbsp;gattServApp_ProcessReadByTypeReq
<LI><a href="#[2e6]">&gt;&gt;</a>&nbsp;&nbsp;&nbsp;gattServApp_ProcessReadByGrpTypeReq
<LI><a href="#[1b]">&gt;&gt;</a>&nbsp;&nbsp;&nbsp;gattProcessFindInfoReq
<LI><a href="#[22d]">&gt;&gt;</a>&nbsp;&nbsp;&nbsp;ll_advertise_rx
<LI><a href="#[2d6]">&gt;&gt;</a>&nbsp;&nbsp;&nbsp;gapRole_PeripheralProcessGAPMsg
<LI><a href="#[301]">&gt;&gt;</a>&nbsp;&nbsp;&nbsp;l2capStartTimer
<LI><a href="#[249]">&gt;&gt;</a>&nbsp;&nbsp;&nbsp;LL_HopGetChannel
<LI><a href="#[265]">&gt;&gt;</a>&nbsp;&nbsp;&nbsp;ll_connect_init_pingOffset
<LI><a href="#[119]">&gt;&gt;</a>&nbsp;&nbsp;&nbsp;LL_RemoteConnParamReqReply
<LI><a href="#[bb]">&gt;&gt;</a>&nbsp;&nbsp;&nbsp;__aeabi_idivmod
</UL>

<P><STRONG><a name="[38a]"></a>__aeabi_idiv</STRONG> (Thumb, 0 bytes, Stack size 16 bytes, idiv.o(.text), UNUSED)

<P><STRONG><a name="[bb]"></a>__aeabi_idivmod</STRONG> (Thumb, 40 bytes, Stack size 16 bytes, idiv.o(.text))
<BR><BR>[Stack]<UL><LI>Max Depth = 28<LI>Call Chain = __aeabi_idivmod &rArr; __aeabi_uidivmod
</UL>
<BR>[Calls]<UL><LI><a href="#[f1]">&gt;&gt;</a>&nbsp;&nbsp;&nbsp;__aeabi_uidivmod
</UL>
<BR>[Called By]<UL><LI><a href="#[d9]">&gt;&gt;</a>&nbsp;&nbsp;&nbsp;hidDevEnqueueReport
<LI><a href="#[d0]">&gt;&gt;</a>&nbsp;&nbsp;&nbsp;hidDevDequeueReport
<LI><a href="#[ba]">&gt;&gt;</a>&nbsp;&nbsp;&nbsp;battMeasure
<LI><a href="#[14e]">&gt;&gt;</a>&nbsp;&nbsp;&nbsp;RFEND_TXCtune
<LI><a href="#[2d6]">&gt;&gt;</a>&nbsp;&nbsp;&nbsp;gapRole_PeripheralProcessGAPMsg
<LI><a href="#[2fa]">&gt;&gt;</a>&nbsp;&nbsp;&nbsp;l2capNotifyCreditEvt
<LI><a href="#[2c4]">&gt;&gt;</a>&nbsp;&nbsp;&nbsp;gapWriteAdvEnableStatus
<LI><a href="#[39]">&gt;&gt;</a>&nbsp;&nbsp;&nbsp;gapProcessAdvertisingEvt
<LI><a href="#[265]">&gt;&gt;</a>&nbsp;&nbsp;&nbsp;ll_connect_init_pingOffset
</UL>

<P><STRONG><a name="[100]"></a>__aeabi_lmul</STRONG> (Thumb, 122 bytes, Stack size 64 bytes, llmul.o(.text))
<BR><BR>[Stack]<UL><LI>Max Depth = 72<LI>Call Chain = __aeabi_lmul &rArr; __aeabi_llsl
</UL>
<BR>[Calls]<UL><LI><a href="#[101]">&gt;&gt;</a>&nbsp;&nbsp;&nbsp;__aeabi_llsl
</UL>
<BR>[Called By]<UL><LI><a href="#[22e]">&gt;&gt;</a>&nbsp;&nbsp;&nbsp;ble_ll_common_rand8
<LI><a href="#[21c]">&gt;&gt;</a>&nbsp;&nbsp;&nbsp;ble_ll_common_rand32
<LI><a href="#[282]">&gt;&gt;</a>&nbsp;&nbsp;&nbsp;ble_ll_common_rand16
</UL>

<P><STRONG><a name="[38b]"></a>_ll_mul</STRONG> (Thumb, 0 bytes, Stack size 64 bytes, llmul.o(.text), UNUSED)

<P><STRONG><a name="[101]"></a>__aeabi_llsl</STRONG> (Thumb, 32 bytes, Stack size 8 bytes, llshl.o(.text))
<BR><BR>[Stack]<UL><LI>Max Depth = 8<LI>Call Chain = __aeabi_llsl
</UL>
<BR>[Called By]<UL><LI><a href="#[249]">&gt;&gt;</a>&nbsp;&nbsp;&nbsp;LL_HopGetChannel
<LI><a href="#[100]">&gt;&gt;</a>&nbsp;&nbsp;&nbsp;__aeabi_lmul
</UL>

<P><STRONG><a name="[38c]"></a>_ll_shift_l</STRONG> (Thumb, 0 bytes, Stack size 8 bytes, llshl.o(.text), UNUSED)

<P><STRONG><a name="[1d7]"></a>__aeabi_memcpy</STRONG> (Thumb, 36 bytes, Stack size 0 bytes, memcpya.o(.text))
<BR><BR>[Called By]<UL><LI><a href="#[91]">&gt;&gt;</a>&nbsp;&nbsp;&nbsp;GGS_SetParameter
<LI><a href="#[32a]">&gt;&gt;</a>&nbsp;&nbsp;&nbsp;ll_initiate_filter
<LI><a href="#[33b]">&gt;&gt;</a>&nbsp;&nbsp;&nbsp;ll_scan_filter
<LI><a href="#[31d]">&gt;&gt;</a>&nbsp;&nbsp;&nbsp;ll_advertise_filter
</UL>

<P><STRONG><a name="[38d]"></a>__aeabi_memcpy4</STRONG> (Thumb, 0 bytes, Stack size 0 bytes, memcpya.o(.text), UNUSED)

<P><STRONG><a name="[38e]"></a>__aeabi_memcpy8</STRONG> (Thumb, 0 bytes, Stack size 0 bytes, memcpya.o(.text), UNUSED)

<P><STRONG><a name="[8e]"></a>__scatterload</STRONG> (Thumb, 28 bytes, Stack size 0 bytes, init.o(.text))
<BR><BR>[Calls]<UL><LI><a href="#[102]">&gt;&gt;</a>&nbsp;&nbsp;&nbsp;__main_after_scatterload
</UL>
<BR>[Called By]<UL><LI><a href="#[8d]">&gt;&gt;</a>&nbsp;&nbsp;&nbsp;_main_scatterload
</UL>

<P><STRONG><a name="[38f]"></a>__scatterload_rt2</STRONG> (Thumb, 0 bytes, Stack size 0 bytes, init.o(.text), UNUSED)

<P><STRONG><a name="[390]"></a>__decompress</STRONG> (Thumb, 0 bytes, Stack size unknown bytes, __dczerorl2.o(.text), UNUSED)

<P><STRONG><a name="[391]"></a>__decompress1</STRONG> (Thumb, 86 bytes, Stack size unknown bytes, __dczerorl2.o(.text), UNUSED)

<P><STRONG><a name="[325]"></a>AES_DevAESEnc</STRONG> (Thumb, 324 bytes, Stack size 20 bytes, aes.o(i.AES_DevAESEnc))
<BR><BR>[Stack]<UL><LI>Max Depth = 20<LI>Call Chain = AES_DevAESEnc
</UL>
<BR>[Called By]<UL><LI><a href="#[21d]">&gt;&gt;</a>&nbsp;&nbsp;&nbsp;ll_hw_api_enc
</UL>

<P><STRONG><a name="[149]"></a>AES_DevInit</STRONG> (Thumb, 8 bytes, Stack size 0 bytes, aes.o(i.AES_DevInit))
<BR><BR>[Called By]<UL><LI><a href="#[148]">&gt;&gt;</a>&nbsp;&nbsp;&nbsp;BLE_Init
</UL>

<P><STRONG><a name="[327]"></a>AES_DevPktEnc</STRONG> (Thumb, 156 bytes, Stack size 12 bytes, aes.o(i.AES_DevPktEnc))
<BR><BR>[Stack]<UL><LI>Max Depth = 12<LI>Call Chain = AES_DevPktEnc
</UL>
<BR>[Called By]<UL><LI><a href="#[25f]">&gt;&gt;</a>&nbsp;&nbsp;&nbsp;ll_hw_api_set_pkt_enc
<LI><a href="#[262]">&gt;&gt;</a>&nbsp;&nbsp;&nbsp;ll_hw_api_set_pkt_dec
</UL>

<P><STRONG><a name="[326]"></a>AES_DevReset</STRONG> (Thumb, 278 bytes, Stack size 20 bytes, aes.o(i.AES_DevReset))
<BR><BR>[Stack]<UL><LI>Max Depth = 20<LI>Call Chain = AES_DevReset
</UL>
<BR>[Called By]<UL><LI><a href="#[257]">&gt;&gt;</a>&nbsp;&nbsp;&nbsp;ll_hw_api_reset_enc
</UL>

<P><STRONG><a name="[103]"></a>API_DisconnectCmd</STRONG> (Thumb, 16 bytes, Stack size 8 bytes, api_c.o(i.API_DisconnectCmd))
<BR><BR>[Stack]<UL><LI>Max Depth = 60<LI>Call Chain = API_DisconnectCmd &rArr; HCI_CommandStatusCback &rArr; HOST_CommandStatusEvent &rArr; tmos_msg_send &rArr; tmos_msg_deallocate &rArr; tmos_memory_free
</UL>
<BR>[Calls]<UL><LI><a href="#[104]">&gt;&gt;</a>&nbsp;&nbsp;&nbsp;LL_Disconnect
<LI><a href="#[105]">&gt;&gt;</a>&nbsp;&nbsp;&nbsp;HCI_CommandStatusCback
</UL>
<BR>[Called By]<UL><LI><a href="#[1af]">&gt;&gt;</a>&nbsp;&nbsp;&nbsp;HCI_DisconnectCmd
</UL>

<P><STRONG><a name="[106]"></a>API_HostNumCompletedPktCmd</STRONG> (Thumb, 46 bytes, Stack size 8 bytes, api_c.o(i.API_HostNumCompletedPktCmd))
<BR><BR>[Stack]<UL><LI>Max Depth = 68<LI>Call Chain = API_HostNumCompletedPktCmd &rArr; HCI_CommandCompleteCback &rArr; HOST_CommandCompleteEvent &rArr; tmos_msg_send &rArr; tmos_msg_deallocate &rArr; tmos_memory_free
</UL>
<BR>[Calls]<UL><LI><a href="#[107]">&gt;&gt;</a>&nbsp;&nbsp;&nbsp;HCI_CommandCompleteCback
</UL>
<BR>[Called By]<UL><LI><a href="#[1e3]">&gt;&gt;</a>&nbsp;&nbsp;&nbsp;HCI_HostNumCompletedPktCmd
</UL>

<P><STRONG><a name="[108]"></a>API_LE_AddWhiteListCmd</STRONG> (Thumb, 26 bytes, Stack size 8 bytes, api_c.o(i.API_LE_AddWhiteListCmd))
<BR><BR>[Stack]<UL><LI>Max Depth = 68<LI>Call Chain = API_LE_AddWhiteListCmd &rArr; HCI_CommandCompleteCback &rArr; HOST_CommandCompleteEvent &rArr; tmos_msg_send &rArr; tmos_msg_deallocate &rArr; tmos_memory_free
</UL>
<BR>[Calls]<UL><LI><a href="#[109]">&gt;&gt;</a>&nbsp;&nbsp;&nbsp;LL_AddWhiteListDevice
<LI><a href="#[107]">&gt;&gt;</a>&nbsp;&nbsp;&nbsp;HCI_CommandCompleteCback
</UL>
<BR>[Called By]<UL><LI><a href="#[1e4]">&gt;&gt;</a>&nbsp;&nbsp;&nbsp;HCI_LE_AddWhiteListCmd
</UL>

<P><STRONG><a name="[10a]"></a>API_LE_ClearWhiteListCmd</STRONG> (Thumb, 26 bytes, Stack size 8 bytes, api_c.o(i.API_LE_ClearWhiteListCmd))
<BR><BR>[Stack]<UL><LI>Max Depth = 68<LI>Call Chain = API_LE_ClearWhiteListCmd &rArr; HCI_CommandCompleteCback &rArr; HOST_CommandCompleteEvent &rArr; tmos_msg_send &rArr; tmos_msg_deallocate &rArr; tmos_memory_free
</UL>
<BR>[Calls]<UL><LI><a href="#[10b]">&gt;&gt;</a>&nbsp;&nbsp;&nbsp;LL_ClearWhiteList
<LI><a href="#[107]">&gt;&gt;</a>&nbsp;&nbsp;&nbsp;HCI_CommandCompleteCback
</UL>
<BR>[Called By]<UL><LI><a href="#[1e7]">&gt;&gt;</a>&nbsp;&nbsp;&nbsp;HCI_LE_ClearWhiteListCmd
</UL>

<P><STRONG><a name="[10c]"></a>API_LE_ConnUpdateCmd</STRONG> (Thumb, 26 bytes, Stack size 32 bytes, api_c.o(i.API_LE_ConnUpdateCmd))
<BR><BR>[Stack]<UL><LI>Max Depth = 84<LI>Call Chain = API_LE_ConnUpdateCmd &rArr; HCI_CommandStatusCback &rArr; HOST_CommandStatusEvent &rArr; tmos_msg_send &rArr; tmos_msg_deallocate &rArr; tmos_memory_free
</UL>
<BR>[Calls]<UL><LI><a href="#[10d]">&gt;&gt;</a>&nbsp;&nbsp;&nbsp;LL_ConnUpdate
<LI><a href="#[105]">&gt;&gt;</a>&nbsp;&nbsp;&nbsp;HCI_CommandStatusCback
</UL>
<BR>[Called By]<UL><LI><a href="#[1e8]">&gt;&gt;</a>&nbsp;&nbsp;&nbsp;HCI_LE_ConnUpdateCmd
</UL>

<P><STRONG><a name="[10e]"></a>API_LE_CreateConnCancelCmd</STRONG> (Thumb, 24 bytes, Stack size 8 bytes, api_c.o(i.API_LE_CreateConnCancelCmd))
<BR><BR>[Stack]<UL><LI>Max Depth = 68<LI>Call Chain = API_LE_CreateConnCancelCmd &rArr; LL_CreateConnCancel &rArr; LL_InitiateToStandby &rArr; LL_ReportGenerateEvent &rArr; tmos_msg_send &rArr; tmos_msg_deallocate &rArr; tmos_memory_free
</UL>
<BR>[Calls]<UL><LI><a href="#[10f]">&gt;&gt;</a>&nbsp;&nbsp;&nbsp;LL_CreateConnCancel
<LI><a href="#[107]">&gt;&gt;</a>&nbsp;&nbsp;&nbsp;HCI_CommandCompleteCback
</UL>
<BR>[Called By]<UL><LI><a href="#[1ed]">&gt;&gt;</a>&nbsp;&nbsp;&nbsp;HCI_LE_CreateConnCancelCmd
</UL>

<P><STRONG><a name="[110]"></a>API_LE_LtkReqNegReplyCmd</STRONG> (Thumb, 32 bytes, Stack size 16 bytes, api_c.o(i.API_LE_LtkReqNegReplyCmd))
<BR><BR>[Stack]<UL><LI>Max Depth = 76<LI>Call Chain = API_LE_LtkReqNegReplyCmd &rArr; HCI_CommandCompleteCback &rArr; HOST_CommandCompleteEvent &rArr; tmos_msg_send &rArr; tmos_msg_deallocate &rArr; tmos_memory_free
</UL>
<BR>[Calls]<UL><LI><a href="#[111]">&gt;&gt;</a>&nbsp;&nbsp;&nbsp;LL_LtkReqNegReply
<LI><a href="#[107]">&gt;&gt;</a>&nbsp;&nbsp;&nbsp;HCI_CommandCompleteCback
</UL>
<BR>[Called By]<UL><LI><a href="#[1f8]">&gt;&gt;</a>&nbsp;&nbsp;&nbsp;HCI_LE_LtkReqNegReplyCmd
</UL>

<P><STRONG><a name="[112]"></a>API_LE_LtkReqReplyCmd</STRONG> (Thumb, 32 bytes, Stack size 16 bytes, api_c.o(i.API_LE_LtkReqReplyCmd))
<BR><BR>[Stack]<UL><LI>Max Depth = 76<LI>Call Chain = API_LE_LtkReqReplyCmd &rArr; HCI_CommandCompleteCback &rArr; HOST_CommandCompleteEvent &rArr; tmos_msg_send &rArr; tmos_msg_deallocate &rArr; tmos_memory_free
</UL>
<BR>[Calls]<UL><LI><a href="#[113]">&gt;&gt;</a>&nbsp;&nbsp;&nbsp;LL_LtkReqReply
<LI><a href="#[107]">&gt;&gt;</a>&nbsp;&nbsp;&nbsp;HCI_CommandCompleteCback
</UL>
<BR>[Called By]<UL><LI><a href="#[1f9]">&gt;&gt;</a>&nbsp;&nbsp;&nbsp;HCI_LE_LtkReqReplyCmd
</UL>

<P><STRONG><a name="[114]"></a>API_LE_RandCmd</STRONG> (Thumb, 28 bytes, Stack size 16 bytes, api_c.o(i.API_LE_RandCmd))
<BR><BR>[Stack]<UL><LI>Max Depth = 120<LI>Call Chain = API_LE_RandCmd &rArr; LL_Rand &rArr; ble_ll_common_rand8 &rArr; __aeabi_lmul &rArr; __aeabi_llsl
</UL>
<BR>[Calls]<UL><LI><a href="#[115]">&gt;&gt;</a>&nbsp;&nbsp;&nbsp;LL_Rand
<LI><a href="#[107]">&gt;&gt;</a>&nbsp;&nbsp;&nbsp;HCI_CommandCompleteCback
</UL>
<BR>[Called By]<UL><LI><a href="#[1fa]">&gt;&gt;</a>&nbsp;&nbsp;&nbsp;HCI_LE_RandCmd
</UL>

<P><STRONG><a name="[116]"></a>API_LE_ReadBufSizeCmd</STRONG> (Thumb, 30 bytes, Stack size 8 bytes, api_c.o(i.API_LE_ReadBufSizeCmd))
<BR><BR>[Stack]<UL><LI>Max Depth = 68<LI>Call Chain = API_LE_ReadBufSizeCmd &rArr; HCI_CommandCompleteCback &rArr; HOST_CommandCompleteEvent &rArr; tmos_msg_send &rArr; tmos_msg_deallocate &rArr; tmos_memory_free
</UL>
<BR>[Calls]<UL><LI><a href="#[117]">&gt;&gt;</a>&nbsp;&nbsp;&nbsp;LL_LE_ReadBufSize
<LI><a href="#[107]">&gt;&gt;</a>&nbsp;&nbsp;&nbsp;HCI_CommandCompleteCback
</UL>
<BR>[Called By]<UL><LI><a href="#[1fb]">&gt;&gt;</a>&nbsp;&nbsp;&nbsp;HCI_LE_ReadBufSizeCmd
</UL>

<P><STRONG><a name="[118]"></a>API_LE_RemoteConnParamReqReplyCmd</STRONG> (Thumb, 46 bytes, Stack size 32 bytes, api_c.o(i.API_LE_RemoteConnParamReqReplyCmd))
<BR><BR>[Stack]<UL><LI>Max Depth = 92<LI>Call Chain = API_LE_RemoteConnParamReqReplyCmd &rArr; HCI_CommandCompleteCback &rArr; HOST_CommandCompleteEvent &rArr; tmos_msg_send &rArr; tmos_msg_deallocate &rArr; tmos_memory_free
</UL>
<BR>[Calls]<UL><LI><a href="#[119]">&gt;&gt;</a>&nbsp;&nbsp;&nbsp;LL_RemoteConnParamReqReply
<LI><a href="#[107]">&gt;&gt;</a>&nbsp;&nbsp;&nbsp;HCI_CommandCompleteCback
</UL>
<BR>[Called By]<UL><LI><a href="#[200]">&gt;&gt;</a>&nbsp;&nbsp;&nbsp;HCI_LE_RemoteConnParamReqReplyCmd
</UL>

<P><STRONG><a name="[11a]"></a>API_LE_SetAdvDataCmd</STRONG> (Thumb, 26 bytes, Stack size 8 bytes, api_c.o(i.API_LE_SetAdvDataCmd))
<BR><BR>[Stack]<UL><LI>Max Depth = 68<LI>Call Chain = API_LE_SetAdvDataCmd &rArr; HCI_CommandCompleteCback &rArr; HOST_CommandCompleteEvent &rArr; tmos_msg_send &rArr; tmos_msg_deallocate &rArr; tmos_memory_free
</UL>
<BR>[Calls]<UL><LI><a href="#[11b]">&gt;&gt;</a>&nbsp;&nbsp;&nbsp;LL_SetAdvData
<LI><a href="#[107]">&gt;&gt;</a>&nbsp;&nbsp;&nbsp;HCI_CommandCompleteCback
</UL>
<BR>[Called By]<UL><LI><a href="#[1b0]">&gt;&gt;</a>&nbsp;&nbsp;&nbsp;HCI_LE_SetAdvDataCmd
</UL>

<P><STRONG><a name="[11c]"></a>API_LE_SetAdvEnableCmd</STRONG> (Thumb, 26 bytes, Stack size 8 bytes, api_c.o(i.API_LE_SetAdvEnableCmd))
<BR><BR>[Stack]<UL><LI>Max Depth = 208<LI>Call Chain = API_LE_SetAdvEnableCmd &rArr; LL_SetAdvControl &rArr; LL_AdvertiseEnable &rArr; ll_resolvinglist_renew_rpa &rArr; LL_AddrGenerateResolvableAddress &rArr; ble_ll_common_rand32 &rArr; __aeabi_lmul &rArr; __aeabi_llsl
</UL>
<BR>[Calls]<UL><LI><a href="#[11d]">&gt;&gt;</a>&nbsp;&nbsp;&nbsp;LL_SetAdvControl
<LI><a href="#[107]">&gt;&gt;</a>&nbsp;&nbsp;&nbsp;HCI_CommandCompleteCback
</UL>
<BR>[Called By]<UL><LI><a href="#[19b]">&gt;&gt;</a>&nbsp;&nbsp;&nbsp;HCI_LE_SetAdvEnableCmd
</UL>

<P><STRONG><a name="[11e]"></a>API_LE_SetAdvParamCmd</STRONG> (Thumb, 40 bytes, Stack size 40 bytes, api_c.o(i.API_LE_SetAdvParamCmd))
<BR><BR>[Stack]<UL><LI>Max Depth = 108<LI>Call Chain = API_LE_SetAdvParamCmd &rArr; LL_SetAdvParam &rArr; LL_AdvertiseCreateCore &rArr; tmos_memory_allocate
</UL>
<BR>[Calls]<UL><LI><a href="#[11f]">&gt;&gt;</a>&nbsp;&nbsp;&nbsp;LL_SetAdvParam
<LI><a href="#[107]">&gt;&gt;</a>&nbsp;&nbsp;&nbsp;HCI_CommandCompleteCback
</UL>
<BR>[Called By]<UL><LI><a href="#[203]">&gt;&gt;</a>&nbsp;&nbsp;&nbsp;HCI_LE_SetAdvParamCmd
</UL>

<P><STRONG><a name="[120]"></a>API_LE_SetRandomAddressCmd</STRONG> (Thumb, 26 bytes, Stack size 8 bytes, api_c.o(i.API_LE_SetRandomAddressCmd))
<BR><BR>[Stack]<UL><LI>Max Depth = 68<LI>Call Chain = API_LE_SetRandomAddressCmd &rArr; HCI_CommandCompleteCback &rArr; HOST_CommandCompleteEvent &rArr; tmos_msg_send &rArr; tmos_msg_deallocate &rArr; tmos_memory_free
</UL>
<BR>[Calls]<UL><LI><a href="#[121]">&gt;&gt;</a>&nbsp;&nbsp;&nbsp;LL_SetRandomAddress
<LI><a href="#[107]">&gt;&gt;</a>&nbsp;&nbsp;&nbsp;HCI_CommandCompleteCback
</UL>
<BR>[Called By]<UL><LI><a href="#[204]">&gt;&gt;</a>&nbsp;&nbsp;&nbsp;HCI_LE_SetRandomAddressCmd
</UL>

<P><STRONG><a name="[122]"></a>API_LE_SetScanEnableCmd</STRONG> (Thumb, 26 bytes, Stack size 8 bytes, api_c.o(i.API_LE_SetScanEnableCmd))
<BR><BR>[Stack]<UL><LI>Max Depth = 76<LI>Call Chain = API_LE_SetScanEnableCmd &rArr; LL_SetScanEnable &rArr; LL_ScanToStandby &rArr; ll_scan_to_standby &rArr; ll_scan_remove_all_report &rArr; LL_bm_free &rArr; tmos_memory_free
</UL>
<BR>[Calls]<UL><LI><a href="#[123]">&gt;&gt;</a>&nbsp;&nbsp;&nbsp;LL_SetScanEnable
<LI><a href="#[107]">&gt;&gt;</a>&nbsp;&nbsp;&nbsp;HCI_CommandCompleteCback
</UL>
<BR>[Called By]<UL><LI><a href="#[205]">&gt;&gt;</a>&nbsp;&nbsp;&nbsp;HCI_LE_SetScanEnableCmd
</UL>

<P><STRONG><a name="[124]"></a>API_LE_SetScanRspDataCmd</STRONG> (Thumb, 26 bytes, Stack size 8 bytes, api_c.o(i.API_LE_SetScanRspDataCmd))
<BR><BR>[Stack]<UL><LI>Max Depth = 68<LI>Call Chain = API_LE_SetScanRspDataCmd &rArr; HCI_CommandCompleteCback &rArr; HOST_CommandCompleteEvent &rArr; tmos_msg_send &rArr; tmos_msg_deallocate &rArr; tmos_memory_free
</UL>
<BR>[Calls]<UL><LI><a href="#[125]">&gt;&gt;</a>&nbsp;&nbsp;&nbsp;LL_SetScanRspData
<LI><a href="#[107]">&gt;&gt;</a>&nbsp;&nbsp;&nbsp;HCI_CommandCompleteCback
</UL>
<BR>[Called By]<UL><LI><a href="#[1b1]">&gt;&gt;</a>&nbsp;&nbsp;&nbsp;HCI_LE_SetScanRspDataCmd
</UL>

<P><STRONG><a name="[126]"></a>API_LE_StartEncryptCmd</STRONG> (Thumb, 16 bytes, Stack size 8 bytes, api_c.o(i.API_LE_StartEncryptCmd))
<BR><BR>[Stack]<UL><LI>Max Depth = 60<LI>Call Chain = API_LE_StartEncryptCmd &rArr; HCI_CommandStatusCback &rArr; HOST_CommandStatusEvent &rArr; tmos_msg_send &rArr; tmos_msg_deallocate &rArr; tmos_memory_free
</UL>
<BR>[Calls]<UL><LI><a href="#[127]">&gt;&gt;</a>&nbsp;&nbsp;&nbsp;LL_StartEncrypt
<LI><a href="#[105]">&gt;&gt;</a>&nbsp;&nbsp;&nbsp;HCI_CommandStatusCback
</UL>
<BR>[Called By]<UL><LI><a href="#[206]">&gt;&gt;</a>&nbsp;&nbsp;&nbsp;HCI_LE_StartEncyptCmd
</UL>

<P><STRONG><a name="[128]"></a>API_ReadBDADDRCmd</STRONG> (Thumb, 30 bytes, Stack size 16 bytes, api_c.o(i.API_ReadBDADDRCmd))
<BR><BR>[Stack]<UL><LI>Max Depth = 76<LI>Call Chain = API_ReadBDADDRCmd &rArr; HCI_CommandCompleteCback &rArr; HOST_CommandCompleteEvent &rArr; tmos_msg_send &rArr; tmos_msg_deallocate &rArr; tmos_memory_free
</UL>
<BR>[Calls]<UL><LI><a href="#[129]">&gt;&gt;</a>&nbsp;&nbsp;&nbsp;LL_ReadBDAddr
<LI><a href="#[107]">&gt;&gt;</a>&nbsp;&nbsp;&nbsp;HCI_CommandCompleteCback
</UL>
<BR>[Called By]<UL><LI><a href="#[1a3]">&gt;&gt;</a>&nbsp;&nbsp;&nbsp;HCI_ReadBDADDRCmd
</UL>

<P><STRONG><a name="[12a]"></a>API_ReadRssiCmd</STRONG> (Thumb, 36 bytes, Stack size 16 bytes, api_c.o(i.API_ReadRssiCmd))
<BR><BR>[Stack]<UL><LI>Max Depth = 76<LI>Call Chain = API_ReadRssiCmd &rArr; HCI_CommandCompleteCback &rArr; HOST_CommandCompleteEvent &rArr; tmos_msg_send &rArr; tmos_msg_deallocate &rArr; tmos_memory_free
</UL>
<BR>[Calls]<UL><LI><a href="#[12b]">&gt;&gt;</a>&nbsp;&nbsp;&nbsp;LL_ReadRssi
<LI><a href="#[107]">&gt;&gt;</a>&nbsp;&nbsp;&nbsp;HCI_CommandCompleteCback
</UL>
<BR>[Called By]<UL><LI><a href="#[180]">&gt;&gt;</a>&nbsp;&nbsp;&nbsp;HCI_ReadRssiCmd
</UL>

<P><STRONG><a name="[12c]"></a>API_SendDataPkt</STRONG> (Thumb, 10 bytes, Stack size 8 bytes, api_c.o(i.API_SendDataPkt))
<BR><BR>[Stack]<UL><LI>Max Depth = 60<LI>Call Chain = API_SendDataPkt &rArr; LL_SendDataPkt &rArr; tmos_memory_free
</UL>
<BR>[Calls]<UL><LI><a href="#[12d]">&gt;&gt;</a>&nbsp;&nbsp;&nbsp;LL_SendDataPkt
</UL>
<BR>[Called By]<UL><LI><a href="#[20d]">&gt;&gt;</a>&nbsp;&nbsp;&nbsp;HCI_SendDataPkt
</UL>

<P><STRONG><a name="[61]"></a>ATT_BuildErrorRsp</STRONG> (Thumb, 22 bytes, Stack size 0 bytes, att.o(i.ATT_BuildErrorRsp))
<BR>[Address Reference Count : 1]<UL><LI> att.o(i.ATT_ErrorRsp)
</UL>
<P><STRONG><a name="[62]"></a>ATT_BuildExchangeMTURsp</STRONG> (Thumb, 14 bytes, Stack size 0 bytes, att_server.o(i.ATT_BuildExchangeMTURsp))
<BR>[Address Reference Count : 1]<UL><LI> att_server.o(i.ATT_ExchangeMTURsp)
</UL>
<P><STRONG><a name="[63]"></a>ATT_BuildFindByTypeValueRsp</STRONG> (Thumb, 8 bytes, Stack size 0 bytes, att_server.o(i.ATT_BuildFindByTypeValueRsp))
<BR>[Address Reference Count : 1]<UL><LI> att_server.o(i.ATT_FindByTypeValueRsp)
</UL>
<P><STRONG><a name="[64]"></a>ATT_BuildFindInfoRsp</STRONG> (Thumb, 26 bytes, Stack size 0 bytes, att_server.o(i.ATT_BuildFindInfoRsp))
<BR>[Address Reference Count : 1]<UL><LI> att_server.o(i.ATT_FindInfoRsp)
</UL>
<P><STRONG><a name="[65]"></a>ATT_BuildHandleValueInd</STRONG> (Thumb, 18 bytes, Stack size 0 bytes, att_server.o(i.ATT_BuildHandleValueInd))
<BR>[Address Reference Count : 2]<UL><LI> att_server.o(i.ATT_HandleValueInd)
<LI> att_server.o(i.ATT_HandleValueNoti)
</UL>
<P><STRONG><a name="[66]"></a>ATT_BuildPrepareWriteRsp</STRONG> (Thumb, 28 bytes, Stack size 0 bytes, att_server.o(i.ATT_BuildPrepareWriteRsp))
<BR>[Address Reference Count : 1]<UL><LI> att_server.o(i.ATT_PrepareWriteRsp)
</UL>
<P><STRONG><a name="[67]"></a>ATT_BuildReadBlobRsp</STRONG> (Thumb, 4 bytes, Stack size 0 bytes, att_server.o(i.ATT_BuildReadBlobRsp))
<BR>[Address Reference Count : 1]<UL><LI> att_server.o(i.ATT_ReadBlobRsp)
</UL>
<P><STRONG><a name="[68]"></a>ATT_BuildReadByGrpTypeRsp</STRONG> (Thumb, 16 bytes, Stack size 0 bytes, att_server.o(i.ATT_BuildReadByGrpTypeRsp))
<BR>[Address Reference Count : 1]<UL><LI> att_server.o(i.ATT_ReadByGrpTypeRsp)
</UL>
<P><STRONG><a name="[69]"></a>ATT_BuildReadByTypeRsp</STRONG> (Thumb, 16 bytes, Stack size 0 bytes, att_server.o(i.ATT_BuildReadByTypeRsp))
<BR>[Address Reference Count : 1]<UL><LI> att_server.o(i.ATT_ReadByTypeRsp)
</UL>
<P><STRONG><a name="[6a]"></a>ATT_BuildReadMultiRsp</STRONG> (Thumb, 4 bytes, Stack size 0 bytes, att_server.o(i.ATT_BuildReadMultiRsp))
<BR>[Address Reference Count : 1]<UL><LI> att_server.o(i.ATT_ReadMultiRsp)
</UL>
<P><STRONG><a name="[6b]"></a>ATT_BuildReadRsp</STRONG> (Thumb, 4 bytes, Stack size 0 bytes, att_server.o(i.ATT_BuildReadRsp))
<BR>[Address Reference Count : 1]<UL><LI> att_server.o(i.ATT_ReadRsp)
</UL>
<P><STRONG><a name="[12e]"></a>ATT_CompareUUID</STRONG> (Thumb, 74 bytes, Stack size 32 bytes, att.o(i.ATT_CompareUUID))
<BR><BR>[Stack]<UL><LI>Max Depth = 48<LI>Call Chain = ATT_CompareUUID &rArr; ATT_ConvertUUIDto128
</UL>
<BR>[Calls]<UL><LI><a href="#[f9]">&gt;&gt;</a>&nbsp;&nbsp;&nbsp;tmos_memcmp
<LI><a href="#[12f]">&gt;&gt;</a>&nbsp;&nbsp;&nbsp;ATT_ConvertUUIDto128
</UL>
<BR>[Called By]<UL><LI><a href="#[1bb]">&gt;&gt;</a>&nbsp;&nbsp;&nbsp;GATT_RegisterService
<LI><a href="#[1b9]">&gt;&gt;</a>&nbsp;&nbsp;&nbsp;GATT_FindNextAttr
<LI><a href="#[1b6]">&gt;&gt;</a>&nbsp;&nbsp;&nbsp;GATTServApp_ReadAttr
<LI><a href="#[25]">&gt;&gt;</a>&nbsp;&nbsp;&nbsp;gattProcessReadByGrpTypeReq
<LI><a href="#[1c2]">&gt;&gt;</a>&nbsp;&nbsp;&nbsp;GATT_FindHandleUUID
</UL>

<P><STRONG><a name="[12f]"></a>ATT_ConvertUUIDto128</STRONG> (Thumb, 38 bytes, Stack size 16 bytes, att.o(i.ATT_ConvertUUIDto128))
<BR><BR>[Stack]<UL><LI>Max Depth = 16<LI>Call Chain = ATT_ConvertUUIDto128
</UL>
<BR>[Calls]<UL><LI><a href="#[bd]">&gt;&gt;</a>&nbsp;&nbsp;&nbsp;tmos_memcpy
</UL>
<BR>[Called By]<UL><LI><a href="#[12e]">&gt;&gt;</a>&nbsp;&nbsp;&nbsp;ATT_CompareUUID
</UL>

<P><STRONG><a name="[130]"></a>ATT_ErrorRsp</STRONG> (Thumb, 18 bytes, Stack size 8 bytes, att.o(i.ATT_ErrorRsp))
<BR><BR>[Stack]<UL><LI>Max Depth = 300<LI>Call Chain = ATT_ErrorRsp &rArr; attSendRspMsg &rArr; attSendMsg &rArr; SM_GenerateAuthenSig &rArr; sm_CMAC &rArr; generate_subkey &rArr; LL_Encrypt &rArr; ll_hw_api_enc &rArr; AES_DevAESEnc
</UL>
<BR>[Calls]<UL><LI><a href="#[131]">&gt;&gt;</a>&nbsp;&nbsp;&nbsp;attSendRspMsg
</UL>
<BR>[Called By]<UL><LI><a href="#[70]">&gt;&gt;</a>&nbsp;&nbsp;&nbsp;gattServerProcessMsgCB
<LI><a href="#[1b5]">&gt;&gt;</a>&nbsp;&nbsp;&nbsp;gattServApp_ProcessMsg
<LI><a href="#[1ce]">&gt;&gt;</a>&nbsp;&nbsp;&nbsp;gattProcessRxData
</UL>

<P><STRONG><a name="[132]"></a>ATT_ExchangeMTURsp</STRONG> (Thumb, 28 bytes, Stack size 8 bytes, att_server.o(i.ATT_ExchangeMTURsp))
<BR><BR>[Stack]<UL><LI>Max Depth = 300<LI>Call Chain = ATT_ExchangeMTURsp &rArr; attSendRspMsg &rArr; attSendMsg &rArr; SM_GenerateAuthenSig &rArr; sm_CMAC &rArr; generate_subkey &rArr; LL_Encrypt &rArr; ll_hw_api_enc &rArr; AES_DevAESEnc
</UL>
<BR>[Calls]<UL><LI><a href="#[131]">&gt;&gt;</a>&nbsp;&nbsp;&nbsp;attSendRspMsg
</UL>
<BR>[Called By]<UL><LI><a href="#[1b5]">&gt;&gt;</a>&nbsp;&nbsp;&nbsp;gattServApp_ProcessMsg
</UL>

<P><STRONG><a name="[133]"></a>ATT_ExecuteWriteRsp</STRONG> (Thumb, 16 bytes, Stack size 8 bytes, att_server.o(i.ATT_ExecuteWriteRsp))
<BR><BR>[Stack]<UL><LI>Max Depth = 300<LI>Call Chain = ATT_ExecuteWriteRsp &rArr; attSendRspMsg &rArr; attSendMsg &rArr; SM_GenerateAuthenSig &rArr; sm_CMAC &rArr; generate_subkey &rArr; LL_Encrypt &rArr; ll_hw_api_enc &rArr; AES_DevAESEnc
</UL>
<BR>[Calls]<UL><LI><a href="#[131]">&gt;&gt;</a>&nbsp;&nbsp;&nbsp;attSendRspMsg
</UL>
<BR>[Called By]<UL><LI><a href="#[2e2]">&gt;&gt;</a>&nbsp;&nbsp;&nbsp;gattServApp_ProcessExecuteWriteReq
</UL>

<P><STRONG><a name="[134]"></a>ATT_FindByTypeValueRsp</STRONG> (Thumb, 44 bytes, Stack size 16 bytes, att_server.o(i.ATT_FindByTypeValueRsp))
<BR><BR>[Stack]<UL><LI>Max Depth = 308<LI>Call Chain = ATT_FindByTypeValueRsp &rArr; attSendRspMsg &rArr; attSendMsg &rArr; SM_GenerateAuthenSig &rArr; sm_CMAC &rArr; generate_subkey &rArr; LL_Encrypt &rArr; ll_hw_api_enc &rArr; AES_DevAESEnc
</UL>
<BR>[Calls]<UL><LI><a href="#[135]">&gt;&gt;</a>&nbsp;&nbsp;&nbsp;tmos_bm_adjust_header
<LI><a href="#[131]">&gt;&gt;</a>&nbsp;&nbsp;&nbsp;attSendRspMsg
</UL>
<BR>[Called By]<UL><LI><a href="#[2e3]">&gt;&gt;</a>&nbsp;&nbsp;&nbsp;gattServApp_ProcessFindByTypeValueReq
</UL>

<P><STRONG><a name="[136]"></a>ATT_FindInfoRsp</STRONG> (Thumb, 54 bytes, Stack size 16 bytes, att_server.o(i.ATT_FindInfoRsp))
<BR><BR>[Stack]<UL><LI>Max Depth = 308<LI>Call Chain = ATT_FindInfoRsp &rArr; attSendRspMsg &rArr; attSendMsg &rArr; SM_GenerateAuthenSig &rArr; sm_CMAC &rArr; generate_subkey &rArr; LL_Encrypt &rArr; ll_hw_api_enc &rArr; AES_DevAESEnc
</UL>
<BR>[Calls]<UL><LI><a href="#[135]">&gt;&gt;</a>&nbsp;&nbsp;&nbsp;tmos_bm_adjust_header
<LI><a href="#[131]">&gt;&gt;</a>&nbsp;&nbsp;&nbsp;attSendRspMsg
</UL>
<BR>[Called By]<UL><LI><a href="#[1b]">&gt;&gt;</a>&nbsp;&nbsp;&nbsp;gattProcessFindInfoReq
</UL>

<P><STRONG><a name="[137]"></a>ATT_GetMTU</STRONG> (Thumb, 26 bytes, Stack size 8 bytes, att.o(i.ATT_GetMTU))
<BR><BR>[Stack]<UL><LI>Max Depth = 20<LI>Call Chain = ATT_GetMTU &rArr; linkDB_MTU &rArr; linkDB_Find
</UL>
<BR>[Calls]<UL><LI><a href="#[138]">&gt;&gt;</a>&nbsp;&nbsp;&nbsp;L2CAP_GetMTU
<LI><a href="#[139]">&gt;&gt;</a>&nbsp;&nbsp;&nbsp;linkDB_MTU
</UL>
<BR>[Called By]<UL><LI><a href="#[b5]">&gt;&gt;</a>&nbsp;&nbsp;&nbsp;GATT_bm_alloc
<LI><a href="#[2e5]">&gt;&gt;</a>&nbsp;&nbsp;&nbsp;gattServApp_ProcessReadMultiReq
<LI><a href="#[2e4]">&gt;&gt;</a>&nbsp;&nbsp;&nbsp;gattServApp_ProcessReadByTypeReq
<LI><a href="#[2e6]">&gt;&gt;</a>&nbsp;&nbsp;&nbsp;gattServApp_ProcessReadByGrpTypeReq
<LI><a href="#[2e3]">&gt;&gt;</a>&nbsp;&nbsp;&nbsp;gattServApp_ProcessFindByTypeValueReq
<LI><a href="#[13b]">&gt;&gt;</a>&nbsp;&nbsp;&nbsp;attSendMsg
</UL>

<P><STRONG><a name="[13a]"></a>ATT_HandleValueInd</STRONG> (Thumb, 38 bytes, Stack size 16 bytes, att_server.o(i.ATT_HandleValueInd))
<BR><BR>[Stack]<UL><LI>Max Depth = 284<LI>Call Chain = ATT_HandleValueInd &rArr; attSendMsg &rArr; SM_GenerateAuthenSig &rArr; sm_CMAC &rArr; generate_subkey &rArr; LL_Encrypt &rArr; ll_hw_api_enc &rArr; AES_DevAESEnc
[...]
<LI><a href="#[329]">&gt;&gt;</a>&nbsp;&nbsp;&nbsp;ll_hw_timer_renew_anchor_point
<LI><a href="#[286]">&gt;&gt;</a>&nbsp;&nbsp;&nbsp;LL_SlaveProcess
<LI><a href="#[287]">&gt;&gt;</a>&nbsp;&nbsp;&nbsp;llSlaveRx
<LI><a href="#[320]">&gt;&gt;</a>&nbsp;&nbsp;&nbsp;ll_hw_timer_slave_connect_update
</UL>

<P><STRONG><a name="[28f]"></a>TIM_RTC_CLK_ACCURACY</STRONG> (Thumb, 24 bytes, Stack size 0 bytes, ll_slave.o(i.TIM_RTC_CLK_ACCURACY))
<BR><BR>[Called By]<UL><LI><a href="#[28e]">&gt;&gt;</a>&nbsp;&nbsp;&nbsp;LL_SlaveSetFirstTimer
<LI><a href="#[329]">&gt;&gt;</a>&nbsp;&nbsp;&nbsp;ll_hw_timer_renew_anchor_point
<LI><a href="#[320]">&gt;&gt;</a>&nbsp;&nbsp;&nbsp;ll_hw_timer_slave_connect_update
</UL>

<P><STRONG><a name="[287]"></a>llSlaveRx</STRONG> (Thumb, 246 bytes, Stack size 24 bytes, ll_slave.o(i.llSlaveRx))
<BR><BR>[Stack]<UL><LI>Max Depth = 68<LI>Call Chain = llSlaveRx &rArr; tmos_update_callback_timer &rArr; tmos_start_task &rArr; tmos_memory_allocate
</UL>
<BR>[Calls]<UL><LI><a href="#[22c]">&gt;&gt;</a>&nbsp;&nbsp;&nbsp;ble_ll_chkcrc
<LI><a href="#[238]">&gt;&gt;</a>&nbsp;&nbsp;&nbsp;LL_bm_free
<LI><a href="#[315]">&gt;&gt;</a>&nbsp;&nbsp;&nbsp;tmos_update_callback_timer
<LI><a href="#[31c]">&gt;&gt;</a>&nbsp;&nbsp;&nbsp;ll_slave_parse_datapdu_payload
<LI><a href="#[28c]">&gt;&gt;</a>&nbsp;&nbsp;&nbsp;TIM_1US_TO_RTC_CLK
<LI><a href="#[319]">&gt;&gt;</a>&nbsp;&nbsp;&nbsp;ll_connect_parse_datapdu_head
<LI><a href="#[317]">&gt;&gt;</a>&nbsp;&nbsp;&nbsp;LL_ConnectTxPktnumIncrease
<LI><a href="#[31b]">&gt;&gt;</a>&nbsp;&nbsp;&nbsp;LL_ConnectRxPktnumIncrease
<LI><a href="#[316]">&gt;&gt;</a>&nbsp;&nbsp;&nbsp;LL_ConnectFlowcontrolTx
<LI><a href="#[318]">&gt;&gt;</a>&nbsp;&nbsp;&nbsp;LL_ConnectFlowcontrolRx
</UL>
<BR>[Called By]<UL><LI><a href="#[286]">&gt;&gt;</a>&nbsp;&nbsp;&nbsp;LL_SlaveProcess
</UL>

<P><STRONG><a name="[288]"></a>ll_slave_action_tx_ready</STRONG> (Thumb, 1046 bytes, Stack size 32 bytes, ll_slave.o(i.ll_slave_action_tx_ready))
<BR><BR>[Stack]<UL><LI>Max Depth = 140<LI>Call Chain = ll_slave_action_tx_ready &rArr; LL_LengthReq &rArr; ll_connect_set_procedure_timeout &rArr; tmos_start_callback_task &rArr; tmos_start_task &rArr; tmos_memory_allocate
</UL>
<BR>[Calls]<UL><LI><a href="#[bd]">&gt;&gt;</a>&nbsp;&nbsp;&nbsp;tmos_memcpy
<LI><a href="#[23b]">&gt;&gt;</a>&nbsp;&nbsp;&nbsp;tmos_stop_callback_task
<LI><a href="#[32c]">&gt;&gt;</a>&nbsp;&nbsp;&nbsp;LL_VersionInd
<LI><a href="#[293]">&gt;&gt;</a>&nbsp;&nbsp;&nbsp;LL_TerminateInd
<LI><a href="#[334]">&gt;&gt;</a>&nbsp;&nbsp;&nbsp;LL_StartEncRsp
<LI><a href="#[33e]">&gt;&gt;</a>&nbsp;&nbsp;&nbsp;LL_StartEncReq
<LI><a href="#[285]">&gt;&gt;</a>&nbsp;&nbsp;&nbsp;LL_SlaveFeatureReq
<LI><a href="#[331]">&gt;&gt;</a>&nbsp;&nbsp;&nbsp;LL_SendDmaBuf
<LI><a href="#[330]">&gt;&gt;</a>&nbsp;&nbsp;&nbsp;LL_SendAck
<LI><a href="#[335]">&gt;&gt;</a>&nbsp;&nbsp;&nbsp;LL_RxVersionExchange
<LI><a href="#[279]">&gt;&gt;</a>&nbsp;&nbsp;&nbsp;LL_RxLenUpdate
<LI><a href="#[277]">&gt;&gt;</a>&nbsp;&nbsp;&nbsp;LL_RxConnParamReq
<LI><a href="#[32d]">&gt;&gt;</a>&nbsp;&nbsp;&nbsp;LL_RejectIndExt
<LI><a href="#[32e]">&gt;&gt;</a>&nbsp;&nbsp;&nbsp;LL_RejectInd
<LI><a href="#[336]">&gt;&gt;</a>&nbsp;&nbsp;&nbsp;LL_PingRsp
<LI><a href="#[268]">&gt;&gt;</a>&nbsp;&nbsp;&nbsp;LL_PingReq
<LI><a href="#[333]">&gt;&gt;</a>&nbsp;&nbsp;&nbsp;LL_PauseEncRsp
<LI><a href="#[337]">&gt;&gt;</a>&nbsp;&nbsp;&nbsp;LL_LengthRsp
<LI><a href="#[256]">&gt;&gt;</a>&nbsp;&nbsp;&nbsp;LL_LengthReq
<LI><a href="#[248]">&gt;&gt;</a>&nbsp;&nbsp;&nbsp;LL_FeatureRsp
<LI><a href="#[245]">&gt;&gt;</a>&nbsp;&nbsp;&nbsp;LL_EncRsp
<LI><a href="#[240]">&gt;&gt;</a>&nbsp;&nbsp;&nbsp;LL_ConnectionParamRsp
<LI><a href="#[23e]">&gt;&gt;</a>&nbsp;&nbsp;&nbsp;LL_ConnectionParamReq
<LI><a href="#[33d]">&gt;&gt;</a>&nbsp;&nbsp;&nbsp;ll_slave_encrypt_req
<LI><a href="#[32f]">&gt;&gt;</a>&nbsp;&nbsp;&nbsp;ll_connect_send_data
</UL>
<BR>[Called By]<UL><LI><a href="#[286]">&gt;&gt;</a>&nbsp;&nbsp;&nbsp;LL_SlaveProcess
</UL>

<P><STRONG><a name="[33d]"></a>ll_slave_encrypt_req</STRONG> (Thumb, 158 bytes, Stack size 16 bytes, ll_slave.o(i.ll_slave_encrypt_req))
<BR><BR>[Stack]<UL><LI>Max Depth = 100<LI>Call Chain = ll_slave_encrypt_req &rArr; ll_connect_set_procedure_timeout &rArr; tmos_start_callback_task &rArr; tmos_start_task &rArr; tmos_memory_allocate
</UL>
<BR>[Calls]<UL><LI><a href="#[bd]">&gt;&gt;</a>&nbsp;&nbsp;&nbsp;tmos_memcpy
<LI><a href="#[292]">&gt;&gt;</a>&nbsp;&nbsp;&nbsp;tmos_rand
<LI><a href="#[23f]">&gt;&gt;</a>&nbsp;&nbsp;&nbsp;ll_connect_set_procedure_timeout
</UL>
<BR>[Called By]<UL><LI><a href="#[288]">&gt;&gt;</a>&nbsp;&nbsp;&nbsp;ll_slave_action_tx_ready
</UL>

<P><STRONG><a name="[284]"></a>ll_slave_initParameters</STRONG> (Thumb, 156 bytes, Stack size 16 bytes, ll_slave.o(i.ll_slave_initParameters))
<BR><BR>[Stack]<UL><LI>Max Depth = 40<LI>Call Chain = ll_slave_initParameters &rArr; ll_connect_init_dataLen &rArr; ll_connect_calculate_effective_len
</UL>
<BR>[Calls]<UL><LI><a href="#[e0]">&gt;&gt;</a>&nbsp;&nbsp;&nbsp;tmos_memset
<LI><a href="#[188]">&gt;&gt;</a>&nbsp;&nbsp;&nbsp;tmos_memory_allocate
<LI><a href="#[323]">&gt;&gt;</a>&nbsp;&nbsp;&nbsp;ll_connect_init_dataLen
<LI><a href="#[339]">&gt;&gt;</a>&nbsp;&nbsp;&nbsp;ll_connect_flowcontrol_init
</UL>
<BR>[Called By]<UL><LI><a href="#[283]">&gt;&gt;</a>&nbsp;&nbsp;&nbsp;LL_SlaveCreateCore
</UL>

<P><STRONG><a name="[31c]"></a>ll_slave_parse_datapdu_payload</STRONG> (Thumb, 796 bytes, Stack size 24 bytes, ll_slave.o(i.ll_slave_parse_datapdu_payload))
<BR><BR>[Stack]<UL><LI>Max Depth = 36<LI>Call Chain = ll_slave_parse_datapdu_payload &rArr; tmos_memory_allocate
</UL>
<BR>[Calls]<UL><LI><a href="#[188]">&gt;&gt;</a>&nbsp;&nbsp;&nbsp;tmos_memory_allocate
<LI><a href="#[33a]">&gt;&gt;</a>&nbsp;&nbsp;&nbsp;LL_UnknowRsp
</UL>
<BR>[Called By]<UL><LI><a href="#[287]">&gt;&gt;</a>&nbsp;&nbsp;&nbsp;llSlaveRx
</UL>

<P><STRONG><a name="[28d]"></a>ll_slave_process_after_tx</STRONG> (Thumb, 424 bytes, Stack size 24 bytes, ll_slave.o(i.ll_slave_process_after_tx))
<BR><BR>[Stack]<UL><LI>Max Depth = 100<LI>Call Chain = ll_slave_process_after_tx &rArr; ll_connect_set_auth_timeout &rArr; tmos_start_callback_task &rArr; tmos_start_task &rArr; tmos_memory_allocate
</UL>
<BR>[Calls]<UL><LI><a href="#[315]">&gt;&gt;</a>&nbsp;&nbsp;&nbsp;tmos_update_callback_timer
<LI><a href="#[23b]">&gt;&gt;</a>&nbsp;&nbsp;&nbsp;tmos_stop_callback_task
<LI><a href="#[227]">&gt;&gt;</a>&nbsp;&nbsp;&nbsp;LL_ReportGenerateEvent
<LI><a href="#[329]">&gt;&gt;</a>&nbsp;&nbsp;&nbsp;ll_hw_timer_renew_anchor_point
<LI><a href="#[324]">&gt;&gt;</a>&nbsp;&nbsp;&nbsp;ll_connect_set_auth_timeout
<LI><a href="#[23d]">&gt;&gt;</a>&nbsp;&nbsp;&nbsp;LL_ConnectToStandby
</UL>
<BR>[Called By]<UL><LI><a href="#[286]">&gt;&gt;</a>&nbsp;&nbsp;&nbsp;LL_SlaveProcess
</UL>

<P><STRONG><a name="[3c]"></a>ll_slave_rf_event_start</STRONG> (Thumb, 190 bytes, Stack size 24 bytes, ll_slave.o(i.ll_slave_rf_event_start))
<BR><BR>[Stack]<UL><LI>Max Depth = 116<LI>Call Chain = ll_slave_rf_event_start &rArr; ll_connect_action_in_connintervaltimeout &rArr; LL_ConnectToStandby &rArr; LL_ReportGenerateEvent &rArr; tmos_msg_send &rArr; tmos_msg_deallocate &rArr; tmos_memory_free
</UL>
<BR>[Calls]<UL><LI><a href="#[262]">&gt;&gt;</a>&nbsp;&nbsp;&nbsp;ll_hw_api_set_pkt_dec
<LI><a href="#[250]">&gt;&gt;</a>&nbsp;&nbsp;&nbsp;ble_ll_hw_api_rx
<LI><a href="#[230]">&gt;&gt;</a>&nbsp;&nbsp;&nbsp;ble_ll_set_timeout
<LI><a href="#[249]">&gt;&gt;</a>&nbsp;&nbsp;&nbsp;LL_HopGetChannel
<LI><a href="#[291]">&gt;&gt;</a>&nbsp;&nbsp;&nbsp;RTC_GetCnt32K
<LI><a href="#[28b]">&gt;&gt;</a>&nbsp;&nbsp;&nbsp;RTC_A_SUB_B
<LI><a href="#[28a]">&gt;&gt;</a>&nbsp;&nbsp;&nbsp;RTC_A_ADD_B
<LI><a href="#[31f]">&gt;&gt;</a>&nbsp;&nbsp;&nbsp;ll_connect_action_in_connintervaltimeout
</UL>
<BR>[Address Reference Count : 1]<UL><LI> ll_slave.o(.data)
</UL>
<P><STRONG><a name="[3b]"></a>ll_slave_to_next_rf_event</STRONG> (Thumb, 194 bytes, Stack size 32 bytes, ll_slave.o(i.ll_slave_to_next_rf_event))
<BR><BR>[Stack]<UL><LI>Max Depth = 212<LI>Call Chain = ll_slave_to_next_rf_event &rArr; LL_SlaveProcess &rArr; ll_hw_temp_sample &rArr; BLE_Init &rArr; RFEND_TXCtune &rArr; __aeabi_idivmod &rArr; __aeabi_uidivmod
</UL>
<BR>[Calls]<UL><LI><a href="#[22b]">&gt;&gt;</a>&nbsp;&nbsp;&nbsp;ble_ll_hw_api_shut
<LI><a href="#[249]">&gt;&gt;</a>&nbsp;&nbsp;&nbsp;LL_HopGetChannel
<LI><a href="#[286]">&gt;&gt;</a>&nbsp;&nbsp;&nbsp;LL_SlaveProcess
<LI><a href="#[290]">&gt;&gt;</a>&nbsp;&nbsp;&nbsp;TIM_1250US_TO_RTC_CLK
<LI><a href="#[291]">&gt;&gt;</a>&nbsp;&nbsp;&nbsp;RTC_GetCnt32K
<LI><a href="#[28b]">&gt;&gt;</a>&nbsp;&nbsp;&nbsp;RTC_A_SUB_B
<LI><a href="#[28a]">&gt;&gt;</a>&nbsp;&nbsp;&nbsp;RTC_A_ADD_B
<LI><a href="#[31f]">&gt;&gt;</a>&nbsp;&nbsp;&nbsp;ll_connect_action_in_connintervaltimeout
</UL>
<BR>[Address Reference Count : 1]<UL><LI> ll_slave.o(.data)
</UL>
<P><STRONG><a name="[328]"></a>RTC_A_ADD_B</STRONG> (Thumb, 14 bytes, Stack size 0 bytes, ll_master.o(i.RTC_A_ADD_B))
<BR><BR>[Called By]<UL><LI><a href="#[321]">&gt;&gt;</a>&nbsp;&nbsp;&nbsp;ll_hw_timer_master_connect_update
<LI><a href="#[3d]">&gt;&gt;</a>&nbsp;&nbsp;&nbsp;ll_master_to_next_rf_event
<LI><a href="#[3e]">&gt;&gt;</a>&nbsp;&nbsp;&nbsp;ll_master_rf_event_start
</UL>

<P><STRONG><a name="[264]"></a>RTC_GetCnt32K</STRONG> (Thumb, 24 bytes, Stack size 12 bytes, ll_master.o(i.RTC_GetCnt32K))
<BR><BR>[Stack]<UL><LI>Max Depth = 12<LI>Call Chain = RTC_GetCnt32K
</UL>
<BR>[Called By]<UL><LI><a href="#[252]">&gt;&gt;</a>&nbsp;&nbsp;&nbsp;LL_MasterSetFirstTimer
<LI><a href="#[3d]">&gt;&gt;</a>&nbsp;&nbsp;&nbsp;ll_master_to_next_rf_event
<LI><a href="#[3e]">&gt;&gt;</a>&nbsp;&nbsp;&nbsp;ll_master_rf_event_start
</UL>

<P><STRONG><a name="[263]"></a>TIM_1250US_TO_RTC_CLK</STRONG> (Thumb, 40 bytes, Stack size 8 bytes, ll_master.o(i.TIM_1250US_TO_RTC_CLK))
<BR><BR>[Stack]<UL><LI>Max Depth = 32<LI>Call Chain = TIM_1250US_TO_RTC_CLK &rArr; __ARM_common_ll_muluu
</UL>
<BR>[Calls]<UL><LI><a href="#[2a7]">&gt;&gt;</a>&nbsp;&nbsp;&nbsp;__ARM_common_ll_muluu
</UL>
<BR>[Called By]<UL><LI><a href="#[252]">&gt;&gt;</a>&nbsp;&nbsp;&nbsp;LL_MasterSetFirstTimer
<LI><a href="#[321]">&gt;&gt;</a>&nbsp;&nbsp;&nbsp;ll_hw_timer_master_connect_update
<LI><a href="#[3d]">&gt;&gt;</a>&nbsp;&nbsp;&nbsp;ll_master_to_next_rf_event
</UL>

<P><STRONG><a name="[260]"></a>TIM_1US_TO_RTC_CLK</STRONG> (Thumb, 6 bytes, Stack size 0 bytes, ll_master.o(i.TIM_1US_TO_RTC_CLK))
<BR><BR>[Called By]<UL><LI><a href="#[252]">&gt;&gt;</a>&nbsp;&nbsp;&nbsp;LL_MasterSetFirstTimer
<LI><a href="#[25a]">&gt;&gt;</a>&nbsp;&nbsp;&nbsp;LL_MasterProcess
<LI><a href="#[3e]">&gt;&gt;</a>&nbsp;&nbsp;&nbsp;ll_master_rf_event_start
</UL>

<P><STRONG><a name="[25b]"></a>llMasterRx</STRONG> (Thumb, 214 bytes, Stack size 24 bytes, ll_master.o(i.llMasterRx))
<BR><BR>[Stack]<UL><LI>Max Depth = 72<LI>Call Chain = llMasterRx &rArr; ll_master_parse_datapdu_payload &rArr; LL_RxConnParamReq
</UL>
<BR>[Calls]<UL><LI><a href="#[22c]">&gt;&gt;</a>&nbsp;&nbsp;&nbsp;ble_ll_chkcrc
<LI><a href="#[238]">&gt;&gt;</a>&nbsp;&nbsp;&nbsp;LL_bm_free
<LI><a href="#[315]">&gt;&gt;</a>&nbsp;&nbsp;&nbsp;tmos_update_callback_timer
<LI><a href="#[31a]">&gt;&gt;</a>&nbsp;&nbsp;&nbsp;ll_master_parse_datapdu_payload
<LI><a href="#[319]">&gt;&gt;</a>&nbsp;&nbsp;&nbsp;ll_connect_parse_datapdu_head
<LI><a href="#[317]">&gt;&gt;</a>&nbsp;&nbsp;&nbsp;LL_ConnectTxPktnumIncrease
<LI><a href="#[31b]">&gt;&gt;</a>&nbsp;&nbsp;&nbsp;LL_ConnectRxPktnumIncrease
<LI><a href="#[316]">&gt;&gt;</a>&nbsp;&nbsp;&nbsp;LL_ConnectFlowcontrolTx
<LI><a href="#[318]">&gt;&gt;</a>&nbsp;&nbsp;&nbsp;LL_ConnectFlowcontrolRx
</UL>
<BR>[Called By]<UL><LI><a href="#[25a]">&gt;&gt;</a>&nbsp;&nbsp;&nbsp;LL_MasterProcess
</UL>

<P><STRONG><a name="[25d]"></a>ll_master_action_tx_ready</STRONG> (Thumb, 970 bytes, Stack size 32 bytes, ll_master.o(i.ll_master_action_tx_ready))
<BR><BR>[Stack]<UL><LI>Max Depth = 140<LI>Call Chain = ll_master_action_tx_ready &rArr; LL_LengthReq &rArr; ll_connect_set_procedure_timeout &rArr; tmos_start_callback_task &rArr; tmos_start_task &rArr; tmos_memory_allocate
</UL>
<BR>[Calls]<UL><LI><a href="#[257]">&gt;&gt;</a>&nbsp;&nbsp;&nbsp;ll_hw_api_reset_enc
<LI><a href="#[23b]">&gt;&gt;</a>&nbsp;&nbsp;&nbsp;tmos_stop_callback_task
<LI><a href="#[32c]">&gt;&gt;</a>&nbsp;&nbsp;&nbsp;LL_VersionInd
<LI><a href="#[293]">&gt;&gt;</a>&nbsp;&nbsp;&nbsp;LL_TerminateInd
<LI><a href="#[334]">&gt;&gt;</a>&nbsp;&nbsp;&nbsp;LL_StartEncRsp
<LI><a href="#[331]">&gt;&gt;</a>&nbsp;&nbsp;&nbsp;LL_SendDmaBuf
<LI><a href="#[330]">&gt;&gt;</a>&nbsp;&nbsp;&nbsp;LL_SendAck
<LI><a href="#[335]">&gt;&gt;</a>&nbsp;&nbsp;&nbsp;LL_RxVersionExchange
<LI><a href="#[279]">&gt;&gt;</a>&nbsp;&nbsp;&nbsp;LL_RxLenUpdate
<LI><a href="#[277]">&gt;&gt;</a>&nbsp;&nbsp;&nbsp;LL_RxConnParamReq
<LI><a href="#[32d]">&gt;&gt;</a>&nbsp;&nbsp;&nbsp;LL_RejectIndExt
<LI><a href="#[32e]">&gt;&gt;</a>&nbsp;&nbsp;&nbsp;LL_RejectInd
<LI><a href="#[336]">&gt;&gt;</a>&nbsp;&nbsp;&nbsp;LL_PingRsp
<LI><a href="#[268]">&gt;&gt;</a>&nbsp;&nbsp;&nbsp;LL_PingReq
<LI><a href="#[333]">&gt;&gt;</a>&nbsp;&nbsp;&nbsp;LL_PauseEncRsp
<LI><a href="#[337]">&gt;&gt;</a>&nbsp;&nbsp;&nbsp;LL_LengthRsp
<LI><a href="#[256]">&gt;&gt;</a>&nbsp;&nbsp;&nbsp;LL_LengthReq
<LI><a href="#[248]">&gt;&gt;</a>&nbsp;&nbsp;&nbsp;LL_FeatureRsp
<LI><a href="#[23e]">&gt;&gt;</a>&nbsp;&nbsp;&nbsp;LL_ConnectionParamReq
<LI><a href="#[32f]">&gt;&gt;</a>&nbsp;&nbsp;&nbsp;ll_connect_send_data
<LI><a href="#[278]">&gt;&gt;</a>&nbsp;&nbsp;&nbsp;LL_RxConnParamRsp
<LI><a href="#[267]">&gt;&gt;</a>&nbsp;&nbsp;&nbsp;LL_PauseEncReq
<LI><a href="#[247]">&gt;&gt;</a>&nbsp;&nbsp;&nbsp;LL_FeatureReq
<LI><a href="#[244]">&gt;&gt;</a>&nbsp;&nbsp;&nbsp;LL_EncReq
<LI><a href="#[332]">&gt;&gt;</a>&nbsp;&nbsp;&nbsp;LL_ConnectionUpdateReq
<LI><a href="#[234]">&gt;&gt;</a>&nbsp;&nbsp;&nbsp;LL_ChannelMapReq
</UL>
<BR>[Called By]<UL><LI><a href="#[25a]">&gt;&gt;</a>&nbsp;&nbsp;&nbsp;LL_MasterProcess
<LI><a href="#[3e]">&gt;&gt;</a>&nbsp;&nbsp;&nbsp;ll_master_rf_event_start
</UL>

<P><STRONG><a name="[258]"></a>ll_master_initParameters</STRONG> (Thumb, 208 bytes, Stack size 24 bytes, ll_master.o(i.ll_master_initParameters))
<BR><BR>[Stack]<UL><LI>Max Depth = 48<LI>Call Chain = ll_master_initParameters &rArr; ll_connect_init_dataLen &rArr; ll_connect_calculate_effective_len
</UL>
<BR>[Calls]<UL><LI><a href="#[e0]">&gt;&gt;</a>&nbsp;&nbsp;&nbsp;tmos_memset
<LI><a href="#[188]">&gt;&gt;</a>&nbsp;&nbsp;&nbsp;tmos_memory_allocate
<LI><a href="#[323]">&gt;&gt;</a>&nbsp;&nbsp;&nbsp;ll_connect_init_dataLen
<LI><a href="#[339]">&gt;&gt;</a>&nbsp;&nbsp;&nbsp;ll_connect_flowcontrol_init
<LI><a href="#[338]">&gt;&gt;</a>&nbsp;&nbsp;&nbsp;LL_HopAtleastTwoChannels
</UL>
<BR>[Called By]<UL><LI><a href="#[251]">&gt;&gt;</a>&nbsp;&nbsp;&nbsp;LL_MasterCreateCore
</UL>

<P><STRONG><a name="[31a]"></a>ll_master_parse_datapdu_payload</STRONG> (Thumb, 970 bytes, Stack size 24 bytes, ll_master.o(i.ll_master_parse_datapdu_payload))
<BR><BR>[Stack]<UL><LI>Max Depth = 48<LI>Call Chain = ll_master_parse_datapdu_payload &rArr; LL_RxConnParamReq
</UL>
<BR>[Calls]<UL><LI><a href="#[188]">&gt;&gt;</a>&nbsp;&nbsp;&nbsp;tmos_memory_allocate
<LI><a href="#[33a]">&gt;&gt;</a>&nbsp;&nbsp;&nbsp;LL_UnknowRsp
<LI><a href="#[277]">&gt;&gt;</a>&nbsp;&nbsp;&nbsp;LL_RxConnParamReq
</UL>
<BR>[Called By]<UL><LI><a href="#[25b]">&gt;&gt;</a>&nbsp;&nbsp;&nbsp;llMasterRx
</UL>

<P><STRONG><a name="[261]"></a>ll_master_process_after_rx</STRONG> (Thumb, 396 bytes, Stack size 24 bytes, ll_master.o(i.ll_master_process_after_rx))
<BR><BR>[Stack]<UL><LI>Max Depth = 100<LI>Call Chain = ll_master_process_after_rx &rArr; ll_connect_set_auth_timeout &rArr; tmos_start_callback_task &rArr; tmos_start_task &rArr; tmos_memory_allocate
</UL>
<BR>[Calls]<UL><LI><a href="#[315]">&gt;&gt;</a>&nbsp;&nbsp;&nbsp;tmos_update_callback_timer
<LI><a href="#[23b]">&gt;&gt;</a>&nbsp;&nbsp;&nbsp;tmos_stop_callback_task
<LI><a href="#[227]">&gt;&gt;</a>&nbsp;&nbsp;&nbsp;LL_ReportGenerateEvent
<LI><a href="#[324]">&gt;&gt;</a>&nbsp;&nbsp;&nbsp;ll_connect_set_auth_timeout
<LI><a href="#[23d]">&gt;&gt;</a>&nbsp;&nbsp;&nbsp;LL_ConnectToStandby
</UL>
<BR>[Called By]<UL><LI><a href="#[25a]">&gt;&gt;</a>&nbsp;&nbsp;&nbsp;LL_MasterProcess
</UL>

<P><STRONG><a name="[3e]"></a>ll_master_rf_event_start</STRONG> (Thumb, 164 bytes, Stack size 16 bytes, ll_master.o(i.ll_master_rf_event_start))
<BR><BR>[Stack]<UL><LI>Max Depth = 156<LI>Call Chain = ll_master_rf_event_start &rArr; ll_master_action_tx_ready &rArr; LL_LengthReq &rArr; ll_connect_set_procedure_timeout &rArr; tmos_start_callback_task &rArr; tmos_start_task &rArr; tmos_memory_allocate
</UL>
<BR>[Calls]<UL><LI><a href="#[25f]">&gt;&gt;</a>&nbsp;&nbsp;&nbsp;ll_hw_api_set_pkt_enc
<LI><a href="#[25e]">&gt;&gt;</a>&nbsp;&nbsp;&nbsp;ble_ll_hw_api_tx_set_len
<LI><a href="#[2b1]">&gt;&gt;</a>&nbsp;&nbsp;&nbsp;ble_ll_hw_api_tx
<LI><a href="#[22b]">&gt;&gt;</a>&nbsp;&nbsp;&nbsp;ble_ll_hw_api_shut
<LI><a href="#[230]">&gt;&gt;</a>&nbsp;&nbsp;&nbsp;ble_ll_set_timeout
<LI><a href="#[25d]">&gt;&gt;</a>&nbsp;&nbsp;&nbsp;ll_master_action_tx_ready
<LI><a href="#[260]">&gt;&gt;</a>&nbsp;&nbsp;&nbsp;TIM_1US_TO_RTC_CLK
<LI><a href="#[264]">&gt;&gt;</a>&nbsp;&nbsp;&nbsp;RTC_GetCnt32K
<LI><a href="#[328]">&gt;&gt;</a>&nbsp;&nbsp;&nbsp;RTC_A_ADD_B
<LI><a href="#[249]">&gt;&gt;</a>&nbsp;&nbsp;&nbsp;LL_HopGetChannel
<LI><a href="#[31f]">&gt;&gt;</a>&nbsp;&nbsp;&nbsp;ll_connect_action_in_connintervaltimeout
</UL>
<BR>[Address Reference Count : 1]<UL><LI> ll_master.o(.data)
</UL>
<P><STRONG><a name="[3d]"></a>ll_master_to_next_rf_event</STRONG> (Thumb, 164 bytes, Stack size 24 bytes, ll_master.o(i.ll_master_to_next_rf_event))
<BR><BR>[Stack]<UL><LI>Max Depth = 188<LI>Call Chain = ll_master_to_next_rf_event &rArr; LL_MasterProcess &rArr; ll_master_action_tx_ready &rArr; LL_LengthReq &rArr; ll_connect_set_procedure_timeout &rArr; tmos_start_callback_task &rArr; tmos_start_task &rArr; tmos_memory_allocate
</UL>
<BR>[Calls]<UL><LI><a href="#[263]">&gt;&gt;</a>&nbsp;&nbsp;&nbsp;TIM_1250US_TO_RTC_CLK
<LI><a href="#[264]">&gt;&gt;</a>&nbsp;&nbsp;&nbsp;RTC_GetCnt32K
<LI><a href="#[328]">&gt;&gt;</a>&nbsp;&nbsp;&nbsp;RTC_A_ADD_B
<LI><a href="#[249]">&gt;&gt;</a>&nbsp;&nbsp;&nbsp;LL_HopGetChannel
<LI><a href="#[31f]">&gt;&gt;</a>&nbsp;&nbsp;&nbsp;ll_connect_action_in_connintervaltimeout
<LI><a href="#[25a]">&gt;&gt;</a>&nbsp;&nbsp;&nbsp;LL_MasterProcess
</UL>
<BR>[Address Reference Count : 1]<UL><LI> ll_master.o(.data)
</UL>
<P><STRONG><a name="[220]"></a>ll_address_create_non_resolvable</STRONG> (Thumb, 144 bytes, Stack size 24 bytes, ll_address.o(i.ll_address_create_non_resolvable))
<BR><BR>[Stack]<UL><LI>Max Depth = 112<LI>Call Chain = ll_address_create_non_resolvable &rArr; ble_ll_common_rand32 &rArr; __aeabi_lmul &rArr; __aeabi_llsl
</UL>
<BR>[Calls]<UL><LI><a href="#[21c]">&gt;&gt;</a>&nbsp;&nbsp;&nbsp;ble_ll_common_rand32
<LI><a href="#[282]">&gt;&gt;</a>&nbsp;&nbsp;&nbsp;ble_ll_common_rand16
</UL>
<BR>[Called By]<UL><LI><a href="#[21e]">&gt;&gt;</a>&nbsp;&nbsp;&nbsp;LL_AddrInit
</UL>

<P><STRONG><a name="[21f]"></a>ll_address_create_static</STRONG> (Thumb, 102 bytes, Stack size 24 bytes, ll_address.o(i.ll_address_create_static))
<BR><BR>[Stack]<UL><LI>Max Depth = 112<LI>Call Chain = ll_address_create_static &rArr; ble_ll_common_rand32 &rArr; __aeabi_lmul &rArr; __aeabi_llsl
</UL>
<BR>[Calls]<UL><LI><a href="#[21c]">&gt;&gt;</a>&nbsp;&nbsp;&nbsp;ble_ll_common_rand32
<LI><a href="#[282]">&gt;&gt;</a>&nbsp;&nbsp;&nbsp;ble_ll_common_rand16
</UL>
<BR>[Called By]<UL><LI><a href="#[21e]">&gt;&gt;</a>&nbsp;&nbsp;&nbsp;LL_AddrInit
</UL>

<P><STRONG><a name="[2ad]"></a>_printf_core</STRONG> (Thumb, 210 bytes, Stack size 40 bytes, printf2.o(i._printf_core), UNUSED)
<BR><BR>[Called By]<UL><LI><a href="#[2ac]">&gt;&gt;</a>&nbsp;&nbsp;&nbsp;__0printf$2
</UL>
<P>
<H3>
Undefined Global Symbols
</H3><HR></body></html>
