<html>
<body>
<pre>
<h1>礦ision Build Log</h1>
<h2>Tool Versions:</h2>
IDE-Version: μVision V5.21.1.0
Copyright (C) 2016 ARM Ltd and ARM Germany GmbH. All rights reserved.
License Information: 1 1, 1, LIC=KRMFW-QDCJ2-BQ60K-ZS8WE-1BVK0-WFEN5
 
Tool Versions:
Toolchain:       MDK-ARM Plus  Version: 5.21a
Toolchain Path:  F:\keil\ARM\ARMCC\Bin
C Compiler:      Armcc.exe V5.06 update 3 (build 300)
Assembler:       Armasm.exe V5.06 update 3 (build 300)
Linker/Locator:  ArmLink.exe V5.06 update 3 (build 300)
Library Manager: ArmAr.exe V5.06 update 3 (build 300)
Hex Converter:   FromElf.exe V5.06 update 3 (build 300)
CPU DLL:         SARMCM3.DLL V5.21a
Dialog DLL:      DARMCM1.DLL V1.14.0.0
Target DLL:      UL2CM3.DLL V1.158.5.0
Dialog DLL:      TARMCM1.DLL V1.10.0.0
 
<h2>Project:</h2>
F:\日常记录卡\按芯片记录\CH579\芯片硬件开发包\CH57x_190820\Files\CMSIS\Flash\CH57x\CH57x.uvprojx
Project File Date:  11/07/2018

<h2>Output:</h2>
*** Using Compiler 'V5.06 update 3 (build 300)', folder: 'F:\keil\ARM\ARMCC\Bin'
Build target 'Cortex-M'
linking...
Program Size: Code=164 RO-data=4256 RW-data=4 ZI-data=0  
After Build - User command #1: cmd.exe /C copy "Objects\CH57x.axf" "..\CH57x.FLM"
已复制         1 个文件。
".\Objects\CH57x.axf" - 0 Error(s), 0 Warning(s).

<h2>Collection of Component include folders:</h2>
  F:\日常记录卡\按芯片记录\CH579\芯片硬件开发包\CH57x_190820\Files\CMSIS\Flash\CH57x\RTE
  F:\keil\ARM\PACK\ARM\CMSIS\4.5.0\Device\ARM\ARMCM0\Include

<h2>Collection of Component Files used:</h2>
Build Time Elapsed:  00:00:01
</pre>
</body>
</html>
