Component: ARM Compiler 5.06 update 3 (build 300) Tool: armlink [4d35c9]

==============================================================================

Section Cross References

    hidkbd.o(.text) refers to role.o(i.GAPRole_SetParameter) for GAPRole_SetParameter
    hidkbd.o(.text) refers to gapgattserver.o(i.GGS_SetParameter) for GGS_SetParameter
    hidkbd.o(.text) refers to gapbondmgr.o(i.GAPBondMgr_SetParameter) for GAPBondMgr_SetParameter
    hidkbd.o(.text) refers to battservice.o(.text) for Batt_SetParameter
    hidkbd.o(.text) refers to hidkbdservice.o(.text) for Hid_AddService
    hidkbd.o(.text) refers to hiddev.o(.text) for HidDev_Register
    hidkbd.o(.text) refers to tmos.o(i.tmos_set_event) for tmos_set_event
    hidkbd.o(.text) refers to message.o(i.tmos_msg_receive) for tmos_msg_receive
    hidkbd.o(.text) refers to message.o(i.tmos_msg_deallocate) for tmos_msg_deallocate
    hidkbd.o(.text) refers to tmos.o(i.tmos_start_task) for tmos_start_task
    hidkbd.o(.text) refers to hidkbd.o(.data) for hidEmuTaskId
    hidkbd.o(.text) refers to hidkbd.o(.constdata) for attDeviceName
    hidkbd.o(.data) refers to hidkbd.o(.text) for hidEmuRptCB
    hidkbd_main.o(.text) refers to tmos.o(i.TMOS_Init) for TMOS_Init
    hidkbd_main.o(.text) refers to mcu.o(.text) for Hal_Init
    hidkbd_main.o(.text) refers to ll.o(i.LL_Init) for LL_Init
    hidkbd_main.o(.text) refers to l2cap.o(i.L2CAP_Init) for L2CAP_Init
    hidkbd_main.o(.text) refers to gap.o(i.GAP_Init) for GAP_Init
    hidkbd_main.o(.text) refers to gatt.o(i.GATT_Init) for GATT_Init
    hidkbd_main.o(.text) refers to sm.o(i.SM_Init) for SM_Init
    hidkbd_main.o(.text) refers to gapbondmgr.o(i.GAPBondMgr_Init) for GAPBondMgr_Init
    hidkbd_main.o(.text) refers to gattservapp.o(i.GATTServApp_Init) for GATTServApp_Init
    hidkbd_main.o(.text) refers to peripheral.o(i.GAPRole_PeripheralInit) for GAPRole_PeripheralInit
    hidkbd_main.o(.text) refers to hiddev.o(.text) for HidDev_Init
    hidkbd_main.o(.text) refers to hidkbd.o(.text) for HidEmu_Init
    hidkbd_main.o(.text) refers to ch57x_gpio.o(.text) for GPIOA_ModeCfg
    hidkbd_main.o(.text) refers to ch57x_uart1.o(.text) for UART1_DefInit
    hidkbd_main.o(.text) refers to printf2.o(i.__0printf$2) for __2printf
    hidkbd_main.o(.text) refers to tmos.o(i.TMOS_SystemProcess) for TMOS_SystemProcess
    hidkbd_main.o(.text) refers to ll.o(.constdata) for VER_LIB
    hidkbd_main.o(.data) refers to tmos.o(i.TMOS_CbTimerProcessEvent) for TMOS_CbTimerProcessEvent
    hidkbd_main.o(.data) refers to mcu.o(.text) for HAL_ProcessEvent
    hidkbd_main.o(.data) refers to ll.o(i.LL_ProcessEvent) for LL_ProcessEvent
    hidkbd_main.o(.data) refers to l2cap.o(i.L2CAP_ProcessEvent) for L2CAP_ProcessEvent
    hidkbd_main.o(.data) refers to gap.o(i.GAP_ProcessEvent) for GAP_ProcessEvent
    hidkbd_main.o(.data) refers to gatt.o(i.GATT_ProcessEvent) for GATT_ProcessEvent
    hidkbd_main.o(.data) refers to sm.o(i.SM_ProcessEvent) for SM_ProcessEvent
    hidkbd_main.o(.data) refers to gapbondmgr.o(i.GAPBondMgr_ProcessEvent) for GAPBondMgr_ProcessEvent
    hidkbd_main.o(.data) refers to gattservapp.o(i.GATTServApp_ProcessEvent) for GATTServApp_ProcessEvent
    hidkbd_main.o(.data) refers to peripheral.o(i.GAPRole_PeripheralProcessEvent) for GAPRole_PeripheralProcessEvent
    hidkbd_main.o(.data) refers to hiddev.o(.text) for HidDev_ProcessEvent
    hidkbd_main.o(.data) refers to hidkbd.o(.text) for HidEmu_ProcessEvent
    battservice.o(.text) refers to gattservapp.o(i.GATTServApp_InitCharCfg) for GATTServApp_InitCharCfg
    battservice.o(.text) refers to gattservapp.o(i.GATTServApp_RegisterService) for GATTServApp_RegisterService
    battservice.o(.text) refers to gattservapp.o(i.GATTServApp_ReadCharCfg) for GATTServApp_ReadCharCfg
    battservice.o(.text) refers to gatt.o(i.GATT_bm_alloc) for GATT_bm_alloc
    battservice.o(.text) refers to gattservapp.o(i.GATT_Notification) for GATT_Notification
    battservice.o(.text) refers to gatt.o(i.GATT_bm_free) for GATT_bm_free
    battservice.o(.text) refers to linkdb.o(i.linkDB_PerformFunc) for linkDB_PerformFunc
    battservice.o(.text) refers to idiv.o(.text) for __aeabi_idivmod
    battservice.o(.text) refers to tmos.o(i.tmos_memcpy) for tmos_memcpy
    battservice.o(.text) refers to gattservapp.o(i.GATTServApp_ProcessCCCWriteReq) for GATTServApp_ProcessCCCWriteReq
    battservice.o(.text) refers to linkdb.o(i.linkDB_State) for linkDB_State
    battservice.o(.text) refers to battservice.o(.bss) for battLevelClientCharCfg
    battservice.o(.text) refers to battservice.o(.data) for battCBs
    battservice.o(.data) refers to gatt_uuid.o(.constdata) for primaryServiceUUID
    battservice.o(.data) refers to battservice.o(.constdata) for battService
    battservice.o(.data) refers to battservice.o(.bss) for battLevelClientCharCfg
    battservice.o(.data) refers to battservice.o(.text) for battReadAttrCB
[...]
    0x00002c14   0x00000014   Code   RO         2466    i.API_LE_StartEncryptCmd  CH57xBLE.LIB(api_c.o)
    0x00002c28   0x00000024   Code   RO         2471    i.API_ReadBDADDRCmd  CH57xBLE.LIB(api_c.o)
    0x00002c4c   0x00000028   Code   RO         2477    i.API_ReadRssiCmd   CH57xBLE.LIB(api_c.o)
    0x00002c74   0x0000000a   Code   RO         2480    i.API_SendDataPkt   CH57xBLE.LIB(api_c.o)
    0x00002c7e   0x00000016   Code   RO         1878    i.ATT_BuildErrorRsp  CH57xBLE.LIB(att.o)
    0x00002c94   0x0000000e   Code   RO         1976    i.ATT_BuildExchangeMTURsp  CH57xBLE.LIB(att_server.o)
    0x00002ca2   0x00000008   Code   RO         1977    i.ATT_BuildFindByTypeValueRsp  CH57xBLE.LIB(att_server.o)
    0x00002caa   0x0000001a   Code   RO         1978    i.ATT_BuildFindInfoRsp  CH57xBLE.LIB(att_server.o)
    0x00002cc4   0x00000012   Code   RO         1979    i.ATT_BuildHandleValueInd  CH57xBLE.LIB(att_server.o)
    0x00002cd6   0x0000001c   Code   RO         1980    i.ATT_BuildPrepareWriteRsp  CH57xBLE.LIB(att_server.o)
    0x00002cf2   0x00000004   Code   RO         1981    i.ATT_BuildReadBlobRsp  CH57xBLE.LIB(att_server.o)
    0x00002cf6   0x00000010   Code   RO         1982    i.ATT_BuildReadByGrpTypeRsp  CH57xBLE.LIB(att_server.o)
    0x00002d06   0x00000010   Code   RO         1983    i.ATT_BuildReadByTypeRsp  CH57xBLE.LIB(att_server.o)
    0x00002d16   0x00000004   Code   RO         1984    i.ATT_BuildReadMultiRsp  CH57xBLE.LIB(att_server.o)
    0x00002d1a   0x00000004   Code   RO         1985    i.ATT_BuildReadRsp  CH57xBLE.LIB(att_server.o)
    0x00002d1e   0x0000004a   Code   RO         1879    i.ATT_CompareUUID   CH57xBLE.LIB(att.o)
    0x00002d68   0x0000002c   Code   RO         1880    i.ATT_ConvertUUIDto128  CH57xBLE.LIB(att.o)
    0x00002d94   0x00000018   Code   RO         1882    i.ATT_ErrorRsp      CH57xBLE.LIB(att.o)
    0x00002dac   0x00000020   Code   RO         1986    i.ATT_ExchangeMTURsp  CH57xBLE.LIB(att_server.o)
    0x00002dcc   0x00000010   Code   RO         1987    i.ATT_ExecuteWriteRsp  CH57xBLE.LIB(att_server.o)
    0x00002ddc   0x00000030   Code   RO         1988    i.ATT_FindByTypeValueRsp  CH57xBLE.LIB(att_server.o)
    0x00002e0c   0x0000003c   Code   RO         1989    i.ATT_FindInfoRsp   CH57xBLE.LIB(att_server.o)
    0x00002e48   0x00000020   Code   RO         1883    i.ATT_GetMTU        CH57xBLE.LIB(att.o)
    0x00002e68   0x0000002c   Code   RO         1990    i.ATT_HandleValueInd  CH57xBLE.LIB(att_server.o)
    0x00002e94   0x0000002c   Code   RO         1991    i.ATT_HandleValueNoti  CH57xBLE.LIB(att_server.o)
    0x00002ec0   0x00000018   Code   RO         1992    i.ATT_ParseExchangeMTUReq  CH57xBLE.LIB(att_server.o)
    0x00002ed8   0x00000012   Code   RO         1993    i.ATT_ParseExecuteWriteReq  CH57xBLE.LIB(att_server.o)
    0x00002eea   0x00000048   Code   RO         1994    i.ATT_ParseFindByTypeValueReq  CH57xBLE.LIB(att_server.o)
    0x00002f32   0x00000022   Code   RO         1995    i.ATT_ParseFindInfoReq  CH57xBLE.LIB(att_server.o)
    0x00002f54   0x0000006a   Code   RO         1886    i.ATT_ParsePacket   CH57xBLE.LIB(att.o)
    0x00002fbe   0x00000036   Code   RO         1997    i.ATT_ParsePrepareWriteReq  CH57xBLE.LIB(att_server.o)
    0x00002ff4   0x00000022   Code   RO         1998    i.ATT_ParseReadBlobReq  CH57xBLE.LIB(att_server.o)
    0x00003016   0x0000003c   Code   RO         1999    i.ATT_ParseReadByTypeReq  CH57xBLE.LIB(att_server.o)
    0x00003052   0x00000018   Code   RO         2000    i.ATT_ParseReadMultiReq  CH57xBLE.LIB(att_server.o)
    0x0000306a   0x00000018   Code   RO         2001    i.ATT_ParseReadReq  CH57xBLE.LIB(att_server.o)
    0x00003082   0x00000030   Code   RO         2002    i.ATT_ParseWriteReq  CH57xBLE.LIB(att_server.o)
    0x000030b2   0x00000002   PAD
    0x000030b4   0x00000028   Code   RO         2003    i.ATT_PrepareWriteRsp  CH57xBLE.LIB(att_server.o)
    0x000030dc   0x00000028   Code   RO         2004    i.ATT_ReadBlobRsp   CH57xBLE.LIB(att_server.o)
    0x00003104   0x00000030   Code   RO         2005    i.ATT_ReadByGrpTypeRsp  CH57xBLE.LIB(att_server.o)
    0x00003134   0x00000030   Code   RO         2006    i.ATT_ReadByTypeRsp  CH57xBLE.LIB(att_server.o)
    0x00003164   0x0000002c   Code   RO         2007    i.ATT_ReadMultiRsp  CH57xBLE.LIB(att_server.o)
    0x00003190   0x0000002c   Code   RO         2008    i.ATT_ReadRsp       CH57xBLE.LIB(att_server.o)
    0x000031bc   0x0000000c   Code   RO         1888    i.ATT_RegisterServer  CH57xBLE.LIB(att.o)
    0x000031c8   0x0000002c   Code   RO         1889    i.ATT_UpdateMTU     CH57xBLE.LIB(att.o)
    0x000031f4   0x00000010   Code   RO         2009    i.ATT_WriteRsp      CH57xBLE.LIB(att_server.o)
    0x00003204   0x00000030   Code   RO         1449    i.BB_DevInit        CH57xBLE.LIB(bb.o)
    0x00003234   0x00000038   Code   RO         1451    i.BB_DevSetChannel  CH57xBLE.LIB(bb.o)
    0x0000326c   0x0000001c   Code   RO         1452    i.BB_DevWhiteningOff  CH57xBLE.LIB(bb.o)
    0x00003288   0x00000010   Code   RO         1453    i.BB_IRQHandler     CH57xBLE.LIB(bb.o)
    0x00003298   0x0000003c   Code   RO          587    i.BLE_Init          CH57xBLE.LIB(ll_hw_api.o)
    0x000032d4   0x00000100   Code   RO          484    i.BLE_LibInit       CH57xBLE.LIB(tmos.o)
    0x000033d4   0x00000038   Code   RO         1633    i.CreatePRBS15      CH57xBLE.LIB(ctl_input.o)
    0x0000340c   0x00000034   Code   RO         1634    i.CreatePRBS9       CH57xBLE.LIB(ctl_input.o)
    0x00003440   0x00000020   Code   RO          588    i.DBG_DelsyUs       CH57xBLE.LIB(ll_hw_api.o)
    0x00003460   0x00000030   Code   RO         1460    i.DMA_DevInit       CH57xBLE.LIB(dma.o)
    0x00003490   0x0000002c   Code   RO         1413    i.ErasePage         CH57xBLE.LIB(tmos_snv.o)
    0x000034bc   0x00000048   Code   RO         1325    i.GAPBondMgr_Erase  CH57xBLE.LIB(gapbondmgr.o)
    0x00003504   0x0000008c   Code   RO         1326    i.GAPBondMgr_GetParameter  CH57xBLE.LIB(gapbondmgr.o)
    0x00003590   0x00000010   Code   RO         1327    i.GAPBondMgr_Init   CH57xBLE.LIB(gapbondmgr.o)
    0x000035a0   0x00000128   Code   RO         1328    i.GAPBondMgr_LinkEst  CH57xBLE.LIB(gapbondmgr.o)
    0x000036c8   0x00000058   Code   RO         1329    i.GAPBondMgr_LinkTerm  CH57xBLE.LIB(gapbondmgr.o)
    0x00003720   0x00000030   Code   RO         1330    i.GAPBondMgr_PasscodeRsp  CH57xBLE.LIB(gapbondmgr.o)
    0x00003750   0x000000a0   Code   RO         1331    i.GAPBondMgr_ProcessEvent  CH57xBLE.LIB(gapbondmgr.o)
    0x000037f0   0x000001e4   Code   RO         1332    i.GAPBondMgr_ProcessGAPMsg  CH57xBLE.LIB(gapbondmgr.o)
    0x000039d4   0x0000001c   Code   RO         1333    i.GAPBondMgr_Register  CH57xBLE.LIB(gapbondmgr.o)
    0x000039f0   0x000000b8   Code   RO         1334    i.GAPBondMgr_ResolveAddr  CH57xBLE.LIB(gapbondmgr.o)
    0x00003aa8   0x0000006c   Code   RO         1335    i.GAPBondMgr_ServiceChangeInd  CH57xBLE.LIB(gapbondmgr.o)
    0x00003b14   0x00000188   Code   RO         1336    i.GAPBondMgr_SetParameter  CH57xBLE.LIB(gapbondmgr.o)
    0x00003c9c   0x00000068   Code   RO         1337    i.GAPBondMgr_SlaveReqSecurity  CH57xBLE.LIB(gapbondmgr.o)
    0x00003d04   0x00000058   Code   RO         1338    i.GAPBondMgr_UpdateCharCfg  CH57xBLE.LIB(gapbondmgr.o)
    0x00003d5c   0x000000e8   Code   RO         1396    i.GAPRole_GetParameter  CH57xBLE.LIB(role.o)
    0x00003e44   0x000000ac   Code   RO         1304    i.GAPRole_PeripheralInit  CH57xBLE.LIB(peripheral.o)
    0x00003ef0   0x00000154   Code   RO         1305    i.GAPRole_PeripheralProcessEvent  CH57xBLE.LIB(peripheral.o)
    0x00004044   0x00000078   Code   RO         1307    i.GAPRole_PeripheralSendUpdateParam  CH57xBLE.LIB(peripheral.o)
    0x000040bc   0x00000050   Code   RO         1308    i.GAPRole_PeripheralStartDevice  CH57xBLE.LIB(peripheral.o)
    0x0000410c   0x0000002c   Code   RO         1309    i.GAPRole_PeripheralTerminateLink  CH57xBLE.LIB(peripheral.o)
    0x00004138   0x0000022c   Code   RO         1397    i.GAPRole_SetParameter  CH57xBLE.LIB(role.o)
    0x00004364   0x000000ac   Code   RO          642    i.GAP_Authenticate  CH57xBLE.LIB(gap.o)
    0x00004410   0x00000084   Code   RO          643    i.GAP_Bond          CH57xBLE.LIB(gap.o)
    0x00004494   0x00000020   Code   RO         2044    i.GAP_CentConnRegister  CH57xBLE.LIB(gap_central.o)
    0x000044b4   0x00000078   Code   RO         2045    i.GAP_CentDevMgrInit  CH57xBLE.LIB(gap_central.o)
    0x0000452c   0x0000007e   Code   RO          754    i.GAP_DeviceInit    CH57xBLE.LIB(gapgattserver.o)
    0x000045aa   0x00000002   PAD
    0x000045ac   0x00000054   Code   RO         2076    i.GAP_EndDiscoverable  CH57xBLE.LIB(gap_peripheral.o)
    0x00004600   0x00000018   Code   RO          644    i.GAP_GetParamValue  CH57xBLE.LIB(gap.o)
    0x00004618   0x00000020   Code   RO          645    i.GAP_Init          CH57xBLE.LIB(gap.o)
    0x00004638   0x000000d4   Code   RO         2077    i.GAP_MakeDiscoverable  CH57xBLE.LIB(gap_peripheral.o)
    0x0000470c   0x00000008   Code   RO          646    i.GAP_NumActiveConnections  CH57xBLE.LIB(gap.o)
    0x00004714   0x00000038   Code   RO          647    i.GAP_ParamsInit    CH57xBLE.LIB(gap.o)
    0x0000474c   0x00000048   Code   RO          648    i.GAP_PasscodeUpdate  CH57xBLE.LIB(gap.o)
    0x00004794   0x00000030   Code   RO         2078    i.GAP_PeriConnRegister  CH57xBLE.LIB(gap_peripheral.o)
    0x000047c4   0x00000084   Code   RO         2079    i.GAP_PeriDevMgrInit  CH57xBLE.LIB(gap_peripheral.o)
    0x00004848   0x000000e0   Code   RO          650    i.GAP_ProcessEvent  CH57xBLE.LIB(gap.o)
    0x00004928   0x0000000c   Code   RO          651    i.GAP_RegisterForMsgs  CH57xBLE.LIB(gap.o)
    0x00004934   0x00000008   Code   RO          652    i.GAP_ResolvePrivateAddr  CH57xBLE.LIB(gap.o)
    0x0000493c   0x00000040   Code   RO          653    i.GAP_SecParamsInit  CH57xBLE.LIB(gap.o)
    0x0000497c   0x00000048   Code   RO          654    i.GAP_SendSlaveSecurityRequest  CH57xBLE.LIB(gap.o)
    0x000049c4   0x00000020   Code   RO          655    i.GAP_SetParamValue  CH57xBLE.LIB(gap.o)
    0x000049e4   0x00000050   Code   RO          656    i.GAP_Signable      CH57xBLE.LIB(gap.o)
    0x00004a34   0x00000020   Code   RO          657    i.GAP_TerminateAuth  CH57xBLE.LIB(gap.o)
    0x00004a54   0x0000008c   Code   RO          658    i.GAP_TerminateLinkReq  CH57xBLE.LIB(gap.o)
    0x00004ae0   0x00000090   Code   RO         2083    i.GAP_UpdateAdvertisingData  CH57xBLE.LIB(gap_peripheral.o)
    0x00004b70   0x00000020   Code   RO          883    i.GATTServApp_AddService  CH57xBLE.LIB(gattservapp.o)
    0x00004b90   0x00000054   Code   RO          887    i.GATTServApp_Init  CH57xBLE.LIB(gattservapp.o)
    0x00004be4   0x00000030   Code   RO          888    i.GATTServApp_InitCharCfg  CH57xBLE.LIB(gattservapp.o)
    0x00004c14   0x0000004a   Code   RO          889    i.GATTServApp_ProcessCCCWriteReq  CH57xBLE.LIB(gattservapp.o)
    0x00004c5e   0x00000002   PAD
    0x00004c60   0x00000048   Code   RO          891    i.GATTServApp_ProcessEvent  CH57xBLE.LIB(gattservapp.o)
    0x00004ca8   0x00000228   Code   RO          892    i.GATTServApp_ReadAttr  CH57xBLE.LIB(gattservapp.o)
    0x00004ed0   0x0000000e   Code   RO          893    i.GATTServApp_ReadCharCfg  CH57xBLE.LIB(gattservapp.o)
    0x00004ede   0x00000002   PAD
    0x00004ee0   0x0000000c   Code   RO          894    i.GATTServApp_RegisterForMsg  CH57xBLE.LIB(gattservapp.o)
    0x00004eec   0x00000060   Code   RO          895    i.GATTServApp_RegisterService  CH57xBLE.LIB(gattservapp.o)
    0x00004f4c   0x00000038   Code   RO          896    i.GATTServApp_SendCCCUpdatedEvent  CH57xBLE.LIB(gattservapp.o)
    0x00004f84   0x00000024   Code   RO          897    i.GATTServApp_SendServiceChangedInd  CH57xBLE.LIB(gattservapp.o)
    0x00004fa8   0x00000018   Code   RO          899    i.GATTServApp_UpdateCharCfg  CH57xBLE.LIB(gattservapp.o)
    0x00004fc0   0x00000078   Code   RO          900    i.GATTServApp_WriteAttr  CH57xBLE.LIB(gattservapp.o)
    0x00005038   0x0000002c   Code   RO          901    i.GATTServApp_WriteCharCfg  CH57xBLE.LIB(gattservapp.o)
    0x00005064   0x0000002a   Code   RO          786    i.GATT_AppCompletedMsg  CH57xBLE.LIB(gatt.o)
    0x0000508e   0x00000002   PAD
    0x00005090   0x00000048   Code   RO          903    i.GATT_FindHandle   CH57xBLE.LIB(gattservapp.o)
    0x000050d8   0x00000074   Code   RO          904    i.GATT_FindHandleUUID  CH57xBLE.LIB(gattservapp.o)
    0x0000514c   0x00000094   Code   RO          905    i.GATT_FindNextAttr  CH57xBLE.LIB(gattservapp.o)
    0x000051e0   0x00000068   Code   RO          907    i.GATT_Indication   CH57xBLE.LIB(gattservapp.o)
    0x00005248   0x00000028   Code   RO          794    i.GATT_Init         CH57xBLE.LIB(gatt.o)
    0x00005270   0x00000050   Code   RO          908    i.GATT_InitServer   CH57xBLE.LIB(gattservapp.o)
    0x000052c0   0x00000054   Code   RO          909    i.GATT_Notification  CH57xBLE.LIB(gattservapp.o)
    0x00005314   0x00000018   Code   RO          795    i.GATT_NotifyEvent  CH57xBLE.LIB(gatt.o)
    0x0000532c   0x00000038   Code   RO          796    i.GATT_ProcessEvent  CH57xBLE.LIB(gatt.o)
    0x00005364   0x000000b4   Code   RO          911    i.GATT_RegisterService  CH57xBLE.LIB(gattservapp.o)
    0x00005418   0x00000078   Code   RO          806    i.GATT_ServiceChangedInd  CH57xBLE.LIB(gatt.o)
    0x00005490   0x00000012   Code   RO          912    i.GATT_ServiceEncKeySize  CH57xBLE.LIB(gattservapp.o)
    0x000054a2   0x0000000e   Code   RO          913    i.GATT_ServiceNumAttrs  CH57xBLE.LIB(gattservapp.o)
    0x000054b0   0x0000002c   Code   RO          809    i.GATT_UpdateMTU    CH57xBLE.LIB(gatt.o)
    0x000054dc   0x00000052   Code   RO          914    i.GATT_VerifyPrepareWritePermissions  CH57xBLE.LIB(gattservapp.o)
    0x0000552e   0x00000056   Code   RO          915    i.GATT_VerifyReadPermissions  CH57xBLE.LIB(gattservapp.o)
    0x00005584   0x00000064   Code   RO          916    i.GATT_VerifyWritePermissions  CH57xBLE.LIB(gattservapp.o)
    0x000055e8   0x0000008c   Code   RO          815    i.GATT_bm_alloc     CH57xBLE.LIB(gatt.o)
    0x00005674   0x00000010   Code   RO          816    i.GATT_bm_free      CH57xBLE.LIB(gatt.o)
    0x00005684   0x00000020   Code   RO          755    i.GGS_AddService    CH57xBLE.LIB(gapgattserver.o)
    0x000056a4   0x00000094   Code   RO          761    i.GGS_SetParameter  CH57xBLE.LIB(gapgattserver.o)
    0x00005738   0x00000002   Code   RO         2371    i.HCI_AuthenticatedPayloadTimeoutExpiredCback  CH57xBLE.LIB(ctl_output.o)
    0x0000573a   0x00000008   Code   RO         2372    i.HCI_CommandCompleteCback  CH57xBLE.LIB(ctl_output.o)
    0x00005742   0x00000008   Code   RO         2373    i.HCI_CommandStatusCback  CH57xBLE.LIB(ctl_output.o)
    0x0000574a   0x00000008   Code   RO         2374    i.HCI_DataBufferOverflowCback  CH57xBLE.LIB(ctl_output.o)
    0x00005752   0x00000008   Code   RO         1796    i.HCI_DisconnectCmd  CH57xBLE.LIB(host_output.o)
    0x0000575a   0x00000008   Code   RO         2375    i.HCI_DisconnectionCompleteCback  CH57xBLE.LIB(ctl_output.o)
    0x00005762   0x00000008   Code   RO         2376    i.HCI_EncryptionChangeCback  CH57xBLE.LIB(ctl_output.o)
    0x0000576a   0x00000008   Code   RO         2377    i.HCI_EncryptionKeyRefreshCompleteCback  CH57xBLE.LIB(ctl_output.o)
    0x00005772   0x0000000a   Code   RO         1798    i.HCI_HostNumCompletedPktCmd  CH57xBLE.LIB(host_output.o)
    0x0000577c   0x00000008   Code   RO         1799    i.HCI_LE_AddWhiteListCmd  CH57xBLE.LIB(host_output.o)
    0x00005784   0x00000012   Code   RO         2379    i.HCI_LE_AdvertisingReportCback  CH57xBLE.LIB(ctl_output.o)
    0x00005796   0x00000008   Code   RO         1800    i.HCI_LE_ClearWhiteListCmd  CH57xBLE.LIB(host_output.o)
    0x0000579e   0x00000010   Code   RO         1801    i.HCI_LE_ConnUpdateCmd  CH57xBLE.LIB(host_output.o)
    0x000057ae   0x0000001a   Code   RO         2380    i.HCI_LE_ConnectionCompleteCback  CH57xBLE.LIB(ctl_output.o)
    0x000057c8   0x0000000c   Code   RO         2381    i.HCI_LE_ConnectionUpdateCompleteCback  CH57xBLE.LIB(ctl_output.o)
    0x000057d4   0x00000008   Code   RO         1802    i.HCI_LE_CreateConnCancelCmd  CH57xBLE.LIB(host_output.o)
    0x000057dc   0x0000000c   Code   RO         2382    i.HCI_LE_DataLengthChangeCback  CH57xBLE.LIB(ctl_output.o)
    0x000057e8   0x00000012   Code   RO         2383    i.HCI_LE_DirectAdvertisingReportCback  CH57xBLE.LIB(ctl_output.o)
    0x000057fa   0x00000020   Code   RO         2384    i.HCI_LE_EnhancedConnectionCompleteCback  CH57xBLE.LIB(ctl_output.o)
    0x0000581a   0x00000008   Code   RO         2385    i.HCI_LE_GenerateDHKeyCompleteCback  CH57xBLE.LIB(ctl_output.o)
    0x00005822   0x00000008   Code   RO         2386    i.HCI_LE_LongTermKeyRequestCback  CH57xBLE.LIB(ctl_output.o)
    0x0000582a   0x00000008   Code   RO         1804    i.HCI_LE_LtkReqNegReplyCmd  CH57xBLE.LIB(host_output.o)
    0x00005832   0x00000008   Code   RO         1805    i.HCI_LE_LtkReqReplyCmd  CH57xBLE.LIB(host_output.o)
    0x0000583a   0x00000008   Code   RO         1806    i.HCI_LE_RandCmd    CH57xBLE.LIB(host_output.o)
    0x00005842   0x00000008   Code   RO         1807    i.HCI_LE_ReadBufSizeCmd  CH57xBLE.LIB(host_output.o)
    0x0000584a   0x00000008   Code   RO         2387    i.HCI_LE_ReadLocalPublicKeyCompleteCback  CH57xBLE.LIB(ctl_output.o)
    0x00005852   0x00000008   Code   RO         2388    i.HCI_LE_ReadRemoteUsedFeaturesCompleteCback  CH57xBLE.LIB(ctl_output.o)
    0x0000585a   0x00000010   Code   RO         1813    i.HCI_LE_RemoteConnParamReqReplyCmd  CH57xBLE.LIB(host_output.o)
    0x0000586a   0x0000000c   Code   RO         2389    i.HCI_LE_RemoteConnectionParameterRequestCback  CH57xBLE.LIB(ctl_output.o)
    0x00005876   0x00000008   Code   RO         1815    i.HCI_LE_SetAdvDataCmd  CH57xBLE.LIB(host_output.o)
    0x0000587e   0x00000008   Code   RO         1816    i.HCI_LE_SetAdvEnableCmd  CH57xBLE.LIB(host_output.o)
    0x00005886   0x00000016   Code   RO         1817    i.HCI_LE_SetAdvParamCmd  CH57xBLE.LIB(host_output.o)
    0x0000589c   0x00000008   Code   RO         1820    i.HCI_LE_SetRandomAddressCmd  CH57xBLE.LIB(host_output.o)
    0x000058a4   0x00000008   Code   RO         1821    i.HCI_LE_SetScanEnableCmd  CH57xBLE.LIB(host_output.o)
    0x000058ac   0x00000008   Code   RO         1823    i.HCI_LE_SetScanRspDataCmd  CH57xBLE.LIB(host_output.o)
    0x000058b4   0x00000010   Code   RO         1824    i.HCI_LE_StartEncyptCmd  CH57xBLE.LIB(host_output.o)
    0x000058c4   0x00000008   Code   RO         2390    i.HCI_NumberOfCompletedPacketsCback  CH57xBLE.LIB(ctl_output.o)
    0x000058cc   0x00000008   Code   RO         1825    i.HCI_ReadBDADDRCmd  CH57xBLE.LIB(host_output.o)
    0x000058d4   0x0000000c   Code   RO         2391    i.HCI_ReadRemoteVersionInfoCback  CH57xBLE.LIB(ctl_output.o)
    0x000058e0   0x00000008   Code   RO         1829    i.HCI_ReadRssiCmd   CH57xBLE.LIB(host_output.o)
    0x000058e8   0x00000008   Code   RO         2392    i.HCI_RxDataCompleteCback  CH57xBLE.LIB(ctl_output.o)
    0x000058f0   0x00000008   Code   RO         1832    i.HCI_SendDataPkt   CH57xBLE.LIB(host_output.o)
    0x000058f8   0x0000003c   Code   RO         1836    i.HCI_ValidConnTimeParams  CH57xBLE.LIB(host_output.o)
    0x00005934   0x00000040   Code   RO         1753    i.HOST_CommandCompleteEvent  CH57xBLE.LIB(host_input.o)
    0x00005974   0x00000030   Code   RO         1754    i.HOST_CommandStatusEvent  CH57xBLE.LIB(host_input.o)
    0x000059a4   0x00000028   Code   RO         1755    i.HOST_DataBufferOverflowEvent  CH57xBLE.LIB(host_input.o)
    0x000059cc   0x00000040   Code   RO         1756    i.HOST_DisconnectionCompleteEvent  CH57xBLE.LIB(host_input.o)
    0x00005a0c   0x00000034   Code   RO         1757    i.HOST_EncryptionChangeEvent  CH57xBLE.LIB(host_input.o)
    0x00005a40   0x0000002c   Code   RO         1758    i.HOST_EncryptionKeyRefreshCompleteEvent  CH57xBLE.LIB(host_input.o)
    0x00005a6c   0x00000060   Code   RO         1760    i.HOST_LE_AdvPktReportEvent  CH57xBLE.LIB(host_input.o)
    0x00005acc   0x00000070   Code   RO         1761    i.HOST_LE_ConnectionCompleteEvent  CH57xBLE.LIB(host_input.o)
    0x00005b3c   0x0000003c   Code   RO         1762    i.HOST_LE_ConnectionUpdateCompleteEvent  CH57xBLE.LIB(host_input.o)
    0x00005b78   0x0000003c   Code   RO         1763    i.HOST_LE_DataLengthChangeEvent  CH57xBLE.LIB(host_input.o)
    0x00005bb4   0x0000006c   Code   RO         1764    i.HOST_LE_DirectAdvertisingReportEvent  CH57xBLE.LIB(host_input.o)
    0x00005c20   0x000000a4   Code   RO         1765    i.HOST_LE_EnhancedConnectionCompleteEvent  CH57xBLE.LIB(host_input.o)
    0x00005cc4   0x00000038   Code   RO         1766    i.HOST_LE_GenerateDHKeyCompleteEvent  CH57xBLE.LIB(host_input.o)
    0x00005cfc   0x0000003c   Code   RO         1767    i.HOST_LE_LongTermKeyRequestEvent  CH57xBLE.LIB(host_input.o)
    0x00005d38   0x00000038   Code   RO         1768    i.HOST_LE_ReadLocalPublicKeyCompleteEvent  CH57xBLE.LIB(host_input.o)
    0x00005d70   0x0000003c   Code   RO         1769    i.HOST_LE_ReadRemoteUsedFeaturesCompleteEvent  CH57xBLE.LIB(host_input.o)
    0x00005dac   0x0000003c   Code   RO         1770    i.HOST_LE_RemoteConnectionParameterRequestEvent  CH57xBLE.LIB(host_input.o)
    0x00005de8   0x00000030   Code   RO         1771    i.HOST_NumberOfCompletedPacketsEvent  CH57xBLE.LIB(host_input.o)
    0x00005e18   0x00000038   Code   RO         1772    i.HOST_ReadRemoteVersionInfoEvent  CH57xBLE.LIB(host_input.o)
    0x00005e50   0x00000048   Code   RO         1773    i.HOST_RecvDataPackets  CH57xBLE.LIB(host_input.o)
    0x00005e98   0x00000018   Code   RO         2145    i.L2CAP_CmdReject   CH57xBLE.LIB(l2cap_sdu.o)
    0x00005eb0   0x0000001c   Code   RO         2146    i.L2CAP_ConnParamUpdateReq  CH57xBLE.LIB(l2cap_sdu.o)
    0x00005ecc   0x00000018   Code   RO         2147    i.L2CAP_ConnParamUpdateRsp  CH57xBLE.LIB(l2cap_sdu.o)
    0x00005ee4   0x00000028   Code   RO         2149    i.L2CAP_DisconnectReq  CH57xBLE.LIB(l2cap_sdu.o)
    0x00005f0c   0x0000000c   Code   RO         1031    i.L2CAP_GetMTU      CH57xBLE.LIB(l2cap.o)
    0x00005f18   0x00000018   Code   RO         1032    i.L2CAP_HostNumCompletedPkts  CH57xBLE.LIB(l2cap.o)
    0x00005f30   0x000000a0   Code   RO         1033    i.L2CAP_Init        CH57xBLE.LIB(l2cap.o)
    0x00005fd0   0x0000003e   Code   RO         1034    i.L2CAP_ParseConnectReq  CH57xBLE.LIB(l2cap.o)
    0x0000600e   0x00000020   Code   RO         1035    i.L2CAP_ParseFlowCtrlCredit  CH57xBLE.LIB(l2cap.o)
    0x0000602e   0x00000034   Code   RO         2169    i.L2CAP_ParseParamUpdateReq  CH57xBLE.LIB(l2cap_input.o)
    0x00006062   0x00000002   PAD
    0x00006064   0x000000a0   Code   RO         1037    i.L2CAP_ProcessEvent  CH57xBLE.LIB(l2cap.o)
    0x00006104   0x0000002c   Code   RO         1040    i.L2CAP_RegisterApp  CH57xBLE.LIB(l2cap.o)
    0x00006130   0x0000007c   Code   RO         2193    i.L2CAP_SendData    CH57xBLE.LIB(l2cap_output.o)
    0x000061ac   0x00000010   Code   RO         1042    i.L2CAP_SetBufSize  CH57xBLE.LIB(l2cap.o)
    0x000061bc   0x0000001a   Code   RO         1045    i.L2CAP_bm_alloc    CH57xBLE.LIB(l2cap.o)
    0x000061d6   0x00000002   PAD
    0x000061d8   0x00000058   Code   RO         1465    i.LLE_DevInit       CH57xBLE.LIB(lle.o)
    0x00006230   0x0000009c   Code   RO         1466    i.LLE_DevTmrSet     CH57xBLE.LIB(lle.o)
    0x000062cc   0x000000e4   Code   RO         1467    i.LLE_IRQHandler    CH57xBLE.LIB(lle.o)
    0x000063b0   0x00000074   Code   RO         1636    i.LL_AddWhiteListDevice  CH57xBLE.LIB(ctl_input.o)
    0x00006424   0x00000084   Code   RO         2358    i.LL_AddrGenerateResolvableAddress  CH57xBLE.LIB(ll_address.o)
    0x000064a8   0x00000030   Code   RO         2360    i.LL_AddrInit       CH57xBLE.LIB(ll_address.o)
    0x000064d8   0x0000006c   Code   RO         1501    i.LL_AdvTraverseallChannel  CH57xBLE.LIB(ll_advertise.o)
    0x00006544   0x00000094   Code   RO         1502    i.LL_AdvertiseCreateCore  CH57xBLE.LIB(ll_advertise.o)
    0x000065d8   0x00000012   Code   RO         1503    i.LL_AdvertiseDirectTimeout  CH57xBLE.LIB(ll_advertise.o)
    0x000065ea   0x00000002   PAD
    0x000065ec   0x00000118   Code   RO         1504    i.LL_AdvertiseEnable  CH57xBLE.LIB(ll_advertise.o)
    0x00006704   0x00000128   Code   RO         1505    i.LL_AdvertiseProcess  CH57xBLE.LIB(ll_advertise.o)
    0x0000682c   0x00000018   Code   RO         1507    i.LL_AdvertiseStart  CH57xBLE.LIB(ll_advertise.o)
    0x00006844   0x00000038   Code   RO         1508    i.LL_AdvertiseToStandby  CH57xBLE.LIB(ll_advertise.o)
    0x0000687c   0x00000044   Code   RO         2550    i.LL_ChannelMapReq  CH57xBLE.LIB(ll_pdu.o)
    0x000068c0   0x0000004c   Code   RO         1638    i.LL_ClearWhiteList  CH57xBLE.LIB(ctl_input.o)
    0x0000690c   0x000000ac   Code   RO         1639    i.LL_ConnUpdate     CH57xBLE.LIB(ctl_input.o)
    0x000069b8   0x00000024   Code   RO         2231    i.LL_ConnectFlowcontrolRx  CH57xBLE.LIB(ll_connect.o)
    0x000069dc   0x00000024   Code   RO         2232    i.LL_ConnectFlowcontrolTx  CH57xBLE.LIB(ll_connect.o)
    0x00006a00   0x00000030   Code   RO         2233    i.LL_ConnectRxPktnumIncrease  CH57xBLE.LIB(ll_connect.o)
    0x00006a30   0x0000007c   Code   RO         2234    i.LL_ConnectShut    CH57xBLE.LIB(ll_connect.o)
    0x00006aac   0x00000044   Code   RO         2235    i.LL_ConnectToStandby  CH57xBLE.LIB(ll_connect.o)
    0x00006af0   0x00000042   Code   RO         2236    i.LL_ConnectTxPktnumIncrease  CH57xBLE.LIB(ll_connect.o)
    0x00006b32   0x00000068   Code   RO         2551    i.LL_ConnectionParamReq  CH57xBLE.LIB(ll_pdu.o)
    0x00006b9a   0x0000005c   Code   RO         2552    i.LL_ConnectionParamRsp  CH57xBLE.LIB(ll_pdu.o)
    0x00006bf6   0x0000005a   Code   RO         2553    i.LL_ConnectionUpdateReq  CH57xBLE.LIB(ll_pdu.o)
    0x00006c50   0x0000004c   Code   RO         1489    i.LL_CoreClose      CH57xBLE.LIB(ll_core.o)
    0x00006c9c   0x00000020   Code   RO         1490    i.LL_CoreGetCore    CH57xBLE.LIB(ll_core.o)
    0x00006cbc   0x00000014   Code   RO         1491    i.LL_CoreInit       CH57xBLE.LIB(ll_core.o)
    0x00006cd0   0x0000008c   Code   RO         1492    i.LL_CoreOpen       CH57xBLE.LIB(ll_core.o)
    0x00006d5c   0x00000020   Code   RO         1641    i.LL_CreateConnCancel  CH57xBLE.LIB(ctl_input.o)
    0x00006d7c   0x00000034   Code   RO         1643    i.LL_Disconnect     CH57xBLE.LIB(ctl_input.o)
    0x00006db0   0x00000068   Code   RO         2554    i.LL_EncReq         CH57xBLE.LIB(ll_pdu.o)
    0x00006e18   0x0000003e   Code   RO         2555    i.LL_EncRsp         CH57xBLE.LIB(ll_pdu.o)
    0x00006e56   0x0000000a   Code   RO         1644    i.LL_Encrypt        CH57xBLE.LIB(ctl_input.o)
    0x00006e60   0x0000003c   Code   RO         2556    i.LL_FeatureReq     CH57xBLE.LIB(ll_pdu.o)
    0x00006e9c   0x0000003c   Code   RO         2557    i.LL_FeatureRsp     CH57xBLE.LIB(ll_pdu.o)
    0x00006ed8   0x0000003a   Code   RO         2606    i.LL_HopAtleastTwoChannels  CH57xBLE.LIB(ll_hop.o)
    0x00006f12   0x000000b6   Code   RO         2607    i.LL_HopGetChannel  CH57xBLE.LIB(ll_hop.o)
    0x00006fc8   0x00000008   Code   RO         2608    i.LL_HopInit        CH57xBLE.LIB(ll_hop.o)
    0x00006fd0   0x000000f8   Code   RO          567    i.LL_Init           CH57xBLE.LIB(ll.o)
    0x000070c8   0x000000c0   Code   RO         1565    i.LL_InitiateProcess  CH57xBLE.LIB(ll_initiate.o)
    0x00007188   0x0000005c   Code   RO         1567    i.LL_InitiateStart  CH57xBLE.LIB(ll_initiate.o)
    0x000071e4   0x00000020   Code   RO         1568    i.LL_InitiateToStandby  CH57xBLE.LIB(ll_initiate.o)
    0x00007204   0x00000074   Code   RO         1569    i.LL_InitiateTraverseallChannel  CH57xBLE.LIB(ll_initiate.o)
    0x00007278   0x0000001c   Code   RO         1645    i.LL_LE_ReadBufSize  CH57xBLE.LIB(ctl_input.o)
    0x00007294   0x0000006c   Code   RO         2558    i.LL_LengthReq      CH57xBLE.LIB(ll_pdu.o)
    0x00007300   0x00000060   Code   RO         2559    i.LL_LengthRsp      CH57xBLE.LIB(ll_pdu.o)
    0x00007360   0x0000002c   Code   RO         1647    i.LL_LtkReqNegReply  CH57xBLE.LIB(ctl_input.o)
    0x0000738c   0x00000068   Code   RO         1648    i.LL_LtkReqReply    CH57xBLE.LIB(ctl_input.o)
    0x000073f4   0x0000003a   Code   RO         2322    i.LL_MasterCreateCore  CH57xBLE.LIB(ll_master.o)
    0x0000742e   0x00000002   PAD
    0x00007430   0x000001ac   Code   RO         2323    i.LL_MasterProcess  CH57xBLE.LIB(ll_master.o)
    0x000075dc   0x00000094   Code   RO         2324    i.LL_MasterSetFirstTimer  CH57xBLE.LIB(ll_master.o)
    0x00007670   0x0000002a   Code   RO         2560    i.LL_PauseEncReq    CH57xBLE.LIB(ll_pdu.o)
    0x0000769a   0x0000001e   Code   RO         2561    i.LL_PauseEncRsp    CH57xBLE.LIB(ll_pdu.o)
    0x000076b8   0x0000002a   Code   RO         2562    i.LL_PingReq        CH57xBLE.LIB(ll_pdu.o)
    0x000076e2   0x00000018   Code   RO         2563    i.LL_PingRsp        CH57xBLE.LIB(ll_pdu.o)
    0x000076fa   0x00000002   PAD
    0x000076fc   0x00000114   Code   RO          568    i.LL_ProcessEvent   CH57xBLE.LIB(ll.o)
    0x00007810   0x0000054a   Code   RO         1587    i.LL_ProcessTMOSReportMsg  CH57xBLE.LIB(ll_report.o)
    0x00007d5a   0x0000001c   Code   RO         1649    i.LL_Rand           CH57xBLE.LIB(ctl_input.o)
    0x00007d76   0x00000002   PAD
    0x00007d78   0x00000020   Code   RO         1652    i.LL_ReadBDAddr     CH57xBLE.LIB(ctl_input.o)
    0x00007d98   0x0000001a   Code   RO         1662    i.LL_ReadRssi       CH57xBLE.LIB(ctl_input.o)
    0x00007db2   0x00000034   Code   RO         1667    i.LL_ReceiverTest   CH57xBLE.LIB(ctl_input.o)
    0x00007de6   0x00000020   Code   RO         2564    i.LL_RejectInd      CH57xBLE.LIB(ll_pdu.o)
    0x00007e06   0x00000020   Code   RO         2565    i.LL_RejectIndExt   CH57xBLE.LIB(ll_pdu.o)
    0x00007e26   0x00000002   PAD
    0x00007e28   0x000000c8   Code   RO         1669    i.LL_RemoteConnParamReqReply  CH57xBLE.LIB(ctl_input.o)
    0x00007ef0   0x0000002c   Code   RO         1588    i.LL_ReportGenerateEvent  CH57xBLE.LIB(ll_report.o)
    0x00007f1c   0x00000040   Code   RO         1604    i.LL_ResolvinglistCheckLocalResolution  CH57xBLE.LIB(ll_resolvinglist.o)
    0x00007f5c   0x00000040   Code   RO         1605    i.LL_ResolvinglistCheckPeerResolution  CH57xBLE.LIB(ll_resolvinglist.o)
    0x00007f9c   0x00000018   Code   RO         1607    i.LL_ResolvinglistInit  CH57xBLE.LIB(ll_resolvinglist.o)
    0x00007fb4   0x0000002c   Code   RO         1608    i.LL_ResolvinglistLocalRpaAddressGetIrk  CH57xBLE.LIB(ll_resolvinglist.o)
    0x00007fe0   0x00000038   Code   RO         1609    i.LL_ResolvinglistPeerIdentifyAddressGetIrk  CH57xBLE.LIB(ll_resolvinglist.o)
    0x00008018   0x0000002c   Code   RO         1610    i.LL_ResolvinglistPeerRpaAddressGetIrk  CH57xBLE.LIB(ll_resolvinglist.o)
    0x00008044   0x000000d4   Code   RO         2566    i.LL_RxConnParamReq  CH57xBLE.LIB(ll_pdu.o)
    0x00008118   0x000000ac   Code   RO         2567    i.LL_RxConnParamRsp  CH57xBLE.LIB(ll_pdu.o)
    0x000081c4   0x0000003e   Code   RO         2568    i.LL_RxLenUpdate    CH57xBLE.LIB(ll_pdu.o)
    0x00008202   0x00000024   Code   RO         2569    i.LL_RxVersionExchange  CH57xBLE.LIB(ll_pdu.o)
    0x00008226   0x00000002   PAD
    0x00008228   0x00000038   Code   RO         1531    i.LL_ScanCreateCore  CH57xBLE.LIB(ll_scan.o)
    0x00008260   0x00000064   Code   RO         1532    i.LL_ScanEnable     CH57xBLE.LIB(ll_scan.o)
    0x000082c4   0x0000000c   Code   RO         1533    i.LL_ScanInit       CH57xBLE.LIB(ll_scan.o)
    0x000082d0   0x000000c8   Code   RO         1534    i.LL_ScanProcess    CH57xBLE.LIB(ll_scan.o)
    0x00008398   0x00000064   Code   RO         1536    i.LL_ScanStart      CH57xBLE.LIB(ll_scan.o)
    0x000083fc   0x00000018   Code   RO         1537    i.LL_ScanToStandby  CH57xBLE.LIB(ll_scan.o)
    0x00008414   0x00000054   Code   RO         1538    i.LL_ScanTraverseallChannel  CH57xBLE.LIB(ll_scan.o)
    0x00008468   0x00000022   Code   RO         2570    i.LL_SendAck        CH57xBLE.LIB(ll_pdu.o)
    0x0000848a   0x00000098   Code   RO         1673    i.LL_SendDataPkt    CH57xBLE.LIB(ctl_input.o)
    0x00008522   0x00000002   PAD
    0x00008524   0x00000058   Code   RO         2571    i.LL_SendDmaBuf     CH57xBLE.LIB(ll_pdu.o)
    0x0000857c   0x000000ec   Code   RO         1675    i.LL_SetAdvControl  CH57xBLE.LIB(ctl_input.o)
    0x00008668   0x00000038   Code   RO         1676    i.LL_SetAdvData     CH57xBLE.LIB(ctl_input.o)
    0x000086a0   0x000000ac   Code   RO         1677    i.LL_SetAdvParam    CH57xBLE.LIB(ctl_input.o)
    0x0000874c   0x00000080   Code   RO         1681    i.LL_SetRandomAddress  CH57xBLE.LIB(ctl_input.o)
    0x000087cc   0x00000080   Code   RO         1683    i.LL_SetScanEnable  CH57xBLE.LIB(ctl_input.o)
    0x0000884c   0x00000034   Code   RO         1685    i.LL_SetScanRspData  CH57xBLE.LIB(ctl_input.o)
    0x00008880   0x0000003a   Code   RO         2279    i.LL_SlaveCreateCore  CH57xBLE.LIB(ll_slave.o)
    0x000088ba   0x0000003c   Code   RO         2572    i.LL_SlaveFeatureReq  CH57xBLE.LIB(ll_pdu.o)
    0x000088f6   0x00000002   PAD
    0x000088f8   0x00000208   Code   RO         2280    i.LL_SlaveProcess   CH57xBLE.LIB(ll_slave.o)
    0x00008b00   0x000000b0   Code   RO         2281    i.LL_SlaveSetFirstTimer  CH57xBLE.LIB(ll_slave.o)
    0x00008bb0   0x0000001e   Code   RO         2573    i.LL_StartEncReq    CH57xBLE.LIB(ll_pdu.o)
    0x00008bce   0x0000001e   Code   RO         2574    i.LL_StartEncRsp    CH57xBLE.LIB(ll_pdu.o)
    0x00008bec   0x000000e4   Code   RO         1686    i.LL_StartEncrypt   CH57xBLE.LIB(ctl_input.o)
    0x00008cd0   0x00000032   Code   RO         2575    i.LL_TerminateInd   CH57xBLE.LIB(ll_pdu.o)
    0x00008d02   0x00000002   PAD
    0x00008d04   0x000000f8   Code   RO         1688    i.LL_TransmitterTest  CH57xBLE.LIB(ctl_input.o)
    0x00008dfc   0x0000001c   Code   RO         2576    i.LL_UnknowRsp      CH57xBLE.LIB(ll_pdu.o)
    0x00008e18   0x0000003c   Code   RO         2577    i.LL_VersionInd     CH57xBLE.LIB(ll_pdu.o)
    0x00008e54   0x00000064   Code   RO         1591    i.LL_WhitelistAdd   CH57xBLE.LIB(ll_whitelist.o)
    0x00008eb8   0x00000020   Code   RO         1592    i.LL_WhitelistClearAll  CH57xBLE.LIB(ll_whitelist.o)
    0x00008ed8   0x00000010   Code   RO         1593    i.LL_WhitelistInit  CH57xBLE.LIB(ll_whitelist.o)
    0x00008ee8   0x00000030   Code   RO         1594    i.LL_WhitelistLookup  CH57xBLE.LIB(ll_whitelist.o)
    0x00008f18   0x00000008   Code   RO          569    i.LL_bm_free        CH57xBLE.LIB(ll.o)
    0x00008f20   0x000000d0   Code   RO         1476    i.RFEND_DevInit     CH57xBLE.LIB(rfend.o)
    0x00008ff0   0x00000058   Code   RO         1477    i.RFEND_RXAdc       CH57xBLE.LIB(rfend.o)
    0x00009048   0x00000070   Code   RO         1478    i.RFEND_RXFilter    CH57xBLE.LIB(rfend.o)
    0x000090b8   0x00000c3c   Code   RO         1479    i.RFEND_TXCtune     CH57xBLE.LIB(rfend.o)
    0x00009cf4   0x00000014   Code   RO         1480    i.RFEND_TXFtune     CH57xBLE.LIB(rfend.o)
    0x00009d08   0x00000014   Code   RO         2282    i.RTC_A_ADD_B       CH57xBLE.LIB(ll_slave.o)
    0x00009d1c   0x00000014   Code   RO         2325    i.RTC_A_ADD_B       CH57xBLE.LIB(ll_master.o)
    0x00009d30   0x00000014   Code   RO         2283    i.RTC_A_SUB_B       CH57xBLE.LIB(ll_slave.o)
    0x00009d44   0x0000001c   Code   RO          570    i.RTC_GetCnt32K     CH57xBLE.LIB(ll.o)
    0x00009d60   0x0000001c   Code   RO         2284    i.RTC_GetCnt32K     CH57xBLE.LIB(ll_slave.o)
    0x00009d7c   0x0000001c   Code   RO         2326    i.RTC_GetCnt32K     CH57xBLE.LIB(ll_master.o)
    0x00009d98   0x0000005c   Code   RO          589    i.RTC_GetTickCount  CH57xBLE.LIB(ll_hw_api.o)
    0x00009df4   0x0000001a   Code   RO         1414    i.ReadFlash         CH57xBLE.LIB(tmos_snv.o)
    0x00009e0e   0x00000042   Code   RO         1135    i.SM_CalcRandomAddr  CH57xBLE.LIB(sm.o)
    0x00009e50   0x000000a2   Code   RO         1136    i.SM_GenerateAuthenSig  CH57xBLE.LIB(sm.o)
    0x00009ef2   0x00000002   PAD
    0x00009ef4   0x0000001c   Code   RO         1137    i.SM_Init           CH57xBLE.LIB(sm.o)
    0x00009f10   0x00000020   Code   RO         1138    i.SM_InitiatorInit  CH57xBLE.LIB(sm.o)
    0x00009f30   0x00000084   Code   RO         1140    i.SM_PasskeyUpdate  CH57xBLE.LIB(sm.o)
    0x00009fb4   0x0000005c   Code   RO         1141    i.SM_ProcessEvent   CH57xBLE.LIB(sm.o)
    0x0000a010   0x0000004c   Code   RO         1142    i.SM_ResolveRandomAddrs  CH57xBLE.LIB(sm.o)
    0x0000a05c   0x00000020   Code   RO         1143    i.SM_ResponderInit  CH57xBLE.LIB(sm.o)
    0x0000a07c   0x00000072   Code   RO         1144    i.SM_StartEncryption  CH57xBLE.LIB(sm.o)
    0x0000a0ee   0x00000002   PAD
    0x0000a0f0   0x00000090   Code   RO         1145    i.SM_StartPairing   CH57xBLE.LIB(sm.o)
    0x0000a180   0x000000f0   Code   RO         1146    i.SM_VerifyAuthenSig  CH57xBLE.LIB(sm.o)
    0x0000a270   0x00000030   Code   RO         2285    i.TIM_1250US_TO_RTC_CLK  CH57xBLE.LIB(ll_slave.o)
    0x0000a2a0   0x00000030   Code   RO         2327    i.TIM_1250US_TO_RTC_CLK  CH57xBLE.LIB(ll_master.o)
    0x0000a2d0   0x00000006   Code   RO         1509    i.TIM_1US_TO_RTC_CLK  CH57xBLE.LIB(ll_advertise.o)
    0x0000a2d6   0x00000006   Code   RO         2286    i.TIM_1US_TO_RTC_CLK  CH57xBLE.LIB(ll_slave.o)
    0x0000a2dc   0x00000006   Code   RO         2328    i.TIM_1US_TO_RTC_CLK  CH57xBLE.LIB(ll_master.o)
    0x0000a2e2   0x00000002   PAD
    0x0000a2e4   0x00000020   Code   RO         2287    i.TIM_RTC_CLK_ACCURACY  CH57xBLE.LIB(ll_slave.o)
    0x0000a304   0x0000002c   Code   RO          590    i.TIM_RTC_CLK_TO_625US  CH57xBLE.LIB(ll_hw_api.o)
    0x0000a330   0x00000060   Code   RO          485    i.TMOS_CbTimerProcessEvent  CH57xBLE.LIB(tmos.o)
    0x0000a390   0x00000038   Code   RO          487    i.TMOS_Init         CH57xBLE.LIB(tmos.o)
    0x0000a3c8   0x0000000c   Code   RO          488    i.TMOS_RandRegister  CH57xBLE.LIB(tmos.o)
    0x0000a3d4   0x00000014   Code   RO          591    i.TMOS_Rc32KRegister  CH57xBLE.LIB(ll_hw_api.o)
    0x0000a3e8   0x00000080   Code   RO          490    i.TMOS_SystemProcess  CH57xBLE.LIB(tmos.o)
    0x0000a468   0x00000024   Code   RO          593    i.TMOS_TimerInit    CH57xBLE.LIB(ll_hw_api.o)
    0x0000a48c   0x0000000c   Code   RO          491    i.TMOS_TimerRegister  CH57xBLE.LIB(tmos.o)
    0x0000a498   0x0000000c   Code   RO          492    i.TMOS_llMasterRegister  CH57xBLE.LIB(tmos.o)
    0x0000a4a4   0x0000000c   Code   RO          493    i.TMOS_llSlaveRegister  CH57xBLE.LIB(tmos.o)
    0x0000a4b0   0x00000034   Code   RO         1415    i.WtireFlash        CH57xBLE.LIB(tmos_snv.o)
    0x0000a4e4   0x00000020   Code   RO         2696    i.__0printf$2       mc_p.l(printf2.o)
    0x0000a504   0x00000030   Code   RO          640    i.__ARM_common_ll_muluu  CH57xBLE.LIB(ll_hw_api.o)
    0x0000a534   0x0000001a   Code   RO          784    i.__ARM_common_switch8  CH57xBLE.LIB(gapgattserver.o)
    0x0000a54e   0x0000000e   Code   RO         2927    i.__scatterload_copy  mc_p.l(handlers.o)
    0x0000a55c   0x00000002   Code   RO         2928    i.__scatterload_null  mc_p.l(handlers.o)
    0x0000a55e   0x0000000e   Code   RO         2929    i.__scatterload_zeroinit  mc_p.l(handlers.o)
    0x0000a56c   0x000000d2   Code   RO         2703    i._printf_core      mc_p.l(printf2.o)
    0x0000a63e   0x00000088   Code   RO         1890    i.attSendMsg        CH57xBLE.LIB(att.o)
    0x0000a6c6   0x00000002   PAD
    0x0000a6c8   0x00000038   Code   RO         1891    i.attSendRspMsg     CH57xBLE.LIB(att.o)
    0x0000a700   0x00000072   Code   RO          571    i.ble_ll_chkcrc     CH57xBLE.LIB(ll.o)
    0x0000a772   0x0000001e   Code   RO          594    i.ble_ll_common_rand16  CH57xBLE.LIB(ll_hw_api.o)
    0x0000a790   0x0000001c   Code   RO          595    i.ble_ll_common_rand32  CH57xBLE.LIB(ll_hw_api.o)
    0x0000a7ac   0x0000001e   Code   RO          596    i.ble_ll_common_rand8  CH57xBLE.LIB(ll_hw_api.o)
    0x0000a7ca   0x00000002   PAD
    0x0000a7cc   0x0000003c   Code   RO         2238    i.ble_ll_connect_event_continue  CH57xBLE.LIB(ll_connect.o)
    0x0000a808   0x000000b8   Code   RO          597    i.ble_ll_hw_api_rx  CH57xBLE.LIB(ll_hw_api.o)
    0x0000a8c0   0x00000044   Code   RO          598    i.ble_ll_hw_api_rx_test  CH57xBLE.LIB(ll_hw_api.o)
    0x0000a904   0x00000048   Code   RO          599    i.ble_ll_hw_api_shut  CH57xBLE.LIB(ll_hw_api.o)
    0x0000a94c   0x0000018c   Code   RO          600    i.ble_ll_hw_api_tx  CH57xBLE.LIB(ll_hw_api.o)
    0x0000aad8   0x00000014   Code   RO          601    i.ble_ll_hw_api_tx_set_len  CH57xBLE.LIB(ll_hw_api.o)
    0x0000aaec   0x00000140   Code   RO          602    i.ble_ll_hw_api_tx_test  CH57xBLE.LIB(ll_hw_api.o)
    0x0000ac2c   0x00000028   Code   RO          572    i.ble_ll_set_timeout  CH57xBLE.LIB(ll.o)
    0x0000ac54   0x00000034   Code   RO          573    i.ble_ll_timeout_process  CH57xBLE.LIB(ll.o)
    0x0000ac88   0x0000001a   Code   RO          660    i.disconnectNext    CH57xBLE.LIB(gap.o)
    0x0000aca2   0x00000038   Code   RO          661    i.gapAddAddrAdj     CH57xBLE.LIB(gap.o)
    0x0000acda   0x00000002   PAD
    0x0000acdc   0x0000001c   Code   RO         1339    i.gapBondFreeAuthEvt  CH57xBLE.LIB(gapbondmgr.o)
    0x0000acf8   0x00000138   Code   RO         1340    i.gapBondMgrAddBond  CH57xBLE.LIB(gapbondmgr.o)
    0x0000ae30   0x000000e8   Code   RO         1341    i.gapBondMgrAuthenticate  CH57xBLE.LIB(gapbondmgr.o)
    0x0000af18   0x0000004e   Code   RO         1342    i.gapBondMgrBondReq  CH57xBLE.LIB(gapbondmgr.o)
    0x0000af66   0x00000002   PAD
    0x0000af68   0x00000030   Code   RO         1343    i.gapBondMgrBondTotal  CH57xBLE.LIB(gapbondmgr.o)
    0x0000af98   0x0000005e   Code   RO         1344    i.gapBondMgrChangeState  CH57xBLE.LIB(gapbondmgr.o)
    0x0000aff6   0x00000018   Code   RO         1345    i.gapBondMgrEraseAllBondings  CH57xBLE.LIB(gapbondmgr.o)
    0x0000b00e   0x00000002   PAD
    0x0000b010   0x000000f0   Code   RO         1346    i.gapBondMgrEraseBonding  CH57xBLE.LIB(gapbondmgr.o)
    0x0000b100   0x00000030   Code   RO         1347    i.gapBondMgrFindAddr  CH57xBLE.LIB(gapbondmgr.o)
    0x0000b130   0x0000001c   Code   RO         1348    i.gapBondMgrFindCharCfgItem  CH57xBLE.LIB(gapbondmgr.o)
    0x0000b14c   0x00000036   Code   RO         1349    i.gapBondMgrGetPublicAddr  CH57xBLE.LIB(gapbondmgr.o)
    0x0000b182   0x00000024   Code   RO         1350    i.gapBondMgrGetStateFlags  CH57xBLE.LIB(gapbondmgr.o)
    0x0000b1a6   0x0000001c   Code   RO         1351    i.gapBondMgrInvertCharCfgItem  CH57xBLE.LIB(gapbondmgr.o)
    0x0000b1c2   0x00000002   PAD
    0x0000b1c4   0x0000005c   Code   RO         1352    i.gapBondMgrReadBonds  CH57xBLE.LIB(gapbondmgr.o)
    0x0000b220   0x00000014   Code   RO         1353    i.gapBondMgrSendServiceChange  CH57xBLE.LIB(gapbondmgr.o)
    0x0000b234   0x000000b4   Code   RO         1354    i.gapBondMgrUpdateCharCfg  CH57xBLE.LIB(gapbondmgr.o)
    0x0000b2e8   0x00000064   Code   RO         1355    i.gapBondMgr_ProcessTMOSMsg  CH57xBLE.LIB(gapbondmgr.o)
    0x0000b34c   0x00000080   Code   RO         1356    i.gapBondMgr_SyncCharCfg  CH57xBLE.LIB(gapbondmgr.o)
    0x0000b3cc   0x00000034   Code   RO         1357    i.gapBondMgr_SyncWhiteList  CH57xBLE.LIB(gapbondmgr.o)
    0x0000b400   0x00000020   Code   RO         1358    i.gapBondSetupPrivFlag  CH57xBLE.LIB(gapbondmgr.o)
    0x0000b420   0x00000038   Code   RO         2049    i.gapCancelLinkReq  CH57xBLE.LIB(gap_central.o)
    0x0000b458   0x000000f0   Code   RO         2050    i.gapCentProcessConnEvt  CH57xBLE.LIB(gap_central.o)
    0x0000b548   0x00000030   Code   RO         2051    i.gapCentProcessHCICmdEvt  CH57xBLE.LIB(gap_central.o)
    0x0000b578   0x00000026   Code   RO          662    i.gapDetermineAddrType  CH57xBLE.LIB(gap.o)
    0x0000b59e   0x00000046   Code   RO          663    i.gapFindADType     CH57xBLE.LIB(gap.o)
    0x0000b5e4   0x00000018   Code   RO         2085    i.gapFreeAdvertState  CH57xBLE.LIB(gap_peripheral.o)
    0x0000b5fc   0x0000003c   Code   RO          664    i.gapFreeAuthLink   CH57xBLE.LIB(gap.o)
    0x0000b638   0x00000018   Code   RO          665    i.gapFreeEstLink    CH57xBLE.LIB(gap.o)
    0x0000b650   0x00000080   Code   RO         2052    i.gapFreeScanRecs   CH57xBLE.LIB(gap_central.o)
    0x0000b6d0   0x00000020   Code   RO          666    i.gapGetDevAddress  CH57xBLE.LIB(gap.o)
    0x0000b6f0   0x0000000c   Code   RO          667    i.gapGetDevAddressMode  CH57xBLE.LIB(gap.o)
    0x0000b6fc   0x0000000c   Code   RO          668    i.gapGetIRK         CH57xBLE.LIB(gap.o)
    0x0000b708   0x0000000c   Code   RO          669    i.gapGetSRK         CH57xBLE.LIB(gap.o)
    0x0000b714   0x0000000c   Code   RO          670    i.gapGetSignCounter  CH57xBLE.LIB(gap.o)
    0x0000b720   0x00000020   Code   RO          671    i.gapIncSignCounter  CH57xBLE.LIB(gap.o)
    0x0000b740   0x0000002c   Code   RO          672    i.gapL2capConnParamUpdateReq  CH57xBLE.LIB(gap.o)
    0x0000b76c   0x0000012c   Code   RO          673    i.gapPairingCompleteCB  CH57xBLE.LIB(gap.o)
    0x0000b898   0x00000066   Code   RO          674    i.gapPasskeyNeededCB  CH57xBLE.LIB(gap.o)
    0x0000b8fe   0x00000002   PAD
    0x0000b900   0x00000090   Code   RO         2086    i.gapPeriProcessConnEvt  CH57xBLE.LIB(gap_peripheral.o)
    0x0000b990   0x00000090   Code   RO         2087    i.gapPeriProcessHCICmdCompleteEvt  CH57xBLE.LIB(gap_peripheral.o)
    0x0000ba20   0x000001b8   Code   RO         2053    i.gapProcessAdvertDevInfo  CH57xBLE.LIB(gap_central.o)
    0x0000bbd8   0x000000b0   Code   RO         2054    i.gapProcessAdvertisementReport  CH57xBLE.LIB(gap_central.o)
    0x0000bc88   0x00000088   Code   RO         2088    i.gapProcessAdvertisingEvt  CH57xBLE.LIB(gap_peripheral.o)
    0x0000bd10   0x00000040   Code   RO          675    i.gapProcessConnEvt  CH57xBLE.LIB(gap.o)
    0x0000bd50   0x000000c4   Code   RO          676    i.gapProcessConnectionCompleteEvt  CH57xBLE.LIB(gap.o)
    0x0000be14   0x00000070   Code   RO          677    i.gapProcessDisconnectCompleteEvt  CH57xBLE.LIB(gap.o)
    0x0000be84   0x00000030   Code   RO          678    i.gapProcessNewAddr  CH57xBLE.LIB(gap.o)
    0x0000beb4   0x0000006c   Code   RO          679    i.gapProcessRandomAddrComplete  CH57xBLE.LIB(gap.o)
    0x0000bf20   0x00000028   Code   RO         2055    i.gapProcessScanningEvt  CH57xBLE.LIB(gap_central.o)
    0x0000bf48   0x00000198   Code   RO          680    i.gapProcessTMOSMsg  CH57xBLE.LIB(gap.o)
    0x0000c0e0   0x0000004c   Code   RO          681    i.gapReadBufSizeCmdStatus  CH57xBLE.LIB(gap.o)
    0x0000c12c   0x0000000c   Code   RO          682    i.gapRegisterCentral  CH57xBLE.LIB(gap.o)
    0x0000c138   0x0000000c   Code   RO          683    i.gapRegisterCentralConn  CH57xBLE.LIB(gap.o)
    0x0000c144   0x0000000c   Code   RO          684    i.gapRegisterPeripheral  CH57xBLE.LIB(gap.o)
    0x0000c150   0x0000000c   Code   RO          685    i.gapRegisterPeripheralConn  CH57xBLE.LIB(gap.o)
    0x0000c15c   0x000002cc   Code   RO         1310    i.gapRole_PeripheralProcessGAPMsg  CH57xBLE.LIB(peripheral.o)
    0x0000c428   0x0000008c   Code   RO         1311    i.gapRole_PeripheralProcessTMOSMsg  CH57xBLE.LIB(peripheral.o)
    0x0000c4b4   0x00000094   Code   RO         1312    i.gapRole_startConnUpdate  CH57xBLE.LIB(peripheral.o)
    0x0000c548   0x00000046   Code   RO          686    i.gapSendBondCompleteEvent  CH57xBLE.LIB(gap.o)
    0x0000c58e   0x00000002   PAD
    0x0000c590   0x000000c8   Code   RO         2056    i.gapSendDevDiscEvent  CH57xBLE.LIB(gap_central.o)
    0x0000c658   0x00000044   Code   RO          687    i.gapSendDeviceInitDoneEvent  CH57xBLE.LIB(gap.o)
    0x0000c69c   0x0000005e   Code   RO          688    i.gapSendEstLinkEvent  CH57xBLE.LIB(gap.o)
    0x0000c6fa   0x00000002   PAD
    0x0000c6fc   0x0000004c   Code   RO          689    i.gapSendLinkUpdateEvent  CH57xBLE.LIB(gap.o)
    0x0000c748   0x00000038   Code   RO         2089    i.gapSendMakeDiscEvent  CH57xBLE.LIB(gap_peripheral.o)
    0x0000c780   0x0000005c   Code   RO          690    i.gapSendPairingReqEvent  CH57xBLE.LIB(gap.o)
    0x0000c7dc   0x0000001c   Code   RO         2057    i.gapSendScanEnable  CH57xBLE.LIB(gap_central.o)
    0x0000c7f8   0x0000003a   Code   RO          691    i.gapSendSlaveSecurityReqEvent  CH57xBLE.LIB(gap.o)
    0x0000c832   0x00000002   PAD
    0x0000c834   0x0000008c   Code   RO         2090    i.gapSetAdvParams   CH57xBLE.LIB(gap_peripheral.o)
    0x0000c8c0   0x00000050   Code   RO         2058    i.gapSetScanParamStatus  CH57xBLE.LIB(gap_central.o)
    0x0000c910   0x0000004e   Code   RO          692    i.gapUpdateConnSignCounter  CH57xBLE.LIB(gap.o)
    0x0000c95e   0x00000014   Code   RO          693    i.gapValidADType    CH57xBLE.LIB(gap.o)
    0x0000c972   0x00000002   PAD
    0x0000c974   0x000000bc   Code   RO         2091    i.gapWriteAdvEnableStatus  CH57xBLE.LIB(gap_peripheral.o)
    0x0000ca30   0x00000024   Code   RO          917    i.gattFindServerInfo  CH57xBLE.LIB(gattservapp.o)
    0x0000ca54   0x00000020   Code   RO          918    i.gattFindService   CH57xBLE.LIB(gattservapp.o)
    0x0000ca74   0x00000068   Code   RO          818    i.gattGetPayload    CH57xBLE.LIB(gatt.o)
    0x0000cadc   0x0000002c   Code   RO          919    i.gattGetServerStatus  CH57xBLE.LIB(gattservapp.o)
    0x0000cb08   0x0000005a   Code   RO          819    i.gattNotifyEvent   CH57xBLE.LIB(gatt.o)
    0x0000cb62   0x00000004   Code   RO          920    i.gattProcessExchangeMTUReq  CH57xBLE.LIB(gattservapp.o)
    0x0000cb66   0x00000004   Code   RO          921    i.gattProcessExecuteWriteReq  CH57xBLE.LIB(gattservapp.o)
    0x0000cb6a   0x0000002c   Code   RO          922    i.gattProcessFindByTypeValueReq  CH57xBLE.LIB(gattservapp.o)
    0x0000cb96   0x00000002   PAD
    0x0000cb98   0x0000011c   Code   RO          923    i.gattProcessFindInfoReq  CH57xBLE.LIB(gattservapp.o)
    0x0000ccb4   0x00000026   Code   RO          924    i.gattProcessPrepareWriteReq  CH57xBLE.LIB(gattservapp.o)
    0x0000ccda   0x00000002   PAD
    0x0000ccdc   0x00000048   Code   RO          925    i.gattProcessReadByGrpTypeReq  CH57xBLE.LIB(gattservapp.o)
    0x0000cd24   0x0000002c   Code   RO          926    i.gattProcessReadByTypeReq  CH57xBLE.LIB(gattservapp.o)
    0x0000cd50   0x00000066   Code   RO          927    i.gattProcessReadMultiReq  CH57xBLE.LIB(gattservapp.o)
    0x0000cdb6   0x00000022   Code   RO          928    i.gattProcessReadReq  CH57xBLE.LIB(gattservapp.o)
    0x0000cdd8   0x000000d0   Code   RO          822    i.gattProcessRxData  CH57xBLE.LIB(gatt.o)
    0x0000cea8   0x00000026   Code   RO          929    i.gattProcessWriteReq  CH57xBLE.LIB(gattservapp.o)
    0x0000cece   0x00000002   PAD
    0x0000ced0   0x0000000c   Code   RO          828    i.gattRegisterServer  CH57xBLE.LIB(gatt.o)
    0x0000cedc   0x00000010   Code   RO          930    i.gattResetServerInfo  CH57xBLE.LIB(gattservapp.o)
    0x0000ceec   0x00000020   Code   RO          829    i.gattSendFlowCtrlEvt  CH57xBLE.LIB(gatt.o)
    0x0000cf0c   0x0000003c   Code   RO          931    i.gattServApp_ClearPrepareWriteQ  CH57xBLE.LIB(gattservapp.o)
    0x0000cf48   0x0000000e   Code   RO          932    i.gattServApp_FindAuthorizeAttrCB  CH57xBLE.LIB(gattservapp.o)
    0x0000cf56   0x0000001a   Code   RO          933    i.gattServApp_FindCharCfgItem  CH57xBLE.LIB(gattservapp.o)
    0x0000cf70   0x00000024   Code   RO          934    i.gattServApp_FindPrepareWriteQ  CH57xBLE.LIB(gattservapp.o)
    0x0000cf94   0x00000020   Code   RO          935    i.gattServApp_FindServiceCBs  CH57xBLE.LIB(gattservapp.o)
    0x0000cfb4   0x0000005c   Code   RO          936    i.gattServApp_HandleConnStatusCB  CH57xBLE.LIB(gattservapp.o)
    0x0000d010   0x000000b6   Code   RO          937    i.gattServApp_IsWriteLong  CH57xBLE.LIB(gattservapp.o)
    0x0000d0c6   0x000000dc   Code   RO          938    i.gattServApp_ProcessExecuteWriteReq  CH57xBLE.LIB(gattservapp.o)
    0x0000d1a2   0x00000002   PAD
    0x0000d1a4   0x00000138   Code   RO          939    i.gattServApp_ProcessFindByTypeValueReq  CH57xBLE.LIB(gattservapp.o)
    0x0000d2dc   0x00000230   Code   RO          940    i.gattServApp_ProcessMsg  CH57xBLE.LIB(gattservapp.o)
    0x0000d50c   0x000000e0   Code   RO          941    i.gattServApp_ProcessPrepareWriteReq  CH57xBLE.LIB(gattservapp.o)
    0x0000d5ec   0x00000190   Code   RO          942    i.gattServApp_ProcessReadByGrpTypeReq  CH57xBLE.LIB(gattservapp.o)
    0x0000d77c   0x0000013c   Code   RO          943    i.gattServApp_ProcessReadByTypeReq  CH57xBLE.LIB(gattservapp.o)
    0x0000d8b8   0x00000110   Code   RO          944    i.gattServApp_ProcessReadMultiReq  CH57xBLE.LIB(gattservapp.o)
    0x0000d9c8   0x00000090   Code   RO          945    i.gattServApp_ProcessWriteReq  CH57xBLE.LIB(gattservapp.o)
    0x0000da58   0x00000030   Code   RO          948    i.gattServApp_WriteAttrCB  CH57xBLE.LIB(gattservapp.o)
    0x0000da88   0x00000080   Code   RO          949    i.gattServerHandleConnStatusCB  CH57xBLE.LIB(gattservapp.o)
    0x0000db08   0x0000002a   Code   RO          950    i.gattServerHandleTimerCB  CH57xBLE.LIB(gattservapp.o)
    0x0000db32   0x0000001c   Code   RO          951    i.gattServerNotifyTxCB  CH57xBLE.LIB(gattservapp.o)
    0x0000db4e   0x00000002   PAD
    0x0000db50   0x00000150   Code   RO          952    i.gattServerProcessMsgCB  CH57xBLE.LIB(gattservapp.o)
    0x0000dca0   0x00000016   Code   RO          953    i.gattServiceLastHandle  CH57xBLE.LIB(gattservapp.o)
    0x0000dcb6   0x0000000e   Code   RO          830    i.gattStartTimer    CH57xBLE.LIB(gatt.o)
    0x0000dcc4   0x0000001a   Code   RO          831    i.gattStopTimer     CH57xBLE.LIB(gatt.o)
    0x0000dcde   0x00000002   PAD
    0x0000dce0   0x0000009c   Code   RO         1147    i.generate_subkey   CH57xBLE.LIB(sm.o)
    0x0000dd7c   0x000000d8   Code   RO          762    i.ggs_ReadAttrCB    CH57xBLE.LIB(gapgattserver.o)
    0x0000de54   0x0000006e   Code   RO          763    i.ggs_SetAttrWPermit  CH57xBLE.LIB(gapgattserver.o)
    0x0000dec2   0x00000002   PAD
    0x0000dec4   0x00000110   Code   RO          764    i.ggs_WriteAttrCB   CH57xBLE.LIB(gapgattserver.o)
    0x0000dfd4   0x0000002c   Code   RO         2092    i.isLimitedDiscoverableMode  CH57xBLE.LIB(gap_peripheral.o)
    0x0000e000   0x000000a4   Code   RO         1046    i.l2capAllocConnChannel  CH57xBLE.LIB(l2cap.o)
    0x0000e0a4   0x00000040   Code   RO         2150    i.l2capBuildCmdReject  CH57xBLE.LIB(l2cap_sdu.o)
    0x0000e0e4   0x00000036   Code   RO         2151    i.l2capBuildConnectRsp  CH57xBLE.LIB(l2cap_sdu.o)
    0x0000e11a   0x00000018   Code   RO         2152    i.l2capBuildDisconnectReq  CH57xBLE.LIB(l2cap_sdu.o)
    0x0000e132   0x00000018   Code   RO         2153    i.l2capBuildDisconnectRsp  CH57xBLE.LIB(l2cap_sdu.o)
    0x0000e14a   0x0000002c   Code   RO         2154    i.l2capBuildParamUpdateReq  CH57xBLE.LIB(l2cap_sdu.o)
    0x0000e176   0x0000000e   Code   RO         2155    i.l2capBuildParamUpdateRsp  CH57xBLE.LIB(l2cap_sdu.o)
    0x0000e184   0x00000098   Code   RO         1048    i.l2capDisconnectAllChannels  CH57xBLE.LIB(l2cap.o)
    0x0000e21c   0x0000001e   Code   RO         1049    i.l2capDisconnectChannel  CH57xBLE.LIB(l2cap.o)
    0x0000e23a   0x00000002   PAD
    0x0000e23c   0x000000b4   Code   RO         2195    i.l2capEncapSendData  CH57xBLE.LIB(l2cap_output.o)
    0x0000e2f0   0x0000002c   Code   RO         1050    i.l2capFindLocalCID  CH57xBLE.LIB(l2cap.o)
    0x0000e31c   0x00000030   Code   RO         1051    i.l2capFindLocalId  CH57xBLE.LIB(l2cap.o)
    0x0000e34c   0x00000030   Code   RO         1052    i.l2capFindPsm      CH57xBLE.LIB(l2cap.o)
    0x0000e37c   0x0000003c   Code   RO         1053    i.l2capFindRemoteCID  CH57xBLE.LIB(l2cap.o)
    0x0000e3b8   0x00000034   Code   RO         1054    i.l2capFreeChannel  CH57xBLE.LIB(l2cap.o)
    0x0000e3ec   0x00000030   Code   RO         1055    i.l2capFreePendingPkt  CH57xBLE.LIB(l2cap.o)
    0x0000e41c   0x00000074   Code   RO         2196    i.l2capFreeTxSDU    CH57xBLE.LIB(l2cap_output.o)
    0x0000e490   0x00000058   Code   RO         1056    i.l2capGetCoChannelInfo  CH57xBLE.LIB(l2cap.o)
    0x0000e4e8   0x0000002c   Code   RO         1057    i.l2capHandleConnStatusCB  CH57xBLE.LIB(l2cap.o)
    0x0000e514   0x0000000a   Code   RO         1058    i.l2capHandleRxError  CH57xBLE.LIB(l2cap.o)
    0x0000e51e   0x0000001c   Code   RO         1059    i.l2capHandleTimerCB  CH57xBLE.LIB(l2cap.o)
    0x0000e53a   0x00000054   Code   RO         2197    i.l2capNotifyChannelEstEvt  CH57xBLE.LIB(l2cap_output.o)
    0x0000e58e   0x0000003a   Code   RO         2198    i.l2capNotifyChannelTermEvt  CH57xBLE.LIB(l2cap_output.o)
    0x0000e5c8   0x00000080   Code   RO         2199    i.l2capNotifyCreditEvt  CH57xBLE.LIB(l2cap_output.o)
    0x0000e648   0x00000046   Code   RO         2200    i.l2capNotifyData   CH57xBLE.LIB(l2cap_output.o)
    0x0000e68e   0x0000004e   Code   RO         2201    i.l2capNotifyEvent  CH57xBLE.LIB(l2cap_output.o)
    0x0000e6dc   0x0000004e   Code   RO         2202    i.l2capNotifySignal  CH57xBLE.LIB(l2cap_output.o)
    0x0000e72a   0x00000002   PAD
    0x0000e72c   0x00000040   Code   RO         1060    i.l2capNumActiveChannnels  CH57xBLE.LIB(l2cap.o)
    0x0000e76c   0x00000040   Code   RO         2170    i.l2capParseCmdReject  CH57xBLE.LIB(l2cap_input.o)
    0x0000e7ac   0x0000003e   Code   RO         2171    i.l2capParseConnectRsp  CH57xBLE.LIB(l2cap_input.o)
    0x0000e7ea   0x00000020   Code   RO         2172    i.l2capParseDisconnectReq  CH57xBLE.LIB(l2cap_input.o)
    0x0000e80a   0x00000020   Code   RO         2173    i.l2capParseDisconnectRsp  CH57xBLE.LIB(l2cap_input.o)
    0x0000e82a   0x00000060   Code   RO         2174    i.l2capParsePacket  CH57xBLE.LIB(l2cap_input.o)
    0x0000e88a   0x00000016   Code   RO         2175    i.l2capParseParamUpdateRsp  CH57xBLE.LIB(l2cap_input.o)
    0x0000e8a0   0x00000014   Code   RO         2176    i.l2capParseSignalHdr  CH57xBLE.LIB(l2cap_input.o)
    0x0000e8b4   0x000000c0   Code   RO         2177    i.l2capProcessConnectReq  CH57xBLE.LIB(l2cap_input.o)
    0x0000e974   0x00000134   Code   RO         2178    i.l2capProcessReq   CH57xBLE.LIB(l2cap_input.o)
    0x0000eaa8   0x0000010e   Code   RO         2179    i.l2capProcessRsp   CH57xBLE.LIB(l2cap_input.o)
    0x0000ebb6   0x00000002   PAD
    0x0000ebb8   0x000000e4   Code   RO         2180    i.l2capProcessRxData  CH57xBLE.LIB(l2cap_input.o)
    0x0000ec9c   0x0000011c   Code   RO         2203    i.l2capReassembleSegment  CH57xBLE.LIB(l2cap_output.o)
    0x0000edb8   0x00000054   Code   RO         2204    i.l2capSendCmd      CH57xBLE.LIB(l2cap_output.o)
    0x0000ee0c   0x00000088   Code   RO         2156    i.l2capSendConnectRsp  CH57xBLE.LIB(l2cap_sdu.o)
    0x0000ee94   0x00000050   Code   RO         2205    i.l2capSendFCPkt    CH57xBLE.LIB(l2cap_output.o)
    0x0000eee4   0x00000098   Code   RO         2206    i.l2capSendNextSegment  CH57xBLE.LIB(l2cap_output.o)
    0x0000ef7c   0x00000040   Code   RO         2207    i.l2capSendPkt      CH57xBLE.LIB(l2cap_output.o)
    0x0000efbc   0x0000009c   Code   RO         2208    i.l2capSendReq      CH57xBLE.LIB(l2cap_output.o)
    0x0000f058   0x000000c0   Code   RO         2209    i.l2capSendSegment  CH57xBLE.LIB(l2cap_output.o)
    0x0000f118   0x0000002c   Code   RO         1061    i.l2capStartTimer   CH57xBLE.LIB(l2cap.o)
    0x0000f144   0x00000010   Code   RO         1062    i.l2capStopTimer    CH57xBLE.LIB(l2cap.o)
    0x0000f154   0x0000001c   Code   RO         1148    i.leftshift_onebit  CH57xBLE.LIB(sm.o)
    0x0000f170   0x0000005c   Code   RO         1101    i.linkDB_Add        CH57xBLE.LIB(linkdb.o)
    0x0000f1cc   0x00000058   Code   RO         1102    i.linkDB_Authen     CH57xBLE.LIB(linkdb.o)
    0x0000f224   0x00000034   Code   RO         1103    i.linkDB_Find       CH57xBLE.LIB(linkdb.o)
    0x0000f258   0x00000040   Code   RO         1104    i.linkDB_FindFirst  CH57xBLE.LIB(linkdb.o)
    0x0000f298   0x00000040   Code   RO         1105    i.linkDB_Init       CH57xBLE.LIB(linkdb.o)
    0x0000f2d8   0x0000000e   Code   RO         1106    i.linkDB_MTU        CH57xBLE.LIB(linkdb.o)
    0x0000f2e6   0x00000002   PAD
    0x0000f2e8   0x00000030   Code   RO         1107    i.linkDB_NumActive  CH57xBLE.LIB(linkdb.o)
    0x0000f318   0x00000034   Code   RO         1109    i.linkDB_PerformFunc  CH57xBLE.LIB(linkdb.o)
    0x0000f34c   0x00000024   Code   RO         1110    i.linkDB_Register   CH57xBLE.LIB(linkdb.o)
    0x0000f370   0x00000036   Code   RO         1111    i.linkDB_Remove     CH57xBLE.LIB(linkdb.o)
    0x0000f3a6   0x0000000e   Code   RO         1112    i.linkDB_Role       CH57xBLE.LIB(linkdb.o)
    0x0000f3b4   0x00000020   Code   RO         1113    i.linkDB_State      CH57xBLE.LIB(linkdb.o)
    0x0000f3d4   0x0000001c   Code   RO         1115    i.linkDB_UpdateMTU  CH57xBLE.LIB(linkdb.o)
    0x0000f3f0   0x000000dc   Code   RO         2329    i.llMasterRx        CH57xBLE.LIB(ll_master.o)
    0x0000f4cc   0x000000fc   Code   RO         2288    i.llSlaveRx         CH57xBLE.LIB(ll_slave.o)
    0x0000f5c8   0x00000098   Code   RO         2361    i.ll_address_create_non_resolvable  CH57xBLE.LIB(ll_address.o)
    0x0000f660   0x00000070   Code   RO         2362    i.ll_address_create_static  CH57xBLE.LIB(ll_address.o)
    0x0000f6d0   0x0000008c   Code   RO         1510    i.ll_advertise_filter  CH57xBLE.LIB(ll_advertise.o)
    0x0000f75c   0x000000e4   Code   RO         1511    i.ll_advertise_generated_pdu  CH57xBLE.LIB(ll_advertise.o)
    0x0000f840   0x000001f8   Code   RO         1512    i.ll_advertise_rx   CH57xBLE.LIB(ll_advertise.o)
    0x0000fa38   0x00000048   Code   RO         1513    i.ll_advertise_tx   CH57xBLE.LIB(ll_advertise.o)
    0x0000fa80   0x00000134   Code   RO         2239    i.ll_connect_action_in_connintervaltimeout  CH57xBLE.LIB(ll_connect.o)
    0x0000fbb4   0x00000016   Code   RO         2240    i.ll_connect_auth_timeout  CH57xBLE.LIB(ll_connect.o)
    0x0000fbca   0x0000007a   Code   RO         2241    i.ll_connect_calculate_effective_len  CH57xBLE.LIB(ll_connect.o)
    0x0000fc44   0x0000000c   Code   RO         2242    i.ll_connect_flowcontrol_init  CH57xBLE.LIB(ll_connect.o)
    0x0000fc50   0x0000004c   Code   RO         2243    i.ll_connect_init_dataLen  CH57xBLE.LIB(ll_connect.o)
    0x0000fc9c   0x00000032   Code   RO         2244    i.ll_connect_init_pingOffset  CH57xBLE.LIB(ll_connect.o)
    0x0000fcce   0x00000026   Code   RO         2245    i.ll_connect_parse_datapdu_head  CH57xBLE.LIB(ll_connect.o)
    0x0000fcf4   0x0000001e   Code   RO         2246    i.ll_connect_procedure_timeout  CH57xBLE.LIB(ll_connect.o)
    0x0000fd12   0x00000002   PAD
    0x0000fd14   0x00000060   Code   RO         2247    i.ll_connect_send_data  CH57xBLE.LIB(ll_connect.o)
    0x0000fd74   0x0000002c   Code   RO         2248    i.ll_connect_set_auth_timeout  CH57xBLE.LIB(ll_connect.o)
    0x0000fda0   0x00000018   Code   RO         2249    i.ll_connect_set_connect_timeout  CH57xBLE.LIB(ll_connect.o)
    0x0000fdb8   0x00000034   Code   RO         2250    i.ll_connect_set_procedure_timeout  CH57xBLE.LIB(ll_connect.o)
    0x0000fdec   0x0000002e   Code   RO         2251    i.ll_connect_supervision_timeout  CH57xBLE.LIB(ll_connect.o)
    0x0000fe1a   0x0000000a   Code   RO          604    i.ll_hw_api_enc     CH57xBLE.LIB(ll_hw_api.o)
    0x0000fe24   0x00000020   Code   RO          605    i.ll_hw_api_init    CH57xBLE.LIB(ll_hw_api.o)
    0x0000fe44   0x0000000a   Code   RO          606    i.ll_hw_api_reset_enc  CH57xBLE.LIB(ll_hw_api.o)
    0x0000fe4e   0x00000002   PAD
    0x0000fe50   0x00000014   Code   RO          607    i.ll_hw_api_rx_set_txlen  CH57xBLE.LIB(ll_hw_api.o)
    0x0000fe64   0x00000008   Code   RO          608    i.ll_hw_api_set_channel  CH57xBLE.LIB(ll_hw_api.o)
    0x0000fe6c   0x00000014   Code   RO          609    i.ll_hw_api_set_pkt_dec  CH57xBLE.LIB(ll_hw_api.o)
    0x0000fe80   0x00000014   Code   RO          610    i.ll_hw_api_set_pkt_enc  CH57xBLE.LIB(ll_hw_api.o)
    0x0000fe94   0x00000040   Code   RO          611    i.ll_hw_temp_sample  CH57xBLE.LIB(ll_hw_api.o)
    0x0000fed4   0x0000002a   Code   RO         2330    i.ll_hw_timer_master_connect_update  CH57xBLE.LIB(ll_master.o)
    0x0000fefe   0x00000002   PAD
    0x0000ff00   0x00000044   Code   RO         2289    i.ll_hw_timer_renew_anchor_point  CH57xBLE.LIB(ll_slave.o)
    0x0000ff44   0x00000068   Code   RO         2290    i.ll_hw_timer_slave_connect_update  CH57xBLE.LIB(ll_slave.o)
    0x0000ffac   0x0000001e   Code   RO         2252    i.ll_hw_timer_window_widening  CH57xBLE.LIB(ll_connect.o)
    0x0000ffca   0x000000f2   Code   RO         1570    i.ll_initiate_filter  CH57xBLE.LIB(ll_initiate.o)
    0x000100bc   0x00000138   Code   RO         1571    i.ll_initiate_generated_req  CH57xBLE.LIB(ll_initiate.o)
    0x000101f4   0x00000088   Code   RO         1572    i.ll_initiate_rx    CH57xBLE.LIB(ll_initiate.o)
    0x0001027c   0x00000034   Code   RO         1573    i.ll_initiate_to_standby  CH57xBLE.LIB(ll_initiate.o)
    0x000102b0   0x000003ca   Code   RO         2331    i.ll_master_action_tx_ready  CH57xBLE.LIB(ll_master.o)
    0x0001067a   0x00000002   PAD
    0x0001067c   0x000000dc   Code   RO         2332    i.ll_master_initParameters  CH57xBLE.LIB(ll_master.o)
    0x00010758   0x000003d8   Code   RO         2333    i.ll_master_parse_datapdu_payload  CH57xBLE.LIB(ll_master.o)
    0x00010b30   0x0000018c   Code   RO         2334    i.ll_master_process_after_rx  CH57xBLE.LIB(ll_master.o)
    0x00010cbc   0x000000b0   Code   RO         2335    i.ll_master_rf_event_start  CH57xBLE.LIB(ll_master.o)
    0x00010d6c   0x000000b4   Code   RO         2336    i.ll_master_to_next_rf_event  CH57xBLE.LIB(ll_master.o)
    0x00010e20   0x00000052   Code   RO         1612    i.ll_resolvinglist_checkRPA  CH57xBLE.LIB(ll_resolvinglist.o)
    0x00010e72   0x00000002   PAD
    0x00010e74   0x00000048   Code   RO         1613    i.ll_resolvinglist_renew_rpa  CH57xBLE.LIB(ll_resolvinglist.o)
    0x00010ebc   0x00000104   Code   RO         1539    i.ll_scan_add_advertising_to_report  CH57xBLE.LIB(ll_scan.o)
    0x00010fc0   0x000000ac   Code   RO         1540    i.ll_scan_filter    CH57xBLE.LIB(ll_scan.o)
    0x0001106c   0x000000b0   Code   RO         1541    i.ll_scan_generated_req  CH57xBLE.LIB(ll_scan.o)
    0x0001111c   0x0000001e   Code   RO         1542    i.ll_scan_remove_all_report  CH57xBLE.LIB(ll_scan.o)
    0x0001113a   0x00000002   PAD
    0x0001113c   0x00000108   Code   RO         1543    i.ll_scan_rx        CH57xBLE.LIB(ll_scan.o)
    0x00011244   0x00000034   Code   RO         1544    i.ll_scan_to_standby  CH57xBLE.LIB(ll_scan.o)
    0x00011278   0x00000416   Code   RO         2291    i.ll_slave_action_tx_ready  CH57xBLE.LIB(ll_slave.o)
    0x0001168e   0x0000009e   Code   RO         2292    i.ll_slave_encrypt_req  CH57xBLE.LIB(ll_slave.o)
    0x0001172c   0x000000a4   Code   RO         2293    i.ll_slave_initParameters  CH57xBLE.LIB(ll_slave.o)
    0x000117d0   0x00000328   Code   RO         2294    i.ll_slave_parse_datapdu_payload  CH57xBLE.LIB(ll_slave.o)
    0x00011af8   0x000001a8   Code   RO         2295    i.ll_slave_process_after_tx  CH57xBLE.LIB(ll_slave.o)
    0x00011ca0   0x000000c8   Code   RO         2296    i.ll_slave_rf_event_start  CH57xBLE.LIB(ll_slave.o)
    0x00011d68   0x000000d0   Code   RO         2297    i.ll_slave_to_next_rf_event  CH57xBLE.LIB(ll_slave.o)
    0x00011e38   0x00000026   Code   RO         1149    i.padding           CH57xBLE.LIB(sm.o)
    0x00011e5e   0x00000002   PAD
    0x00011e60   0x00000024   Code   RO         1116    i.reportStatusChange  CH57xBLE.LIB(linkdb.o)
    0x00011e84   0x000000dc   Code   RO          694    i.sendAuthEvent     CH57xBLE.LIB(gap.o)
    0x00011f60   0x0000002a   Code   RO          695    i.sendTerminateEvent  CH57xBLE.LIB(gap.o)
    0x00011f8a   0x00000002   PAD
    0x00011f8c   0x00000050   Code   RO         1150    i.setupInitiatorKeys  CH57xBLE.LIB(sm.o)
    0x00011fdc   0x00000024   Code   RO         1152    i.smDetermineKeySize  CH57xBLE.LIB(sm.o)
    0x00012000   0x00000028   Code   RO         1153    i.smEndPairing      CH57xBLE.LIB(sm.o)
    0x00012028   0x00000058   Code   RO         1154    i.smFreePairingParams  CH57xBLE.LIB(sm.o)
    0x00012080   0x0000002c   Code   RO         1155    i.smGenerateConfirm  CH57xBLE.LIB(sm.o)
    0x000120ac   0x0000003c   Code   RO         1156    i.smGeneratePairingReqRsp  CH57xBLE.LIB(sm.o)
    0x000120e8   0x00000028   Code   RO          696    i.smGenerateRandBuf  CH57xBLE.LIB(gap.o)
    0x00012110   0x0000002c   Code   RO         1157    i.smGenerateRandMsg  CH57xBLE.LIB(sm.o)
    0x0001213c   0x00000188   Code   RO         1158    i.smInitiatorSendNextKeyInfo  CH57xBLE.LIB(sm.o)
    0x000122c4   0x00000020   Code   RO         1159    i.smLinkCheck       CH57xBLE.LIB(sm.o)
    0x000122e4   0x00000038   Code   RO         1160    i.smNextPairingState  CH57xBLE.LIB(sm.o)
    0x0001231c   0x00000014   Code   RO         1161    i.smPairingSendEncInfo  CH57xBLE.LIB(sm.o)
    0x00012330   0x00000028   Code   RO         1162    i.smPairingSendIdentityAddrInfo  CH57xBLE.LIB(sm.o)
    0x00012358   0x00000014   Code   RO         1163    i.smPairingSendIdentityInfo  CH57xBLE.LIB(sm.o)
    0x0001236c   0x00000028   Code   RO         1164    i.smPairingSendMasterID  CH57xBLE.LIB(sm.o)
    0x00012394   0x00000014   Code   RO         1165    i.smPairingSendSingingInfo  CH57xBLE.LIB(sm.o)
    0x000123a8   0x000000c8   Code   RO         1166    i.smProcessDataMsg  CH57xBLE.LIB(sm.o)
    0x00012470   0x000000b4   Code   RO         1167    i.smProcessEncryptChange  CH57xBLE.LIB(sm.o)
    0x00012524   0x0000004c   Code   RO         1168    i.smProcessPairingReq  CH57xBLE.LIB(sm.o)
    0x00012570   0x00000078   Code   RO         1169    i.smProcessRandComplete  CH57xBLE.LIB(sm.o)
    0x000125e8   0x00000088   Code   RO         1170    i.smProcessTMOSMsg  CH57xBLE.LIB(sm.o)
    0x00012670   0x000000e0   Code   RO         1173    i.smResponderProcessLTKReq  CH57xBLE.LIB(sm.o)
    0x00012750   0x000001a8   Code   RO         1174    i.smResponderSendNextKeyInfo  CH57xBLE.LIB(sm.o)
    0x000128f8   0x0000016c   Code   RO         1175    i.smSavePairInfo    CH57xBLE.LIB(sm.o)
    0x00012a64   0x00000020   Code   RO         1176    i.smSendFailAndEnd  CH57xBLE.LIB(sm.o)
    0x00012a84   0x00000048   Code   RO         1177    i.smSendSMMsg       CH57xBLE.LIB(sm.o)
    0x00012acc   0x00000044   Code   RO         1178    i.smSetPairingReqRsp  CH57xBLE.LIB(sm.o)
    0x00012b10   0x00000020   Code   RO         1179    i.smStartEncryption  CH57xBLE.LIB(sm.o)
    0x00012b30   0x0000001c   Code   RO         1180    i.smStartRspTimer   CH57xBLE.LIB(sm.o)
    0x00012b4c   0x00000014   Code   RO         1181    i.smStopRspTimer    CH57xBLE.LIB(sm.o)
    0x00012b60   0x00000004   Code   RO         1183    i.smUint8ToAuthReq  CH57xBLE.LIB(sm.o)
    0x00012b64   0x00000126   Code   RO         1184    i.sm_CMAC           CH57xBLE.LIB(sm.o)
    0x00012c8a   0x0000005a   Code   RO         1185    i.sm_ah             CH57xBLE.LIB(sm.o)
    0x00012ce4   0x00000090   Code   RO         1186    i.sm_c1             CH57xBLE.LIB(sm.o)
    0x00012d74   0x000000e0   Code   RO         1187    i.sm_c1new          CH57xBLE.LIB(sm.o)
    0x00012e54   0x00000062   Code   RO         1188    i.sm_s1             CH57xBLE.LIB(sm.o)
    0x00012eb6   0x00000016   Code   RO         1189    i.sm_xor            CH57xBLE.LIB(sm.o)
    0x00012ecc   0x00000020   Code   RO         1190    i.smpBuildEncInfo   CH57xBLE.LIB(sm.o)
    0x00012eec   0x00000024   Code   RO         1191    i.smpBuildIdentityAddrInfo  CH57xBLE.LIB(sm.o)
    0x00012f10   0x00000020   Code   RO         1192    i.smpBuildIdentityInfo  CH57xBLE.LIB(sm.o)
    0x00012f30   0x0000002a   Code   RO         1193    i.smpBuildMasterID  CH57xBLE.LIB(sm.o)
    0x00012f5a   0x00000020   Code   RO         1194    i.smpBuildPairingConfirm  CH57xBLE.LIB(sm.o)
    0x00012f7a   0x00000018   Code   RO         1195    i.smpBuildPairingFailed  CH57xBLE.LIB(sm.o)
    0x00012f92   0x00000020   Code   RO         1196    i.smpBuildPairingRandom  CH57xBLE.LIB(sm.o)
    0x00012fb2   0x0000000e   Code   RO         1197    i.smpBuildPairingReq  CH57xBLE.LIB(sm.o)
    0x00012fc0   0x00000092   Code   RO         1198    i.smpBuildPairingReqRsp  CH57xBLE.LIB(sm.o)
    0x00013052   0x0000000e   Code   RO         1199    i.smpBuildPairingRsp  CH57xBLE.LIB(sm.o)
    0x00013060   0x00000018   Code   RO         1200    i.smpBuildSecurityReq  CH57xBLE.LIB(sm.o)
    0x00013078   0x00000020   Code   RO         1201    i.smpBuildSigningInfo  CH57xBLE.LIB(sm.o)
    0x00013098   0x000001e8   Code   RO         1202    i.smpInitiatorProcessIncoming  CH57xBLE.LIB(sm.o)
    0x00013280   0x000000cc   Code   RO         1203    i.smpInitiatorProcessPairingRsp  CH57xBLE.LIB(sm.o)
    0x0001334c   0x0000001e   Code   RO         1204    i.smpParseEncInfo   CH57xBLE.LIB(sm.o)
    0x0001336a   0x00000022   Code   RO         1205    i.smpParseIdentityAddrInfo  CH57xBLE.LIB(sm.o)
    0x0001338c   0x0000001e   Code   RO         1206    i.smpParseIdentityInfo  CH57xBLE.LIB(sm.o)
    0x000133aa   0x00000028   Code   RO         1207    i.smpParseMasterID  CH57xBLE.LIB(sm.o)
    0x000133d2   0x0000001e   Code   RO         1208    i.smpParsePairingConfirm  CH57xBLE.LIB(sm.o)
    0x000133f0   0x00000020   Code   RO         1209    i.smpParsePairingFailed  CH57xBLE.LIB(sm.o)
    0x00013410   0x0000001e   Code   RO         1210    i.smpParsePairingRandom  CH57xBLE.LIB(sm.o)
    0x0001342e   0x00000002   PAD
    0x00013430   0x000000fc   Code   RO         1211    i.smpParsePairingReq  CH57xBLE.LIB(sm.o)
    0x0001352c   0x00000014   Code   RO         1212    i.smpParseSecurityReq  CH57xBLE.LIB(sm.o)
    0x00013540   0x0000001e   Code   RO         1213    i.smpParseSigningInfo  CH57xBLE.LIB(sm.o)
    0x0001355e   0x00000002   PAD
    0x00013560   0x000001ec   Code   RO         1214    i.smpResponderProcessIncoming  CH57xBLE.LIB(sm.o)
    0x0001374c   0x000000a8   Code   RO         1215    i.smpResponderProcessPairingReq  CH57xBLE.LIB(sm.o)
    0x000137f4   0x00000020   Code   RO          494    i.tmosFindTask      CH57xBLE.LIB(tmos.o)
    0x00013814   0x00000034   Code   RO         1402    i.tmos_bm_adjust_header  CH57xBLE.LIB(memory.o)
    0x00013848   0x00000024   Code   RO          495    i.tmos_clear_event  CH57xBLE.LIB(tmos.o)
    0x0001386c   0x00000012   Code   RO          497    i.tmos_get_task_timer  CH57xBLE.LIB(tmos.o)
    0x0001387e   0x0000001e   Code   RO          498    i.tmos_isbufset     CH57xBLE.LIB(tmos.o)
    0x0001389c   0x0000001c   Code   RO          499    i.tmos_memcmp       CH57xBLE.LIB(tmos.o)
    0x000138b8   0x00000018   Code   RO          500    i.tmos_memcpy       CH57xBLE.LIB(tmos.o)
    0x000138d0   0x0000001e   Code   RO          501    i.tmos_memdup       CH57xBLE.LIB(tmos.o)
    0x000138ee   0x00000002   PAD
    0x000138f0   0x0000007c   Code   RO         1403    i.tmos_memory_allocate  CH57xBLE.LIB(memory.o)
    0x0001396c   0x0000006c   Code   RO         1404    i.tmos_memory_free  CH57xBLE.LIB(memory.o)
    0x000139d8   0x00000050   Code   RO         1405    i.tmos_memory_init  CH57xBLE.LIB(memory.o)
    0x00013a28   0x00000010   Code   RO          502    i.tmos_memset       CH57xBLE.LIB(tmos.o)
    0x00013a38   0x00000028   Code   RO          550    i.tmos_msg_allocate  CH57xBLE.LIB(message.o)
    0x00013a60   0x00000020   Code   RO          551    i.tmos_msg_deallocate  CH57xBLE.LIB(message.o)
    0x00013a80   0x00000024   Code   RO          552    i.tmos_msg_enqueue  CH57xBLE.LIB(message.o)
    0x00013aa4   0x00000070   Code   RO          555    i.tmos_msg_receive  CH57xBLE.LIB(message.o)
    0x00013b14   0x00000058   Code   RO          556    i.tmos_msg_send     CH57xBLE.LIB(message.o)
    0x00013b6c   0x000000f0   Code   RO          503    i.tmos_query_system_time  CH57xBLE.LIB(tmos.o)
    0x00013c5c   0x0000002c   Code   RO          504    i.tmos_rand         CH57xBLE.LIB(tmos.o)
    0x00013c88   0x00000012   Code   RO          505    i.tmos_revmemcpy    CH57xBLE.LIB(tmos.o)
    0x00013c9a   0x00000002   PAD
    0x00013c9c   0x00000024   Code   RO          506    i.tmos_set_event    CH57xBLE.LIB(tmos.o)
    0x00013cc0   0x00000018   Code   RO         1416    i.tmos_snv_clear    CH57xBLE.LIB(tmos_snv.o)
    0x00013cd8   0x00000004   Code   RO         1417    i.tmos_snv_compact  CH57xBLE.LIB(tmos_snv.o)
    0x00013cdc   0x00000068   Code   RO         1418    i.tmos_snv_init     CH57xBLE.LIB(tmos_snv.o)
    0x00013d44   0x00000040   Code   RO         1419    i.tmos_snv_notify   CH57xBLE.LIB(tmos_snv.o)
    0x00013d84   0x00000080   Code   RO         1420    i.tmos_snv_read     CH57xBLE.LIB(tmos_snv.o)
    0x00013e04   0x0000017c   Code   RO         1421    i.tmos_snv_write    CH57xBLE.LIB(tmos_snv.o)
    0x00013f80   0x00000058   Code   RO          507    i.tmos_start_callback_task  CH57xBLE.LIB(tmos.o)
    0x00013fd8   0x00000016   Code   RO          508    i.tmos_start_reload_task  CH57xBLE.LIB(tmos.o)
    0x00013fee   0x00000002   PAD
    0x00013ff0   0x0000005c   Code   RO          509    i.tmos_start_task   CH57xBLE.LIB(tmos.o)
    0x0001404c   0x00000034   Code   RO          510    i.tmos_stop_callback_task  CH57xBLE.LIB(tmos.o)
    0x00014080   0x00000022   Code   RO          511    i.tmos_stop_task    CH57xBLE.LIB(tmos.o)
    0x000140a2   0x00000012   Code   RO          512    i.tmos_strlen       CH57xBLE.LIB(tmos.o)
    0x000140b4   0x00000040   Code   RO          513    i.tmos_update_callback_timer  CH57xBLE.LIB(tmos.o)
    0x000140f4   0x00000070   Code   RO          514    i.tmos_update_task_time  CH57xBLE.LIB(tmos.o)
    0x00014164   0x00000016   Code   RO         1216    i.xor_128           CH57xBLE.LIB(sm.o)
    0x0001417a   0x00000015   Data   RO            4    .constdata          hidkbd.o
    0x0001418f   0x00000001   PAD
    0x00014190   0x0000000c   Data   RO          168    .constdata          battservice.o
    0x0001419c   0x0000008d   Data   RO          195    .constdata          devinfoservice.o
    0x00014229   0x00000003   PAD
    0x0001422c   0x00000008   Data   RO          216    .constdata          hiddev.o
    0x00014234   0x0000005c   Data   RO          242    .constdata          hidkbdservice.o
    0x00014290   0x00000010   Data   RO          262    .constdata          scanparamservice.o
    0x000142a0   0x00000014   Data   RO          575    .constdata          CH57xBLE.LIB(ll.o)
    0x000142b4   0x00000008   Data   RO          766    .constdata          CH57xBLE.LIB(gapgattserver.o)
    0x000142bc   0x0000002a   Data   RO         1301    .constdata          CH57xBLE.LIB(gatt_uuid.o)
    0x000142e6   0x00000002   Data   RO         1302    .constdata          CH57xBLE.LIB(gatt_uuid.o)
    0x000142e8   0x00000010   Data   RO         1892    .constdata          CH57xBLE.LIB(att.o)
    0x000142f8   0x00000020   Data   RO         2926    Region$$Table       anon$$obj.o


    Execution Region RW_IRAM1 (Base: 0x20004000, Size: 0x000026e8, Max: 0x00004000, ABSOLUTE, COMPRESSED[0x00000358])

    Base Addr    Size         Type   Attr      Idx    E Section Name        Object

    0x20004000   0x0000003d   Data   RW            5    .data               hidkbd.o
    0x2000403d   0x00000003   PAD
    0x20004040   0x00000031   Data   RW          120    .data               hidkbd_main.o
    0x20004071   0x00000003   PAD
    0x20004074   0x00000078   Data   RW          169    .data               battservice.o
    0x200040ec   0x00000154   Data   RW          196    .data               devinfoservice.o
    0x20004240   0x00000024   Data   RW          217    .data               hiddev.o
    0x20004264   0x000001c8   Data   RW          243    .data               hidkbdservice.o
    0x2000442c   0x00000078   Data   RW          263    .data               scanparamservice.o
    0x200044a4   0x00000001   Data   RW          391    .data               mcu.o
    0x200044a5   0x00000003   PAD
    0x200044a8   0x00000004   Data   RW          435    .data               rtc.o
    0x200044ac   0x00000030   Data   RW          516    .data               CH57xBLE.LIB(tmos.o)
    0x200044dc   0x00000004   Data   RW          557    .data               CH57xBLE.LIB(message.o)
    0x200044e0   0x00000010   Data   RW          612    .data               CH57xBLE.LIB(ll_hw_api.o)
    0x200044f0   0x0000007e   Data   RW          698    .data               CH57xBLE.LIB(gap.o)
    0x2000456e   0x00000002   PAD
    0x20004570   0x000000ac   Data   RW          767    .data               CH57xBLE.LIB(gapgattserver.o)
    0x2000461c   0x00000001   Data   RW          768    .data               CH57xBLE.LIB(gapgattserver.o)
    0x2000461d   0x00000001   Data   RW          769    .data               CH57xBLE.LIB(gapgattserver.o)
    0x2000461e   0x00000001   Data   RW          770    .data               CH57xBLE.LIB(gapgattserver.o)
    0x2000461f   0x00000001   Data   RW          771    .data               CH57xBLE.LIB(gapgattserver.o)
    0x20004620   0x0000000c   Data   RW          834    .data               CH57xBLE.LIB(gatt.o)
    0x2000462c   0x00000001   Data   RW          955    .data               CH57xBLE.LIB(gattservapp.o)
    0x2000462d   0x00000003   PAD
    0x20004630   0x000000c0   Data   RW          956    .data               CH57xBLE.LIB(gattservapp.o)
    0x200046f0   0x00000008   Data   RW          957    .data               CH57xBLE.LIB(gattservapp.o)
    0x200046f8   0x00000014   Data   RW         1064    .data               CH57xBLE.LIB(l2cap.o)
    0x2000470c   0x00000001   Data   RW         1065    .data               CH57xBLE.LIB(l2cap.o)
    0x2000470d   0x00000001   Data   RW         1066    .data               CH57xBLE.LIB(l2cap.o)
    0x2000470e   0x00000001   Data   RW         1118    .data               CH57xBLE.LIB(linkdb.o)
    0x2000470f   0x00000001   PAD
    0x20004710   0x00000054   Data   RW         1217    .data               CH57xBLE.LIB(sm.o)
    0x20004764   0x0000000c   Data   RW         1314    .data               CH57xBLE.LIB(peripheral.o)
    0x20004770   0x00000028   Data   RW         1360    .data               CH57xBLE.LIB(gapbondmgr.o)
    0x20004798   0x00000059   Data   RW         1399    .data               CH57xBLE.LIB(role.o)
    0x200047f1   0x00000003   PAD
    0x200047f4   0x00000010   Data   RW         1406    .data               CH57xBLE.LIB(memory.o)
    0x20004804   0x00000004   Data   RW         1441    .data               CH57xBLE.LIB(aes.o)
    0x20004808   0x00000008   Data   RW         1454    .data               CH57xBLE.LIB(bb.o)
    0x20004810   0x00000004   Data   RW         1461    .data               CH57xBLE.LIB(dma.o)
    0x20004814   0x00000004   Data   RW         1469    .data               CH57xBLE.LIB(lle.o)
    0x20004818   0x00000004   Data   RW         1481    .data               CH57xBLE.LIB(rfend.o)
    0x2000481c   0x00000004   Data   RW         1692    .data               CH57xBLE.LIB(ctl_input.o)
    0x20004820   0x00000008   Data   RW         1774    .data               CH57xBLE.LIB(host_input.o)
    0x20004828   0x00000008   Data   RW         1893    .data               CH57xBLE.LIB(att.o)
    0x20004830   0x0000001c   Data   RW         2059    .data               CH57xBLE.LIB(gap_central.o)
    0x2000484c   0x00000020   Data   RW         2093    .data               CH57xBLE.LIB(gap_peripheral.o)
    0x2000486c   0x00000008   Data   RW         2298    .data               CH57xBLE.LIB(ll_slave.o)
    0x20004874   0x0000000c   Data   RW         2337    .data               CH57xBLE.LIB(ll_master.o)
    0x20004880   0x00000004   Data   RW         2904    .data               mc_p.l(stdout.o)
    0x20004884   0x00000010   Zero   RW          167    .bss                battservice.o
    0x20004894   0x00000084   Zero   RW          215    .bss                hiddev.o
    0x20004918   0x00000058   Zero   RW          241    .bss                hidkbdservice.o
    0x20004970   0x00000010   Zero   RW          261    .bss                scanparamservice.o
    0x20004980   0x00001000   Zero   RW          390    .bss                mcu.o
    0x20005980   0x000000c0   Zero   RW          515    .bss                CH57xBLE.LIB(tmos.o)
    0x20005a40   0x000009c8   Zero   RW          574    .bss                CH57xBLE.LIB(ll.o)
    0x20006408   0x00000020   Zero   RW          697    .bss                CH57xBLE.LIB(gap.o)
    0x20006428   0x00000016   Zero   RW          765    .bss                CH57xBLE.LIB(gapgattserver.o)
    0x2000643e   0x00000002   PAD
    0x20006440   0x000000f6   Zero   RW          954    .bss                CH57xBLE.LIB(gattservapp.o)
    0x20006536   0x00000002   PAD
    0x20006538   0x00000030   Zero   RW         1063    .bss                CH57xBLE.LIB(l2cap.o)
    0x20006568   0x000000b4   Zero   RW         1117    .bss                CH57xBLE.LIB(linkdb.o)
    0x2000661c   0x00000020   Zero   RW         1313    .bss                CH57xBLE.LIB(peripheral.o)
    0x2000663c   0x0000003a   Zero   RW         1359    .bss                CH57xBLE.LIB(gapbondmgr.o)
    0x20006676   0x0000003f   Zero   RW         1398    .bss                CH57xBLE.LIB(role.o)
    0x200066b5   0x00000003   PAD
    0x200066b8   0x00000030   Zero   RW         1440    .bss                CH57xBLE.LIB(aes.o)


==============================================================================

Image component sizes


      Code (inc. data)   RO Data    RW Data    ZI Data      Debug   Object Name

       796         70         12        120         16      45249   battservice.o
      1424         42          0          0          0       4089   ch57x_clk.o
       644         20          0          0          0       1695   ch57x_gpio.o
       300         18          0          0          0       2243   ch57x_sys.o
       196         10          0          0          0       1671   ch57x_uart1.o
       736         66        141        340          0       4181   devinfoservice.o
      2820        238          8         36        132      12303   hiddev.o
       692         40         21         61          0      96588   hidkbd.o
       176         12          0         49          0      35468   hidkbd_main.o
       472         56         92        456         88       9303   hidkbdservice.o
       520        106          0          1       4096      41910   mcu.o
        92         12          0          4          0       1099   rtc.o
       432         32         16        120         16       5038   scanparamservice.o
        28         10        144          0          0        628   startup_armcm0.o

    ----------------------------------------------------------------------
      9328        732        470       1196       4348     261465   Object Totals
         0          0         32          0          0          0   (incl. Generated)
         0          0          4          9          0          0   (incl. Padding)

    ----------------------------------------------------------------------

      Code (inc. data)   RO Data    RW Data    ZI Data      Debug   Library Member Name

       800         34          0          4         48        284   aes.o
       698        104          0          0          0       1468   api_c.o
       550         36         16          8          0        716   att.o
      1054         58          0          0          0       2160   att_server.o
       148         48          0          8          0        252   bb.o
      2480         98          0          4          0       1800   ctl_input.o
       240          0          0          0          0       1468   ctl_output.o
        48         12          0          4          0         60   dma.o
      3910        284          0        126         32       3720   gap.o
      1588         80          0         28          0        868   gap_central.o
      1496        180          0         32          0        952   gap_peripheral.o
      4062        240          0         40         58       2524   gapbondmgr.o
       930         50          8        176         22        516   gapgattserver.o
       968         82          0         12          0       1064   gatt.o
         0          0         44          0          0          0   gatt_uuid.o
      6634        270          0        201        246       4456   gattservapp.o
      1380        116          0          8          0       1504   host_input.o
       268          6          0          0          0       1528   host_output.o
      1476        122          0         22         48       1732   l2cap.o
      1378         26          0          0          0        820   l2cap_input.o
      1928         82          0          0          0       1244   l2cap_output.o
       476         36          0          0          0        724   l2cap_sdu.o
       674         72          0          1        180        988   linkdb.o
       766         66         20          0       2504        492   ll.o
       444         30          0          0          0        300   ll_address.o
      1880         80          0          0          0        844   ll_advertise.o
      1388         40          0          0          0       1400   ll_connect.o
       268         22          0          0          0        272   ll_core.o
       248          0          0          0          0        204   ll_hop.o
      1664        186          0         16          0       1648   ll_hw_api.o
      1174         76          0          0          0        572   ll_initiate.o
      3924        112          0         12          0       1076   ll_master.o
      1908         22          0          0          0       1892   ll_pdu.o
      1398         18          0          0          0        156   ll_report.o
       450         42          0          0          0        580   ll_resolvinglist.o
      1530         92          0          0          0        932   ll_scan.o
      4340        126          0          8          0       1340   ll_slave.o
       196         18          0          0          0        280   ll_whitelist.o
       472         34          0          4          0        212   lle.o
       364         30          0         16          0        284   memory.o
       308         14          0          4          0        340   message.o
      1760        346          0         12         32        576   peripheral.o
      3560         34          0          4          0        344   rfend.o
       788         84          0         89         63        148   role.o
      7566        302          0         84          0       5460   sm.o
      1618        160          0         48        192       1884   tmos.o
       826         40          0          0          0        628   tmos_snv.o
        86          0          0          0          0          0   __dczerorl2.o
         0          0          0          0          0          0   entry.o
         0          0          0          0          0          0   entry10a.o
         0          0          0          0          0          0   entry11a.o
         8          4          0          0          0          0   entry2.o
         4          0          0          0          0          0   entry5.o
         0          0          0          0          0          0   entry7b.o
         0          0          0          0          0          0   entry8b.o
         8          4          0          0          0          0   entry9a.o
        30          0          0          0          0          0   handlers.o
        40          0          0          0          0         72   idiv.o
        36          8          0          0          0         68   init.o
       122          0          0          0          0         84   llmul.o
        32          0          0          0          0         68   llshl.o
        36          0          0          0          0         60   memcpya.o
       242          8          0          0          0        168   printf2.o
         0          0          0          4          0          0   stdout.o
        44          0          0          0          0         72   uidiv.o

    ----------------------------------------------------------------------
     72826       4034         88        984       3432      53304   Library Totals
       112          0          0          9          7          0   (incl. Padding)

    ----------------------------------------------------------------------

      Code (inc. data)   RO Data    RW Data    ZI Data      Debug   Library Name

     72026       4010         88        971       3425      52712   CH57xBLE.LIB
       688         24          0          4          0        592   mc_p.l

    ----------------------------------------------------------------------
     72826       4034         88        984       3432      53304   Library Totals

    ----------------------------------------------------------------------

==============================================================================


      Code (inc. data)   RO Data    RW Data    ZI Data      Debug   

     82154       4766        558       2180       7780     281113   Grand Totals
     82154       4766        558        856       7780     281113   ELF Image Totals (compressed)
     82154       4766        558        856          0          0   ROM Totals

==============================================================================

    Total RO  Size (Code + RO Data)                82712 (  80.77kB)
    Total RW  Size (RW Data + ZI Data)              9960 (   9.73kB)
    Total ROM Size (Code + RO Data + RW Data)      83568 (  81.61kB)

==============================================================================

