Component: ARM Compiler 5.06 update 3 (build 300) Tool: armlink [4d35c9]

==============================================================================

Image Symbol Table

    Local Symbols

    Symbol Name                              Value     Ov Type        Size  Object(Section)

    .text                                    0x00000000   Section        0  flashprg.o(.text)
    FlashDev.c                               0x00000000   Number         0  flashdev.o ABSOLUTE
    FlashPrg.c                               0x00000000   Number         0  flashprg.o ABSOLUTE
    .constdata                               0x000000a8   Section     4256  flashdev.o(.constdata)

    Global Symbols

    Symbol Name                              Value     Ov Type        Size  Object(Section)

    BuildAttributes$$THM_ISAv3M$S$PE$A:L22$X:L11$S22$IEEE1$IW$RWPI$~STKCKD$USESV7$~SHL$OSPACE$ROPI$EBA8$STANDARDLIB$REQ8$PRES8$EABIv2 0x00000000   Number         0  anon$$obj.o ABSOLUTE
    Init                                     0x00000001   Thumb Code    14  flashprg.o(.text)
    UnInit                                   0x0000000f   Thumb Code    12  flashprg.o(.text)
    EraseChip                                0x0000001b   Thumb Code    48  flashprg.o(.text)
    EraseSector                              0x0000004b   Thumb Code    32  flashprg.o(.text)
    ProgramPage                              0x0000006b   Thumb Code    52  flashprg.o(.text)
    FlashDevice                              0x000000a8   Data        4256  flashdev.o(.constdata)



==============================================================================

Memory Map of the image

  Image entry point : Not specified.

  Load Region PRG (Base: 0x00000000, Size: 0x000000a8, Max: 0xffffffff, PI)

    Execution Region PrgCode (Base: 0x00000000, Size: 0x000000a4, Max: 0xffffffff, PI)

    Base Addr    Size         Type   Attr      Idx    E Section Name        Object

    0x00000000   0x000000a4   Code   RO            1    .text               flashprg.o


    Execution Region PrgData (Base: 0x000000a4, Size: 0x00000004, Max: 0xffffffff, PI)

    Base Addr    Size         Type   Attr      Idx    E Section Name        Object

    0x000000a4   0x00000004   Data   RW           27    PDT$$ptr            anon$$obj.o



  Load Region DSCR (Base: 0x000000a8, Size: 0x000010a0, Max: 0xffffffff, PI)

    Execution Region DevDscr (Base: 0x000000a8, Size: 0x000010a0, Max: 0xffffffff, PI)

    Base Addr    Size         Type   Attr      Idx    E Section Name        Object

    0x000000a8   0x000010a0   Data   RO           18    .constdata          flashdev.o


==============================================================================

Image component sizes


      Code (inc. data)   RO Data    RW Data    ZI Data      Debug   Object Name

         0          0       4256          0          0        550   flashdev.o
       164          6          0          0          0       4640   flashprg.o

    ----------------------------------------------------------------------
       164          6       4256          4          0       5190   Object Totals
         0          0          0          4          0          0   (incl. Generated)
         0          0          0          0          0          0   (incl. Padding)

    ----------------------------------------------------------------------
         0          0          0          0          0          0   Library Totals
         0          0          0          0          0          0   (incl. Padding)

    ----------------------------------------------------------------------

==============================================================================


      Code (inc. data)   RO Data    RW Data    ZI Data      Debug   

       164          6       4256          4          0       5190   Grand Totals
       164          6       4256          4          0       5190   ELF Image Totals
       164          6       4256          4          0          0   ROM Totals

==============================================================================

    Total RO  Size (Code + RO Data)                 4420 (   4.32kB)
    Total RW  Size (RW Data + ZI Data)                 4 (   0.00kB)
    Total ROM Size (Code + RO Data + RW Data)       4424 (   4.32kB)

==============================================================================

